<?xml version="1.0" encoding="ISO-8859-1" ?>
<link_info>
   <banner>TI ARM Clang Linker PC v4.0.3.LTS</banner>
   <copyright>Copyright (c) 1996-2018 Texas Instruments Incorporated</copyright>
   <command_line>D:\APPS\CCS\ccs\tools\compiler\ti-cgt-armllvm_4.0.3.LTS\bin\tiarmlnk -ID:\APPS\CCS\ccs\tools\compiler\ti-cgt-armllvm_4.0.3.LTS\lib -o 25G_Project.out -m25G_Project.map -iD:/APPS/TIM0/mspm0_sdk_2_05_01_00/source -iC:/Users/elpam/workspace_ccstheia/25G_Project -iC:/Users/elpam/workspace_ccstheia/25G_Project/Debug/syscfg -iD:/APPS/CCS/ccs/tools/compiler/ti-cgt-armllvm_4.0.3.LTS/lib --diag_wrap=off --display_error_number --warn_sections --xml_link_info=25G_Project_linkInfo.xml --rom_model ./adc12_simultaneous_trigger_event.o ./ti_msp_dl_config.o ./startup_mspm0g351x_ticlang.o ./FFT/CFFT.o ./LCD_Driver/LCD.o ./dsp_9910/dsp_9910.o -l./device_linker.cmd -ldevice.cmd.genlibs -llibc.a -lD:/APPS/TIM0/mspm0_sdk_2_05_01_00/source/third_party/CMSIS/DSP/lib/ticlang/m0p/arm_cortexM0l_math.a --start-group -llibc++.a -llibc++abi.a -llibc.a -llibsys.a -llibsysbm.a -llibclang_rt.builtins.a -llibclang_rt.profile.a --end-group --cg_opt_level=0</command_line>
   <link_time>0x688de691</link_time>
   <link_errors>0x0</link_errors>
   <output_file>C:\Users\elpam\workspace_ccstheia\25G_Project\Debug\25G_Project.out</output_file>
   <entry_point>
      <name>_c_int00_noargs</name>
      <address>0x7051</address>
   </entry_point>
   <input_file_list>
      <input_file id="fl-1">
         <path>C:\Users\elpam\workspace_ccstheia\25G_Project\Debug\.\</path>
         <kind>object</kind>
         <file>adc12_simultaneous_trigger_event.o</file>
         <name>adc12_simultaneous_trigger_event.o</name>
      </input_file>
      <input_file id="fl-2">
         <path>C:\Users\elpam\workspace_ccstheia\25G_Project\Debug\.\</path>
         <kind>object</kind>
         <file>ti_msp_dl_config.o</file>
         <name>ti_msp_dl_config.o</name>
      </input_file>
      <input_file id="fl-3">
         <path>C:\Users\elpam\workspace_ccstheia\25G_Project\Debug\.\</path>
         <kind>object</kind>
         <file>startup_mspm0g351x_ticlang.o</file>
         <name>startup_mspm0g351x_ticlang.o</name>
      </input_file>
      <input_file id="fl-4">
         <path>C:\Users\elpam\workspace_ccstheia\25G_Project\Debug\.\FFT\</path>
         <kind>object</kind>
         <file>CFFT.o</file>
         <name>CFFT.o</name>
      </input_file>
      <input_file id="fl-5">
         <path>C:\Users\elpam\workspace_ccstheia\25G_Project\Debug\.\LCD_Driver\</path>
         <kind>object</kind>
         <file>LCD.o</file>
         <name>LCD.o</name>
      </input_file>
      <input_file id="fl-6">
         <path>C:\Users\elpam\workspace_ccstheia\25G_Project\Debug\.\dsp_9910\</path>
         <kind>object</kind>
         <file>dsp_9910.o</file>
         <name>dsp_9910.o</name>
      </input_file>
      <input_file id="fl-14">
         <path>C:\Users\elpam\workspace_ccstheia\25G_Project\Debug\</path>
         <kind>object</kind>
         <file>&lt;internal&gt;</file>
         <name>&lt;internal&gt;</name>
      </input_file>
      <input_file id="fl-15">
         <path>D:\APPS\TIM0\mspm0_sdk_2_05_01_00\source\ti\driverlib\lib\ticlang\m0p\mspm0gx51x\</path>
         <kind>archive</kind>
         <file>driverlib.a</file>
         <name>dl_adc12.o</name>
      </input_file>
      <input_file id="fl-16">
         <path>D:\APPS\TIM0\mspm0_sdk_2_05_01_00\source\ti\driverlib\lib\ticlang\m0p\mspm0gx51x\</path>
         <kind>archive</kind>
         <file>driverlib.a</file>
         <name>dl_common.o</name>
      </input_file>
      <input_file id="fl-17">
         <path>D:\APPS\TIM0\mspm0_sdk_2_05_01_00\source\ti\driverlib\lib\ticlang\m0p\mspm0gx51x\</path>
         <kind>archive</kind>
         <file>driverlib.a</file>
         <name>dl_dac12.o</name>
      </input_file>
      <input_file id="fl-18">
         <path>D:\APPS\TIM0\mspm0_sdk_2_05_01_00\source\ti\driverlib\lib\ticlang\m0p\mspm0gx51x\</path>
         <kind>archive</kind>
         <file>driverlib.a</file>
         <name>dl_dma.o</name>
      </input_file>
      <input_file id="fl-19">
         <path>D:\APPS\TIM0\mspm0_sdk_2_05_01_00\source\ti\driverlib\lib\ticlang\m0p\mspm0gx51x\</path>
         <kind>archive</kind>
         <file>driverlib.a</file>
         <name>dl_timer.o</name>
      </input_file>
      <input_file id="fl-1a">
         <path>D:\APPS\TIM0\mspm0_sdk_2_05_01_00\source\ti\driverlib\lib\ticlang\m0p\mspm0gx51x\</path>
         <kind>archive</kind>
         <file>driverlib.a</file>
         <name>dl_uart.o</name>
      </input_file>
      <input_file id="fl-31">
         <path>D:\APPS\CCS\ccs\tools\compiler\ti-cgt-armllvm_4.0.3.LTS\lib\armv6m-ti-none-eabi\c\</path>
         <kind>archive</kind>
         <file>libc.a</file>
         <name>sprintf.c.obj</name>
      </input_file>
      <input_file id="fl-32">
         <path>D:\APPS\CCS\ccs\tools\compiler\ti-cgt-armllvm_4.0.3.LTS\lib\armv6m-ti-none-eabi\c\</path>
         <kind>archive</kind>
         <file>libc.a</file>
         <name>e_sqrt.c.obj</name>
      </input_file>
      <input_file id="fl-33">
         <path>D:\APPS\CCS\ccs\tools\compiler\ti-cgt-armllvm_4.0.3.LTS\lib\armv6m-ti-none-eabi\c\</path>
         <kind>archive</kind>
         <file>libc.a</file>
         <name>aeabi_portable.c.obj</name>
      </input_file>
      <input_file id="fl-34">
         <path>D:\APPS\CCS\ccs\tools\compiler\ti-cgt-armllvm_4.0.3.LTS\lib\armv6m-ti-none-eabi\c\</path>
         <kind>archive</kind>
         <file>libc.a</file>
         <name>assert.c.obj</name>
      </input_file>
      <input_file id="fl-35">
         <path>D:\APPS\CCS\ccs\tools\compiler\ti-cgt-armllvm_4.0.3.LTS\lib\armv6m-ti-none-eabi\c\</path>
         <kind>archive</kind>
         <file>libc.a</file>
         <name>defs.c.obj</name>
      </input_file>
      <input_file id="fl-36">
         <path>D:\APPS\CCS\ccs\tools\compiler\ti-cgt-armllvm_4.0.3.LTS\lib\armv6m-ti-none-eabi\c\</path>
         <kind>archive</kind>
         <file>libc.a</file>
         <name>memory.c.obj</name>
      </input_file>
      <input_file id="fl-37">
         <path>D:\APPS\CCS\ccs\tools\compiler\ti-cgt-armllvm_4.0.3.LTS\lib\armv6m-ti-none-eabi\c\</path>
         <kind>archive</kind>
         <file>libc.a</file>
         <name>boot_cortex_m.c.obj</name>
      </input_file>
      <input_file id="fl-38">
         <path>D:\APPS\CCS\ccs\tools\compiler\ti-cgt-armllvm_4.0.3.LTS\lib\armv6m-ti-none-eabi\c\</path>
         <kind>archive</kind>
         <file>libc.a</file>
         <name>mathacl_init.c.obj</name>
      </input_file>
      <input_file id="fl-39">
         <path>D:\APPS\CCS\ccs\tools\compiler\ti-cgt-armllvm_4.0.3.LTS\lib\armv6m-ti-none-eabi\c\</path>
         <kind>archive</kind>
         <file>libc.a</file>
         <name>autoinit.c.obj</name>
      </input_file>
      <input_file id="fl-3a">
         <path>D:\APPS\CCS\ccs\tools\compiler\ti-cgt-armllvm_4.0.3.LTS\lib\armv6m-ti-none-eabi\c\</path>
         <kind>archive</kind>
         <file>libc.a</file>
         <name>pre_init.c.obj</name>
      </input_file>
      <input_file id="fl-3b">
         <path>D:\APPS\CCS\ccs\tools\compiler\ti-cgt-armllvm_4.0.3.LTS\lib\armv6m-ti-none-eabi\c\</path>
         <kind>archive</kind>
         <file>libc.a</file>
         <name>cpy_tbl.c.obj</name>
      </input_file>
      <input_file id="fl-3c">
         <path>D:\APPS\CCS\ccs\tools\compiler\ti-cgt-armllvm_4.0.3.LTS\lib\armv6m-ti-none-eabi\c\</path>
         <kind>archive</kind>
         <file>libc.a</file>
         <name>copy_zero_init.c.obj</name>
      </input_file>
      <input_file id="fl-3d">
         <path>D:\APPS\CCS\ccs\tools\compiler\ti-cgt-armllvm_4.0.3.LTS\lib\armv6m-ti-none-eabi\c\</path>
         <kind>archive</kind>
         <file>libc.a</file>
         <name>copy_decompress_none.c.obj</name>
      </input_file>
      <input_file id="fl-3e">
         <path>D:\APPS\CCS\ccs\tools\compiler\ti-cgt-armllvm_4.0.3.LTS\lib\armv6m-ti-none-eabi\c\</path>
         <kind>archive</kind>
         <file>libc.a</file>
         <name>copy_decompress_lzss.c.obj</name>
      </input_file>
      <input_file id="fl-3f">
         <path>D:\APPS\CCS\ccs\tools\compiler\ti-cgt-armllvm_4.0.3.LTS\lib\armv6m-ti-none-eabi\c\</path>
         <kind>archive</kind>
         <file>libc.a</file>
         <name>_printfi.c.obj</name>
      </input_file>
      <input_file id="fl-40">
         <path>D:\APPS\CCS\ccs\tools\compiler\ti-cgt-armllvm_4.0.3.LTS\lib\armv6m-ti-none-eabi\c\</path>
         <kind>archive</kind>
         <file>libc.a</file>
         <name>fflush.c.obj</name>
      </input_file>
      <input_file id="fl-41">
         <path>D:\APPS\CCS\ccs\tools\compiler\ti-cgt-armllvm_4.0.3.LTS\lib\armv6m-ti-none-eabi\c\</path>
         <kind>archive</kind>
         <file>libc.a</file>
         <name>fputs.c.obj</name>
      </input_file>
      <input_file id="fl-42">
         <path>D:\APPS\CCS\ccs\tools\compiler\ti-cgt-armllvm_4.0.3.LTS\lib\armv6m-ti-none-eabi\c\</path>
         <kind>archive</kind>
         <file>libc.a</file>
         <name>_io_perm.c.obj</name>
      </input_file>
      <input_file id="fl-43">
         <path>D:\APPS\CCS\ccs\tools\compiler\ti-cgt-armllvm_4.0.3.LTS\lib\armv6m-ti-none-eabi\c\</path>
         <kind>archive</kind>
         <file>libc.a</file>
         <name>setvbuf.c.obj</name>
      </input_file>
      <input_file id="fl-44">
         <path>D:\APPS\CCS\ccs\tools\compiler\ti-cgt-armllvm_4.0.3.LTS\lib\armv6m-ti-none-eabi\c\</path>
         <kind>archive</kind>
         <file>libc.a</file>
         <name>s_frexp.c.obj</name>
      </input_file>
      <input_file id="fl-45">
         <path>D:\APPS\CCS\ccs\tools\compiler\ti-cgt-armllvm_4.0.3.LTS\lib\armv6m-ti-none-eabi\c\</path>
         <kind>archive</kind>
         <file>libc.a</file>
         <name>s_scalbn.c.obj</name>
      </input_file>
      <input_file id="fl-46">
         <path>D:\APPS\CCS\ccs\tools\compiler\ti-cgt-armllvm_4.0.3.LTS\lib\armv6m-ti-none-eabi\c\</path>
         <kind>archive</kind>
         <file>libc.a</file>
         <name>wcslen.c.obj</name>
      </input_file>
      <input_file id="fl-47">
         <path>D:\APPS\CCS\ccs\tools\compiler\ti-cgt-armllvm_4.0.3.LTS\lib\armv6m-ti-none-eabi\c\</path>
         <kind>archive</kind>
         <file>libc.a</file>
         <name>exit.c.obj</name>
      </input_file>
      <input_file id="fl-48">
         <path>D:\APPS\CCS\ccs\tools\compiler\ti-cgt-armllvm_4.0.3.LTS\lib\armv6m-ti-none-eabi\c\</path>
         <kind>archive</kind>
         <file>libc.a</file>
         <name>_lock.c.obj</name>
      </input_file>
      <input_file id="fl-49">
         <path>D:\APPS\CCS\ccs\tools\compiler\ti-cgt-armllvm_4.0.3.LTS\lib\armv6m-ti-none-eabi\c\</path>
         <kind>archive</kind>
         <file>libc.a</file>
         <name>_ltoa.c.obj</name>
      </input_file>
      <input_file id="fl-4a">
         <path>D:\APPS\CCS\ccs\tools\compiler\ti-cgt-armllvm_4.0.3.LTS\lib\armv6m-ti-none-eabi\c\</path>
         <kind>archive</kind>
         <file>libc.a</file>
         <name>args_main.c.obj</name>
      </input_file>
      <input_file id="fl-4b">
         <path>D:\APPS\CCS\ccs\tools\compiler\ti-cgt-armllvm_4.0.3.LTS\lib\armv6m-ti-none-eabi\c\</path>
         <kind>archive</kind>
         <file>libc.a</file>
         <name>atoi.c.obj</name>
      </input_file>
      <input_file id="fl-4c">
         <path>D:\APPS\CCS\ccs\tools\compiler\ti-cgt-armllvm_4.0.3.LTS\lib\armv6m-ti-none-eabi\c\</path>
         <kind>archive</kind>
         <file>libc.a</file>
         <name>memccpy.c.obj</name>
      </input_file>
      <input_file id="fl-4d">
         <path>D:\APPS\CCS\ccs\tools\compiler\ti-cgt-armllvm_4.0.3.LTS\lib\armv6m-ti-none-eabi\c\</path>
         <kind>archive</kind>
         <file>libc.a</file>
         <name>fopen.c.obj</name>
      </input_file>
      <input_file id="fl-4e">
         <path>D:\APPS\CCS\ccs\tools\compiler\ti-cgt-armllvm_4.0.3.LTS\lib\armv6m-ti-none-eabi\c\</path>
         <kind>archive</kind>
         <file>libc.a</file>
         <name>fseek.c.obj</name>
      </input_file>
      <input_file id="fl-4f">
         <path>D:\APPS\CCS\ccs\tools\compiler\ti-cgt-armllvm_4.0.3.LTS\lib\armv6m-ti-none-eabi\c\</path>
         <kind>archive</kind>
         <file>libc.a</file>
         <name>aeabi_ctype.S.obj</name>
      </input_file>
      <input_file id="fl-50">
         <path>D:\APPS\CCS\ccs\tools\compiler\ti-cgt-armllvm_4.0.3.LTS\lib\armv6m-ti-none-eabi\c\</path>
         <kind>archive</kind>
         <file>libc.a</file>
         <name>fclose.c.obj</name>
      </input_file>
      <input_file id="fl-51">
         <path>D:\APPS\TIM0\mspm0_sdk_2_05_01_00\source\third_party\CMSIS\DSP\lib\ticlang\m0p\</path>
         <kind>archive</kind>
         <file>arm_cortexM0l_math.a</file>
         <name>arm_const_structs.o</name>
      </input_file>
      <input_file id="fl-52">
         <path>D:\APPS\TIM0\mspm0_sdk_2_05_01_00\source\third_party\CMSIS\DSP\lib\ticlang\m0p\</path>
         <kind>archive</kind>
         <file>arm_cortexM0l_math.a</file>
         <name>arm_cmplx_mag_f32.o</name>
      </input_file>
      <input_file id="fl-53">
         <path>D:\APPS\TIM0\mspm0_sdk_2_05_01_00\source\third_party\CMSIS\DSP\lib\ticlang\m0p\</path>
         <kind>archive</kind>
         <file>arm_cortexM0l_math.a</file>
         <name>arm_cmplx_mag_q31.o</name>
      </input_file>
      <input_file id="fl-54">
         <path>D:\APPS\TIM0\mspm0_sdk_2_05_01_00\source\third_party\CMSIS\DSP\lib\ticlang\m0p\</path>
         <kind>archive</kind>
         <file>arm_cortexM0l_math.a</file>
         <name>arm_cos_f32.o</name>
      </input_file>
      <input_file id="fl-55">
         <path>D:\APPS\TIM0\mspm0_sdk_2_05_01_00\source\third_party\CMSIS\DSP\lib\ticlang\m0p\</path>
         <kind>archive</kind>
         <file>arm_cortexM0l_math.a</file>
         <name>arm_cos_q15.o</name>
      </input_file>
      <input_file id="fl-56">
         <path>D:\APPS\TIM0\mspm0_sdk_2_05_01_00\source\third_party\CMSIS\DSP\lib\ticlang\m0p\</path>
         <kind>archive</kind>
         <file>arm_cortexM0l_math.a</file>
         <name>arm_sin_q15.o</name>
      </input_file>
      <input_file id="fl-57">
         <path>D:\APPS\TIM0\mspm0_sdk_2_05_01_00\source\third_party\CMSIS\DSP\lib\ticlang\m0p\</path>
         <kind>archive</kind>
         <file>arm_cortexM0l_math.a</file>
         <name>arm_sqrt_q31.o</name>
      </input_file>
      <input_file id="fl-58">
         <path>D:\APPS\TIM0\mspm0_sdk_2_05_01_00\source\third_party\CMSIS\DSP\lib\ticlang\m0p\</path>
         <kind>archive</kind>
         <file>arm_cortexM0l_math.a</file>
         <name>arm_max_q15.o</name>
      </input_file>
      <input_file id="fl-59">
         <path>D:\APPS\TIM0\mspm0_sdk_2_05_01_00\source\third_party\CMSIS\DSP\lib\ticlang\m0p\</path>
         <kind>archive</kind>
         <file>arm_cortexM0l_math.a</file>
         <name>arm_cfft_f32.o</name>
      </input_file>
      <input_file id="fl-5a">
         <path>D:\APPS\TIM0\mspm0_sdk_2_05_01_00\source\third_party\CMSIS\DSP\lib\ticlang\m0p\</path>
         <kind>archive</kind>
         <file>arm_cortexM0l_math.a</file>
         <name>arm_cfft_q15.o</name>
      </input_file>
      <input_file id="fl-5b">
         <path>D:\APPS\TIM0\mspm0_sdk_2_05_01_00\source\third_party\CMSIS\DSP\lib\ticlang\m0p\</path>
         <kind>archive</kind>
         <file>arm_cortexM0l_math.a</file>
         <name>arm_cfft_radix4_q15.o</name>
      </input_file>
      <input_file id="fl-5c">
         <path>D:\APPS\TIM0\mspm0_sdk_2_05_01_00\source\third_party\CMSIS\DSP\lib\ticlang\m0p\</path>
         <kind>archive</kind>
         <file>arm_cortexM0l_math.a</file>
         <name>arm_cfft_radix8_f32.o</name>
      </input_file>
      <input_file id="fl-5d">
         <path>D:\APPS\TIM0\mspm0_sdk_2_05_01_00\source\third_party\CMSIS\DSP\lib\ticlang\m0p\</path>
         <kind>archive</kind>
         <file>arm_cortexM0l_math.a</file>
         <name>arm_common_tables.o</name>
      </input_file>
      <input_file id="fl-5e">
         <path>D:\APPS\TIM0\mspm0_sdk_2_05_01_00\source\third_party\CMSIS\DSP\lib\ticlang\m0p\</path>
         <kind>archive</kind>
         <file>arm_cortexM0l_math.a</file>
         <name>arm_bitreversal.o</name>
      </input_file>
      <input_file id="fl-5f">
         <path>D:\APPS\TIM0\mspm0_sdk_2_05_01_00\source\third_party\CMSIS\DSP\lib\ticlang\m0p\</path>
         <kind>archive</kind>
         <file>arm_cortexM0l_math.a</file>
         <name>arm_bitreversal2.o</name>
      </input_file>
      <input_file id="fl-ff">
         <path>D:\APPS\CCS\ccs\tools\compiler\ti-cgt-armllvm_4.0.3.LTS\lib\armv6m-ti-none-eabi\c\</path>
         <kind>archive</kind>
         <file>libc.a</file>
         <name>e_sqrtf.c.obj</name>
      </input_file>
      <input_file id="fl-100">
         <path>D:\APPS\CCS\ccs\tools\compiler\ti-cgt-armllvm_4.0.3.LTS\lib\armv6m-ti-none-eabi\c\</path>
         <kind>archive</kind>
         <file>libsysbm.a</file>
         <name>hostexit.c.obj</name>
      </input_file>
      <input_file id="fl-101">
         <path>D:\APPS\CCS\ccs\tools\compiler\ti-cgt-armllvm_4.0.3.LTS\lib\armv6m-ti-none-eabi\c\</path>
         <kind>archive</kind>
         <file>libsysbm.a</file>
         <name>write.c.obj</name>
      </input_file>
      <input_file id="fl-102">
         <path>D:\APPS\CCS\ccs\tools\compiler\ti-cgt-armllvm_4.0.3.LTS\lib\armv6m-ti-none-eabi\c\</path>
         <kind>archive</kind>
         <file>libsysbm.a</file>
         <name>host_device.c.obj</name>
      </input_file>
      <input_file id="fl-103">
         <path>D:\APPS\CCS\ccs\tools\compiler\ti-cgt-armllvm_4.0.3.LTS\lib\armv6m-ti-none-eabi\c\</path>
         <kind>archive</kind>
         <file>libsysbm.a</file>
         <name>remove.c.obj</name>
      </input_file>
      <input_file id="fl-104">
         <path>D:\APPS\CCS\ccs\tools\compiler\ti-cgt-armllvm_4.0.3.LTS\lib\armv6m-ti-none-eabi\c\</path>
         <kind>archive</kind>
         <file>libsysbm.a</file>
         <name>open.c.obj</name>
      </input_file>
      <input_file id="fl-105">
         <path>D:\APPS\CCS\ccs\tools\compiler\ti-cgt-armllvm_4.0.3.LTS\lib\armv6m-ti-none-eabi\c\</path>
         <kind>archive</kind>
         <file>libsysbm.a</file>
         <name>lseek.c.obj</name>
      </input_file>
      <input_file id="fl-106">
         <path>D:\APPS\CCS\ccs\tools\compiler\ti-cgt-armllvm_4.0.3.LTS\lib\armv6m-ti-none-eabi\c\</path>
         <kind>archive</kind>
         <file>libsysbm.a</file>
         <name>close.c.obj</name>
      </input_file>
      <input_file id="fl-107">
         <path>D:\APPS\CCS\ccs\tools\compiler\ti-cgt-armllvm_4.0.3.LTS\lib\armv6m-ti-none-eabi\c\</path>
         <kind>archive</kind>
         <file>libsysbm.a</file>
         <name>unlink.c.obj</name>
      </input_file>
      <input_file id="fl-108">
         <path>D:\APPS\CCS\ccs\tools\compiler\ti-cgt-armllvm_4.0.3.LTS\lib\armv6m-ti-none-eabi\c\</path>
         <kind>archive</kind>
         <file>libsysbm.a</file>
         <name>hostclose.c.obj</name>
      </input_file>
      <input_file id="fl-109">
         <path>D:\APPS\CCS\ccs\tools\compiler\ti-cgt-armllvm_4.0.3.LTS\lib\armv6m-ti-none-eabi\c\</path>
         <kind>archive</kind>
         <file>libsysbm.a</file>
         <name>hostlseek.c.obj</name>
      </input_file>
      <input_file id="fl-10a">
         <path>D:\APPS\CCS\ccs\tools\compiler\ti-cgt-armllvm_4.0.3.LTS\lib\armv6m-ti-none-eabi\c\</path>
         <kind>archive</kind>
         <file>libsysbm.a</file>
         <name>hostopen.c.obj</name>
      </input_file>
      <input_file id="fl-10b">
         <path>D:\APPS\CCS\ccs\tools\compiler\ti-cgt-armllvm_4.0.3.LTS\lib\armv6m-ti-none-eabi\c\</path>
         <kind>archive</kind>
         <file>libsysbm.a</file>
         <name>hostread.c.obj</name>
      </input_file>
      <input_file id="fl-10c">
         <path>D:\APPS\CCS\ccs\tools\compiler\ti-cgt-armllvm_4.0.3.LTS\lib\armv6m-ti-none-eabi\c\</path>
         <kind>archive</kind>
         <file>libsysbm.a</file>
         <name>hostrename.c.obj</name>
      </input_file>
      <input_file id="fl-10d">
         <path>D:\APPS\CCS\ccs\tools\compiler\ti-cgt-armllvm_4.0.3.LTS\lib\armv6m-ti-none-eabi\c\</path>
         <kind>archive</kind>
         <file>libsysbm.a</file>
         <name>hostunlink.c.obj</name>
      </input_file>
      <input_file id="fl-10e">
         <path>D:\APPS\CCS\ccs\tools\compiler\ti-cgt-armllvm_4.0.3.LTS\lib\armv6m-ti-none-eabi\c\</path>
         <kind>archive</kind>
         <file>libsysbm.a</file>
         <name>hostwrite.c.obj</name>
      </input_file>
      <input_file id="fl-10f">
         <path>D:\APPS\CCS\ccs\tools\compiler\ti-cgt-armllvm_4.0.3.LTS\lib\armv6m-ti-none-eabi\c\</path>
         <kind>archive</kind>
         <file>libsysbm.a</file>
         <name>trgmsg.c.obj</name>
      </input_file>
      <input_file id="fl-110">
         <path>D:\APPS\CCS\ccs\tools\compiler\ti-cgt-armllvm_4.0.3.LTS\lib\armv6m-ti-none-eabi\</path>
         <kind>archive</kind>
         <file>libclang_rt.builtins.a</file>
         <name>addsf3.S.obj</name>
      </input_file>
      <input_file id="fl-111">
         <path>D:\APPS\CCS\ccs\tools\compiler\ti-cgt-armllvm_4.0.3.LTS\lib\armv6m-ti-none-eabi\</path>
         <kind>archive</kind>
         <file>libclang_rt.builtins.a</file>
         <name>adddf3.S.obj</name>
      </input_file>
      <input_file id="fl-112">
         <path>D:\APPS\CCS\ccs\tools\compiler\ti-cgt-armllvm_4.0.3.LTS\lib\armv6m-ti-none-eabi\</path>
         <kind>archive</kind>
         <file>libclang_rt.builtins.a</file>
         <name>muldf3.S.obj</name>
      </input_file>
      <input_file id="fl-113">
         <path>D:\APPS\CCS\ccs\tools\compiler\ti-cgt-armllvm_4.0.3.LTS\lib\armv6m-ti-none-eabi\</path>
         <kind>archive</kind>
         <file>libclang_rt.builtins.a</file>
         <name>muldsi3.S.obj</name>
      </input_file>
      <input_file id="fl-114">
         <path>D:\APPS\CCS\ccs\tools\compiler\ti-cgt-armllvm_4.0.3.LTS\lib\armv6m-ti-none-eabi\</path>
         <kind>archive</kind>
         <file>libclang_rt.builtins.a</file>
         <name>mulsf3.S.obj</name>
      </input_file>
      <input_file id="fl-115">
         <path>D:\APPS\CCS\ccs\tools\compiler\ti-cgt-armllvm_4.0.3.LTS\lib\armv6m-ti-none-eabi\</path>
         <kind>archive</kind>
         <file>libclang_rt.builtins.a</file>
         <name>divsf3.S.obj</name>
      </input_file>
      <input_file id="fl-116">
         <path>D:\APPS\CCS\ccs\tools\compiler\ti-cgt-armllvm_4.0.3.LTS\lib\armv6m-ti-none-eabi\</path>
         <kind>archive</kind>
         <file>libclang_rt.builtins.a</file>
         <name>divdf3.S.obj</name>
      </input_file>
      <input_file id="fl-117">
         <path>D:\APPS\CCS\ccs\tools\compiler\ti-cgt-armllvm_4.0.3.LTS\lib\armv6m-ti-none-eabi\</path>
         <kind>archive</kind>
         <file>libclang_rt.builtins.a</file>
         <name>extendsfdf2.S.obj</name>
      </input_file>
      <input_file id="fl-118">
         <path>D:\APPS\CCS\ccs\tools\compiler\ti-cgt-armllvm_4.0.3.LTS\lib\armv6m-ti-none-eabi\</path>
         <kind>archive</kind>
         <file>libclang_rt.builtins.a</file>
         <name>fixdfsi.S.obj</name>
      </input_file>
      <input_file id="fl-119">
         <path>D:\APPS\CCS\ccs\tools\compiler\ti-cgt-armllvm_4.0.3.LTS\lib\armv6m-ti-none-eabi\</path>
         <kind>archive</kind>
         <file>libclang_rt.builtins.a</file>
         <name>fixsfsi.S.obj</name>
      </input_file>
      <input_file id="fl-11a">
         <path>D:\APPS\CCS\ccs\tools\compiler\ti-cgt-armllvm_4.0.3.LTS\lib\armv6m-ti-none-eabi\</path>
         <kind>archive</kind>
         <file>libclang_rt.builtins.a</file>
         <name>fixunsdfsi.S.obj</name>
      </input_file>
      <input_file id="fl-11b">
         <path>D:\APPS\CCS\ccs\tools\compiler\ti-cgt-armllvm_4.0.3.LTS\lib\armv6m-ti-none-eabi\</path>
         <kind>archive</kind>
         <file>libclang_rt.builtins.a</file>
         <name>fixunssfsi.S.obj</name>
      </input_file>
      <input_file id="fl-11c">
         <path>D:\APPS\CCS\ccs\tools\compiler\ti-cgt-armllvm_4.0.3.LTS\lib\armv6m-ti-none-eabi\</path>
         <kind>archive</kind>
         <file>libclang_rt.builtins.a</file>
         <name>floatdisf.S.obj</name>
      </input_file>
      <input_file id="fl-11d">
         <path>D:\APPS\CCS\ccs\tools\compiler\ti-cgt-armllvm_4.0.3.LTS\lib\armv6m-ti-none-eabi\</path>
         <kind>archive</kind>
         <file>libclang_rt.builtins.a</file>
         <name>floatsidf.S.obj</name>
      </input_file>
      <input_file id="fl-11e">
         <path>D:\APPS\CCS\ccs\tools\compiler\ti-cgt-armllvm_4.0.3.LTS\lib\armv6m-ti-none-eabi\</path>
         <kind>archive</kind>
         <file>libclang_rt.builtins.a</file>
         <name>floatsisf.S.obj</name>
      </input_file>
      <input_file id="fl-11f">
         <path>D:\APPS\CCS\ccs\tools\compiler\ti-cgt-armllvm_4.0.3.LTS\lib\armv6m-ti-none-eabi\</path>
         <kind>archive</kind>
         <file>libclang_rt.builtins.a</file>
         <name>floatunsidf.S.obj</name>
      </input_file>
      <input_file id="fl-120">
         <path>D:\APPS\CCS\ccs\tools\compiler\ti-cgt-armllvm_4.0.3.LTS\lib\armv6m-ti-none-eabi\</path>
         <kind>archive</kind>
         <file>libclang_rt.builtins.a</file>
         <name>floatunsisf.S.obj</name>
      </input_file>
      <input_file id="fl-121">
         <path>D:\APPS\CCS\ccs\tools\compiler\ti-cgt-armllvm_4.0.3.LTS\lib\armv6m-ti-none-eabi\</path>
         <kind>archive</kind>
         <file>libclang_rt.builtins.a</file>
         <name>muldi3.S.obj</name>
      </input_file>
      <input_file id="fl-122">
         <path>D:\APPS\CCS\ccs\tools\compiler\ti-cgt-armllvm_4.0.3.LTS\lib\armv6m-ti-none-eabi\</path>
         <kind>archive</kind>
         <file>libclang_rt.builtins.a</file>
         <name>truncdfsf2.S.obj</name>
      </input_file>
      <input_file id="fl-123">
         <path>D:\APPS\CCS\ccs\tools\compiler\ti-cgt-armllvm_4.0.3.LTS\lib\armv6m-ti-none-eabi\</path>
         <kind>archive</kind>
         <file>libclang_rt.builtins.a</file>
         <name>clzsi2.c.obj</name>
      </input_file>
      <input_file id="fl-124">
         <path>D:\APPS\CCS\ccs\tools\compiler\ti-cgt-armllvm_4.0.3.LTS\lib\armv6m-ti-none-eabi\</path>
         <kind>archive</kind>
         <file>libclang_rt.builtins.a</file>
         <name>aeabi_dcmp.S.obj</name>
      </input_file>
      <input_file id="fl-125">
         <path>D:\APPS\CCS\ccs\tools\compiler\ti-cgt-armllvm_4.0.3.LTS\lib\armv6m-ti-none-eabi\</path>
         <kind>archive</kind>
         <file>libclang_rt.builtins.a</file>
         <name>aeabi_fcmp.S.obj</name>
      </input_file>
      <input_file id="fl-126">
         <path>D:\APPS\CCS\ccs\tools\compiler\ti-cgt-armllvm_4.0.3.LTS\lib\armv6m-ti-none-eabi\</path>
         <kind>archive</kind>
         <file>libclang_rt.builtins.a</file>
         <name>aeabi_idivmod.S.obj</name>
      </input_file>
      <input_file id="fl-127">
         <path>D:\APPS\CCS\ccs\tools\compiler\ti-cgt-armllvm_4.0.3.LTS\lib\armv6m-ti-none-eabi\</path>
         <kind>archive</kind>
         <file>libclang_rt.builtins.a</file>
         <name>aeabi_ldivmod.S.obj</name>
      </input_file>
      <input_file id="fl-128">
         <path>D:\APPS\CCS\ccs\tools\compiler\ti-cgt-armllvm_4.0.3.LTS\lib\armv6m-ti-none-eabi\</path>
         <kind>archive</kind>
         <file>libclang_rt.builtins.a</file>
         <name>aeabi_memcpy.S.obj</name>
      </input_file>
      <input_file id="fl-129">
         <path>D:\APPS\CCS\ccs\tools\compiler\ti-cgt-armllvm_4.0.3.LTS\lib\armv6m-ti-none-eabi\</path>
         <kind>archive</kind>
         <file>libclang_rt.builtins.a</file>
         <name>aeabi_memset.S.obj</name>
      </input_file>
      <input_file id="fl-12a">
         <path>D:\APPS\CCS\ccs\tools\compiler\ti-cgt-armllvm_4.0.3.LTS\lib\armv6m-ti-none-eabi\</path>
         <kind>archive</kind>
         <file>libclang_rt.builtins.a</file>
         <name>aeabi_uidivmod.S.obj</name>
      </input_file>
      <input_file id="fl-12b">
         <path>D:\APPS\CCS\ccs\tools\compiler\ti-cgt-armllvm_4.0.3.LTS\lib\armv6m-ti-none-eabi\</path>
         <kind>archive</kind>
         <file>libclang_rt.builtins.a</file>
         <name>aeabi_uldivmod.S.obj</name>
      </input_file>
      <input_file id="fl-12c">
         <path>D:\APPS\CCS\ccs\tools\compiler\ti-cgt-armllvm_4.0.3.LTS\lib\armv6m-ti-none-eabi\</path>
         <kind>archive</kind>
         <file>libclang_rt.builtins.a</file>
         <name>comparesf2.S.obj</name>
      </input_file>
      <input_file id="fl-12d">
         <path>D:\APPS\CCS\ccs\tools\compiler\ti-cgt-armllvm_4.0.3.LTS\lib\armv6m-ti-none-eabi\</path>
         <kind>archive</kind>
         <file>libclang_rt.builtins.a</file>
         <name>udivmoddi4.S.obj</name>
      </input_file>
      <input_file id="fl-12e">
         <path>D:\APPS\CCS\ccs\tools\compiler\ti-cgt-armllvm_4.0.3.LTS\lib\armv6m-ti-none-eabi\</path>
         <kind>archive</kind>
         <file>libclang_rt.builtins.a</file>
         <name>ashldi3.S.obj</name>
      </input_file>
      <input_file id="fl-12f">
         <path>D:\APPS\CCS\ccs\tools\compiler\ti-cgt-armllvm_4.0.3.LTS\lib\armv6m-ti-none-eabi\</path>
         <kind>archive</kind>
         <file>libclang_rt.builtins.a</file>
         <name>comparedf2.c.obj</name>
      </input_file>
      <input_file id="fl-130">
         <path>D:\APPS\CCS\ccs\tools\compiler\ti-cgt-armllvm_4.0.3.LTS\lib\armv6m-ti-none-eabi\</path>
         <kind>archive</kind>
         <file>libclang_rt.builtins.a</file>
         <name>divmoddi4.c.obj</name>
      </input_file>
      <input_file id="fl-131">
         <path>D:\APPS\CCS\ccs\tools\compiler\ti-cgt-armllvm_4.0.3.LTS\lib\armv6m-ti-none-eabi\</path>
         <kind>archive</kind>
         <file>libclang_rt.builtins.a</file>
         <name>aeabi_div0.c.obj</name>
      </input_file>
      <input_file id="fl-132">
         <path>D:\APPS\CCS\ccs\tools\compiler\ti-cgt-armllvm_4.0.3.LTS\lib\armv6m-ti-none-eabi\c\</path>
         <kind>archive</kind>
         <file>libc.a</file>
         <name>getdevice.c.obj</name>
      </input_file>
      <input_file id="fl-133">
         <path>D:\APPS\CCS\ccs\tools\compiler\ti-cgt-armllvm_4.0.3.LTS\lib\armv6m-ti-none-eabi\c\</path>
         <kind>archive</kind>
         <file>libc.a</file>
         <name>memcpy16.S.obj</name>
      </input_file>
      <input_file id="fl-134">
         <path>D:\APPS\CCS\ccs\tools\compiler\ti-cgt-armllvm_4.0.3.LTS\lib\armv6m-ti-none-eabi\c\</path>
         <kind>archive</kind>
         <file>libc.a</file>
         <name>memset16.S.obj</name>
      </input_file>
      <input_file id="fl-135">
         <path>D:\APPS\CCS\ccs\tools\compiler\ti-cgt-armllvm_4.0.3.LTS\lib\armv6m-ti-none-eabi\c\</path>
         <kind>archive</kind>
         <file>libc.a</file>
         <name>strcmp-armv6m.S.obj</name>
      </input_file>
   </input_file_list>
   <object_component_list>
      <object_component id="oc-1a">
         <name>.intvecs</name>
         <load_address>0x0</load_address>
         <readonly>true</readonly>
         <run_address>0x0</run_address>
         <size>0xc0</size>
         <alignment>0x4</alignment>
         <input_file_ref idref="fl-3"/>
      </object_component>
      <object_component id="oc-73">
         <name>.text.main</name>
         <load_address>0xc0</load_address>
         <readonly>true</readonly>
         <executable>true</executable>
         <run_address>0xc0</run_address>
         <size>0xb08</size>
         <alignment>0x4</alignment>
         <input_file_ref idref="fl-1"/>
      </object_component>
      <object_component id="oc-218">
         <name>.text:__TI_printfi</name>
         <load_address>0xbc8</load_address>
         <readonly>true</readonly>
         <executable>true</executable>
         <run_address>0xbc8</run_address>
         <size>0x9d0</size>
         <alignment>0x4</alignment>
         <input_file_ref idref="fl-3f"/>
      </object_component>
      <object_component id="oc-2de">
         <name>.text.arm_radix4_butterfly_inverse_q15</name>
         <load_address>0x1598</load_address>
         <readonly>true</readonly>
         <executable>true</executable>
         <run_address>0x1598</run_address>
         <size>0x4f4</size>
         <alignment>0x4</alignment>
         <input_file_ref idref="fl-5b"/>
      </object_component>
      <object_component id="oc-2eb">
         <name>.text.arm_radix4_butterfly_q15</name>
         <load_address>0x1a8c</load_address>
         <readonly>true</readonly>
         <executable>true</executable>
         <run_address>0x1a8c</run_address>
         <size>0x4ec</size>
         <alignment>0x4</alignment>
         <input_file_ref idref="fl-5b"/>
      </object_component>
      <object_component id="oc-ba">
         <name>.text.Output_After_Learning</name>
         <load_address>0x1f78</load_address>
         <readonly>true</readonly>
         <executable>true</executable>
         <run_address>0x1f78</run_address>
         <size>0x35c</size>
         <alignment>0x4</alignment>
         <input_file_ref idref="fl-1"/>
      </object_component>
      <object_component id="oc-2dd">
         <name>.text.arm_cfft_radix4by2_inverse_q15</name>
         <load_address>0x22d4</load_address>
         <readonly>true</readonly>
         <executable>true</executable>
         <run_address>0x22d4</run_address>
         <size>0x340</size>
         <alignment>0x2</alignment>
         <input_file_ref idref="fl-5a"/>
      </object_component>
      <object_component id="oc-2e4">
         <name>.text.arm_cfft_radix4by2_q15</name>
         <load_address>0x2614</load_address>
         <readonly>true</readonly>
         <executable>true</executable>
         <run_address>0x2614</run_address>
         <size>0x340</size>
         <alignment>0x2</alignment>
         <input_file_ref idref="fl-5a"/>
      </object_component>
      <object_component id="oc-17f">
         <name>.text.generate_waveform_directly</name>
         <load_address>0x2954</load_address>
         <readonly>true</readonly>
         <executable>true</executable>
         <run_address>0x2954</run_address>
         <size>0x2b0</size>
         <alignment>0x4</alignment>
         <input_file_ref idref="fl-4"/>
      </object_component>
      <object_component id="oc-191">
         <name>.text.OutputArbitraryWaveform_NN</name>
         <load_address>0x2c04</load_address>
         <readonly>true</readonly>
         <executable>true</executable>
         <run_address>0x2c04</run_address>
         <size>0x2ac</size>
         <alignment>0x4</alignment>
         <input_file_ref idref="fl-6"/>
      </object_component>
      <object_component id="oc-179">
         <name>.text.Optimized_Judge_Circuit_State</name>
         <load_address>0x2eb0</load_address>
         <readonly>true</readonly>
         <executable>true</executable>
         <run_address>0x2eb0</run_address>
         <size>0x234</size>
         <alignment>0x4</alignment>
         <input_file_ref idref="fl-1"/>
      </object_component>
      <object_component id="oc-27d">
         <name>.text._pconv_a</name>
         <load_address>0x30e4</load_address>
         <readonly>true</readonly>
         <executable>true</executable>
         <run_address>0x30e4</run_address>
         <size>0x220</size>
         <alignment>0x4</alignment>
         <input_file_ref idref="fl-3f"/>
      </object_component>
      <object_component id="oc-b8">
         <name>.text.Sweep_Freq_y</name>
         <load_address>0x3304</load_address>
         <readonly>true</readonly>
         <executable>true</executable>
         <run_address>0x3304</run_address>
         <size>0x21c</size>
         <alignment>0x4</alignment>
         <input_file_ref idref="fl-1"/>
      </object_component>
      <object_component id="oc-282">
         <name>.text._pconv_g</name>
         <load_address>0x3520</load_address>
         <readonly>true</readonly>
         <executable>true</executable>
         <run_address>0x3520</run_address>
         <size>0x1dc</size>
         <alignment>0x4</alignment>
         <input_file_ref idref="fl-3f"/>
      </object_component>
      <object_component id="oc-17e">
         <name>.text.Freq_Multip_q15</name>
         <load_address>0x36fc</load_address>
         <readonly>true</readonly>
         <executable>true</executable>
         <run_address>0x36fc</run_address>
         <size>0x19a</size>
         <alignment>0x2</alignment>
         <input_file_ref idref="fl-1"/>
      </object_component>
      <object_component id="oc-1f7">
         <name>.text.__aeabi_idiv0</name>
         <load_address>0x3896</load_address>
         <readonly>true</readonly>
         <executable>true</executable>
         <run_address>0x3896</run_address>
         <size>0x2</size>
         <alignment>0x2</alignment>
         <input_file_ref idref="fl-131"/>
      </object_component>
      <object_component id="oc-bf">
         <name>.text.adddf3_subdf3</name>
         <load_address>0x3898</load_address>
         <readonly>true</readonly>
         <executable>true</executable>
         <run_address>0x3898</run_address>
         <size>0x192</size>
         <alignment>0x4</alignment>
         <input_file_ref idref="fl-111"/>
      </object_component>
      <object_component id="oc-2ae">
         <name>.text.__aeabi_ldiv0</name>
         <load_address>0x3a2a</load_address>
         <readonly>true</readonly>
         <executable>true</executable>
         <run_address>0x3a2a</run_address>
         <size>0x2</size>
         <alignment>0x2</alignment>
         <input_file_ref idref="fl-131"/>
      </object_component>
      <object_component id="oc-10d">
         <name>.text.Txcfr</name>
         <load_address>0x3a2c</load_address>
         <readonly>true</readonly>
         <executable>true</executable>
         <run_address>0x3a2c</run_address>
         <size>0x180</size>
         <alignment>0x4</alignment>
         <input_file_ref idref="fl-6"/>
      </object_component>
      <object_component id="oc-171">
         <name>.text.sqrt</name>
         <load_address>0x3bac</load_address>
         <readonly>true</readonly>
         <executable>true</executable>
         <run_address>0x3bac</run_address>
         <size>0x170</size>
         <alignment>0x4</alignment>
         <input_file_ref idref="fl-32"/>
      </object_component>
      <object_component id="oc-2ee">
         <name>.text.arm_sqrt_q31</name>
         <load_address>0x3d1c</load_address>
         <readonly>true</readonly>
         <executable>true</executable>
         <run_address>0x3d1c</run_address>
         <size>0x15c</size>
         <alignment>0x4</alignment>
         <input_file_ref idref="fl-57"/>
      </object_component>
      <object_component id="oc-291">
         <name>.text.arm_cmplx_mag_q31</name>
         <load_address>0x3e78</load_address>
         <readonly>true</readonly>
         <executable>true</executable>
         <run_address>0x3e78</run_address>
         <size>0x142</size>
         <alignment>0x2</alignment>
         <input_file_ref idref="fl-53"/>
      </object_component>
      <object_component id="oc-9e">
         <name>.text.Amp_Adjust_FeedBack_Random</name>
         <load_address>0x3fbc</load_address>
         <readonly>true</readonly>
         <executable>true</executable>
         <run_address>0x3fbc</run_address>
         <size>0x140</size>
         <alignment>0x4</alignment>
         <input_file_ref idref="fl-1"/>
      </object_component>
      <object_component id="oc-192">
         <name>.text.Amp_Adjust_FeedBack_Random_OutSignal</name>
         <load_address>0x40fc</load_address>
         <readonly>true</readonly>
         <executable>true</executable>
         <run_address>0x40fc</run_address>
         <size>0x140</size>
         <alignment>0x4</alignment>
         <input_file_ref idref="fl-1"/>
      </object_component>
      <object_component id="oc-2d7">
         <name>.text.fcvt</name>
         <load_address>0x423c</load_address>
         <readonly>true</readonly>
         <executable>true</executable>
         <run_address>0x423c</run_address>
         <size>0x13c</size>
         <alignment>0x4</alignment>
         <input_file_ref idref="fl-3f"/>
      </object_component>
      <object_component id="oc-18c">
         <name>.text.Get_Freq_From_FreqBase</name>
         <load_address>0x4378</load_address>
         <readonly>true</readonly>
         <executable>true</executable>
         <run_address>0x4378</run_address>
         <size>0x134</size>
         <alignment>0x4</alignment>
         <input_file_ref idref="fl-1"/>
      </object_component>
      <object_component id="oc-284">
         <name>.text._pconv_e</name>
         <load_address>0x44ac</load_address>
         <readonly>true</readonly>
         <executable>true</executable>
         <run_address>0x44ac</run_address>
         <size>0x120</size>
         <alignment>0x4</alignment>
         <input_file_ref idref="fl-3f"/>
      </object_component>
      <object_component id="oc-157">
         <name>.text.Amp_Adjust_FeedBack</name>
         <load_address>0x45cc</load_address>
         <readonly>true</readonly>
         <executable>true</executable>
         <run_address>0x45cc</run_address>
         <size>0x114</size>
         <alignment>0x4</alignment>
         <input_file_ref idref="fl-1"/>
      </object_component>
      <object_component id="oc-247">
         <name>.text.CFFT_ProcessADCData_hamming</name>
         <load_address>0x46e0</load_address>
         <readonly>true</readonly>
         <executable>true</executable>
         <run_address>0x46e0</run_address>
         <size>0x110</size>
         <alignment>0x4</alignment>
         <input_file_ref idref="fl-4"/>
      </object_component>
      <object_component id="oc-11b">
         <name>.text.__divdf3</name>
         <load_address>0x47f0</load_address>
         <readonly>true</readonly>
         <executable>true</executable>
         <run_address>0x47f0</run_address>
         <size>0x10c</size>
         <alignment>0x4</alignment>
         <input_file_ref idref="fl-116"/>
      </object_component>
      <object_component id="oc-1c1">
         <name>.text.DL_Timer_initFourCCPWMMode</name>
         <load_address>0x48fc</load_address>
         <readonly>true</readonly>
         <executable>true</executable>
         <run_address>0x48fc</run_address>
         <size>0x104</size>
         <alignment>0x4</alignment>
         <input_file_ref idref="fl-19"/>
      </object_component>
      <object_component id="oc-189">
         <name>.text.calculate_period_in_samples</name>
         <load_address>0x4a00</load_address>
         <readonly>true</readonly>
         <executable>true</executable>
         <run_address>0x4a00</run_address>
         <size>0xfc</size>
         <alignment>0x4</alignment>
         <input_file_ref idref="fl-1"/>
      </object_component>
      <object_component id="oc-14a">
         <name>.text.DL_Timer_initTimerMode</name>
         <load_address>0x4afc</load_address>
         <readonly>true</readonly>
         <executable>true</executable>
         <run_address>0x4afc</run_address>
         <size>0xe8</size>
         <alignment>0x4</alignment>
         <input_file_ref idref="fl-19"/>
      </object_component>
      <object_component id="oc-184">
         <name>.text.__muldf3</name>
         <load_address>0x4be4</load_address>
         <readonly>true</readonly>
         <executable>true</executable>
         <run_address>0x4be4</run_address>
         <size>0xe4</size>
         <alignment>0x4</alignment>
         <input_file_ref idref="fl-112"/>
      </object_component>
      <object_component id="oc-28b">
         <name>.text.arm_cfft_q15</name>
         <load_address>0x4cc8</load_address>
         <readonly>true</readonly>
         <executable>true</executable>
         <run_address>0x4cc8</run_address>
         <size>0xe4</size>
         <alignment>0x4</alignment>
         <input_file_ref idref="fl-5a"/>
      </object_component>
      <object_component id="oc-2c2">
         <name>.text.scalbn</name>
         <load_address>0x4dac</load_address>
         <readonly>true</readonly>
         <executable>true</executable>
         <run_address>0x4dac</run_address>
         <size>0xd8</size>
         <alignment>0x4</alignment>
         <input_file_ref idref="fl-45"/>
      </object_component>
      <object_component id="oc-18d">
         <name>.text</name>
         <load_address>0x4e84</load_address>
         <readonly>true</readonly>
         <executable>true</executable>
         <run_address>0x4e84</run_address>
         <size>0xd8</size>
         <alignment>0x4</alignment>
         <input_file_ref idref="fl-110"/>
      </object_component>
      <object_component id="oc-fe">
         <name>.text.SYSCFG_DL_GPIO_init</name>
         <load_address>0x4f5c</load_address>
         <readonly>true</readonly>
         <executable>true</executable>
         <run_address>0x4f5c</run_address>
         <size>0xd0</size>
         <alignment>0x4</alignment>
         <input_file_ref idref="fl-2"/>
      </object_component>
      <object_component id="oc-160">
         <name>.text.CFFT_ProcessADCData</name>
         <load_address>0x502c</load_address>
         <readonly>true</readonly>
         <executable>true</executable>
         <run_address>0x502c</run_address>
         <size>0xcc</size>
         <alignment>0x4</alignment>
         <input_file_ref idref="fl-4"/>
      </object_component>
      <object_component id="oc-229">
         <name>.text.CFFT_Compute</name>
         <load_address>0x50f8</load_address>
         <readonly>true</readonly>
         <executable>true</executable>
         <run_address>0x50f8</run_address>
         <size>0xc8</size>
         <alignment>0x4</alignment>
         <input_file_ref idref="fl-4"/>
      </object_component>
      <object_component id="oc-188">
         <name>.text.Find_DC_OffSet_Input</name>
         <load_address>0x51c0</load_address>
         <readonly>true</readonly>
         <executable>true</executable>
         <run_address>0x51c0</run_address>
         <size>0xb8</size>
         <alignment>0x4</alignment>
         <input_file_ref idref="fl-1"/>
      </object_component>
      <object_component id="oc-18a">
         <name>.text.Find_DC_OffSet_Input_L</name>
         <load_address>0x5278</load_address>
         <readonly>true</readonly>
         <executable>true</executable>
         <run_address>0x5278</run_address>
         <size>0xb8</size>
         <alignment>0x4</alignment>
         <input_file_ref idref="fl-1"/>
      </object_component>
      <object_component id="oc-156">
         <name>.text.Cal_HsAmp</name>
         <load_address>0x5330</load_address>
         <readonly>true</readonly>
         <executable>true</executable>
         <run_address>0x5330</run_address>
         <size>0xb0</size>
         <alignment>0x4</alignment>
         <input_file_ref idref="fl-1"/>
      </object_component>
      <object_component id="oc-18b">
         <name>.text.Find_DC_OffSet_Input_M</name>
         <load_address>0x53e0</load_address>
         <readonly>true</readonly>
         <executable>true</executable>
         <run_address>0x53e0</run_address>
         <size>0xb0</size>
         <alignment>0x4</alignment>
         <input_file_ref idref="fl-1"/>
      </object_component>
      <object_component id="oc-fd">
         <name>.text.SYSCFG_DL_initPower</name>
         <load_address>0x5490</load_address>
         <readonly>true</readonly>
         <executable>true</executable>
         <run_address>0x5490</run_address>
         <size>0xb0</size>
         <alignment>0x4</alignment>
         <input_file_ref idref="fl-2"/>
      </object_component>
      <object_component id="oc-200">
         <name>.text.Txfrc</name>
         <load_address>0x5540</load_address>
         <readonly>true</readonly>
         <executable>true</executable>
         <run_address>0x5540</run_address>
         <size>0xb0</size>
         <alignment>0x4</alignment>
         <input_file_ref idref="fl-6"/>
      </object_component>
      <object_component id="oc-249">
         <name>.text.Txramprofile</name>
         <load_address>0x55f0</load_address>
         <readonly>true</readonly>
         <executable>true</executable>
         <run_address>0x55f0</run_address>
         <size>0xb0</size>
         <alignment>0x4</alignment>
         <input_file_ref idref="fl-6"/>
      </object_component>
      <object_component id="oc-286">
         <name>.text.arm_cos_f32</name>
         <load_address>0x56a0</load_address>
         <readonly>true</readonly>
         <executable>true</executable>
         <run_address>0x56a0</run_address>
         <size>0xb0</size>
         <alignment>0x4</alignment>
         <input_file_ref idref="fl-54"/>
      </object_component>
      <object_component id="oc-265">
         <name>.text</name>
         <load_address>0x5750</load_address>
         <readonly>true</readonly>
         <executable>true</executable>
         <run_address>0x5750</run_address>
         <size>0xa2</size>
         <alignment>0x4</alignment>
         <input_file_ref idref="fl-12d"/>
      </object_component>
      <object_component id="oc-126">
         <name>.text.getADCsamples</name>
         <load_address>0x57f4</load_address>
         <readonly>true</readonly>
         <executable>true</executable>
         <run_address>0x57f4</run_address>
         <size>0x9c</size>
         <alignment>0x4</alignment>
         <input_file_ref idref="fl-1"/>
      </object_component>
      <object_component id="oc-103">
         <name>.text.SYSCFG_DL_ADC12_0_init</name>
         <load_address>0x5890</load_address>
         <readonly>true</readonly>
         <executable>true</executable>
         <run_address>0x5890</run_address>
         <size>0x94</size>
         <alignment>0x4</alignment>
         <input_file_ref idref="fl-2"/>
      </object_component>
      <object_component id="oc-104">
         <name>.text.SYSCFG_DL_ADC12_1_init</name>
         <load_address>0x5924</load_address>
         <readonly>true</readonly>
         <executable>true</executable>
         <run_address>0x5924</run_address>
         <size>0x94</size>
         <alignment>0x4</alignment>
         <input_file_ref idref="fl-2"/>
      </object_component>
      <object_component id="oc-12c">
         <name>.text.__mulsf3</name>
         <load_address>0x59b8</load_address>
         <readonly>true</readonly>
         <executable>true</executable>
         <run_address>0x59b8</run_address>
         <size>0x8c</size>
         <alignment>0x4</alignment>
         <input_file_ref idref="fl-114"/>
      </object_component>
      <object_component id="oc-1eb">
         <name>.text.DL_DAC12_init</name>
         <load_address>0x5a44</load_address>
         <readonly>true</readonly>
         <executable>true</executable>
         <run_address>0x5a44</run_address>
         <size>0x88</size>
         <alignment>0x4</alignment>
         <input_file_ref idref="fl-17"/>
      </object_component>
      <object_component id="oc-1f3">
         <name>.text.txd_8bit</name>
         <load_address>0x5acc</load_address>
         <readonly>true</readonly>
         <executable>true</executable>
         <run_address>0x5acc</run_address>
         <size>0x88</size>
         <alignment>0x4</alignment>
         <input_file_ref idref="fl-6"/>
      </object_component>
      <object_component id="oc-a5">
         <name>.text.sendStr_New</name>
         <load_address>0x5b54</load_address>
         <readonly>true</readonly>
         <executable>true</executable>
         <run_address>0x5b54</run_address>
         <size>0x84</size>
         <alignment>0x4</alignment>
         <input_file_ref idref="fl-5"/>
      </object_component>
      <object_component id="oc-130">
         <name>.text.__divsf3</name>
         <load_address>0x5bd8</load_address>
         <readonly>true</readonly>
         <executable>true</executable>
         <run_address>0x5bd8</run_address>
         <size>0x82</size>
         <alignment>0x4</alignment>
         <input_file_ref idref="fl-115"/>
      </object_component>
      <object_component id="oc-aa">
         <name>.text.change_ADCsample_rate</name>
         <load_address>0x5c5c</load_address>
         <readonly>true</readonly>
         <executable>true</executable>
         <run_address>0x5c5c</run_address>
         <size>0x80</size>
         <alignment>0x4</alignment>
         <input_file_ref idref="fl-1"/>
      </object_component>
      <object_component id="oc-1e">
         <name>.text:decompress:lzss</name>
         <load_address>0x5cdc</load_address>
         <readonly>true</readonly>
         <executable>true</executable>
         <run_address>0x5cdc</run_address>
         <size>0x7c</size>
         <alignment>0x4</alignment>
         <input_file_ref idref="fl-3e"/>
      </object_component>
      <object_component id="oc-228">
         <name>.text.CFFT_InitHammingWindow</name>
         <load_address>0x5d58</load_address>
         <readonly>true</readonly>
         <executable>true</executable>
         <run_address>0x5d58</run_address>
         <size>0x78</size>
         <alignment>0x4</alignment>
         <input_file_ref idref="fl-4"/>
      </object_component>
      <object_component id="oc-127">
         <name>.text.Find_Vpp_Int</name>
         <load_address>0x5dd0</load_address>
         <readonly>true</readonly>
         <executable>true</executable>
         <run_address>0x5dd0</run_address>
         <size>0x74</size>
         <alignment>0x4</alignment>
         <input_file_ref idref="fl-1"/>
      </object_component>
      <object_component id="oc-123">
         <name>.text.Freq_convert</name>
         <load_address>0x5e44</load_address>
         <readonly>true</readonly>
         <executable>true</executable>
         <run_address>0x5e44</run_address>
         <size>0x74</size>
         <alignment>0x4</alignment>
         <input_file_ref idref="fl-6"/>
      </object_component>
      <object_component id="oc-2d5">
         <name>.text.__gedf2</name>
         <load_address>0x5eb8</load_address>
         <readonly>true</readonly>
         <executable>true</executable>
         <run_address>0x5eb8</run_address>
         <size>0x74</size>
         <alignment>0x4</alignment>
         <input_file_ref idref="fl-12f"/>
      </object_component>
      <object_component id="oc-35">
         <name>.text.Default_Handler</name>
         <load_address>0x5f2c</load_address>
         <readonly>true</readonly>
         <executable>true</executable>
         <run_address>0x5f2c</run_address>
         <size>0x4</size>
         <alignment>0x2</alignment>
         <input_file_ref idref="fl-3"/>
      </object_component>
      <object_component id="oc-c3">
         <name>.text.__truncdfsf2</name>
         <load_address>0x5f30</load_address>
         <readonly>true</readonly>
         <executable>true</executable>
         <run_address>0x5f30</run_address>
         <size>0x74</size>
         <alignment>0x10</alignment>
         <input_file_ref idref="fl-122"/>
      </object_component>
      <object_component id="oc-8d">
         <name>.text.AD9910_Init</name>
         <load_address>0x5fa4</load_address>
         <readonly>true</readonly>
         <executable>true</executable>
         <run_address>0x5fa4</run_address>
         <size>0x68</size>
         <alignment>0x4</alignment>
         <input_file_ref idref="fl-6"/>
      </object_component>
      <object_component id="oc-100">
         <name>.text.SYSCFG_DL_PWM_0_init</name>
         <load_address>0x600c</load_address>
         <readonly>true</readonly>
         <executable>true</executable>
         <run_address>0x600c</run_address>
         <size>0x68</size>
         <alignment>0x4</alignment>
         <input_file_ref idref="fl-2"/>
      </object_component>
      <object_component id="oc-2cf">
         <name>.text.__ledf2</name>
         <load_address>0x6074</load_address>
         <readonly>true</readonly>
         <executable>true</executable>
         <run_address>0x6074</run_address>
         <size>0x68</size>
         <alignment>0x4</alignment>
         <input_file_ref idref="fl-12f"/>
      </object_component>
      <object_component id="oc-2ce">
         <name>.text._mcpy</name>
         <load_address>0x60dc</load_address>
         <readonly>true</readonly>
         <executable>true</executable>
         <run_address>0x60dc</run_address>
         <size>0x66</size>
         <alignment>0x2</alignment>
         <input_file_ref idref="fl-3f"/>
      </object_component>
      <object_component id="oc-27e">
         <name>.text.__aeabi_dcmp</name>
         <load_address>0x6144</load_address>
         <readonly>true</readonly>
         <executable>true</executable>
         <run_address>0x6144</run_address>
         <size>0x62</size>
         <alignment>0x4</alignment>
         <input_file_ref idref="fl-124"/>
      </object_component>
      <object_component id="oc-158">
         <name>.text.__aeabi_fcmp</name>
         <load_address>0x61a8</load_address>
         <readonly>true</readonly>
         <executable>true</executable>
         <run_address>0x61a8</run_address>
         <size>0x62</size>
         <alignment>0x4</alignment>
         <input_file_ref idref="fl-125"/>
      </object_component>
      <object_component id="oc-2be">
         <name>.text.frexp</name>
         <load_address>0x620c</load_address>
         <readonly>true</readonly>
         <executable>true</executable>
         <run_address>0x620c</run_address>
         <size>0x5c</size>
         <alignment>0x4</alignment>
         <input_file_ref idref="fl-44"/>
      </object_component>
      <object_component id="oc-101">
         <name>.text.SYSCFG_DL_TIMER_0_init</name>
         <load_address>0x6268</load_address>
         <readonly>true</readonly>
         <executable>true</executable>
         <run_address>0x6268</run_address>
         <size>0x58</size>
         <alignment>0x4</alignment>
         <input_file_ref idref="fl-2"/>
      </object_component>
      <object_component id="oc-124">
         <name>.text.Write_Amplitude</name>
         <load_address>0x62c0</load_address>
         <readonly>true</readonly>
         <executable>true</executable>
         <run_address>0x62c0</run_address>
         <size>0x58</size>
         <alignment>0x4</alignment>
         <input_file_ref idref="fl-6"/>
      </object_component>
      <object_component id="oc-2c6">
         <name>.text.__TI_ltoa</name>
         <load_address>0x6318</load_address>
         <readonly>true</readonly>
         <executable>true</executable>
         <run_address>0x6318</run_address>
         <size>0x58</size>
         <alignment>0x2</alignment>
         <input_file_ref idref="fl-49"/>
      </object_component>
      <object_component id="oc-314">
         <name>.text.__clzsi2</name>
         <load_address>0x6370</load_address>
         <readonly>true</readonly>
         <executable>true</executable>
         <run_address>0x6370</run_address>
         <size>0x58</size>
         <alignment>0x2</alignment>
         <input_file_ref idref="fl-123"/>
      </object_component>
      <object_component id="oc-283">
         <name>.text._pconv_f</name>
         <load_address>0x63c8</load_address>
         <readonly>true</readonly>
         <executable>true</executable>
         <run_address>0x63c8</run_address>
         <size>0x58</size>
         <alignment>0x2</alignment>
         <input_file_ref idref="fl-3f"/>
      </object_component>
      <object_component id="oc-307">
         <name>.text.__aeabi_idivmod</name>
         <load_address>0x6420</load_address>
         <readonly>true</readonly>
         <executable>true</executable>
         <run_address>0x6420</run_address>
         <size>0x56</size>
         <alignment>0x4</alignment>
         <input_file_ref idref="fl-126"/>
      </object_component>
      <object_component id="oc-2cc">
         <name>.text._ecpy</name>
         <load_address>0x6476</load_address>
         <readonly>true</readonly>
         <executable>true</executable>
         <run_address>0x6476</run_address>
         <size>0x52</size>
         <alignment>0x2</alignment>
         <input_file_ref idref="fl-3f"/>
      </object_component>
      <object_component id="oc-180">
         <name>.text.__floatdisf</name>
         <load_address>0x64c8</load_address>
         <readonly>true</readonly>
         <executable>true</executable>
         <run_address>0x64c8</run_address>
         <size>0x4e</size>
         <alignment>0x4</alignment>
         <input_file_ref idref="fl-11c"/>
      </object_component>
      <object_component id="oc-1dc">
         <name>.text.DL_ADC12_initSingleSample</name>
         <load_address>0x6518</load_address>
         <readonly>true</readonly>
         <executable>true</executable>
         <run_address>0x6518</run_address>
         <size>0x4c</size>
         <alignment>0x4</alignment>
         <input_file_ref idref="fl-2"/>
      </object_component>
      <object_component id="oc-25a">
         <name>.text.DL_DMA_initChannel</name>
         <load_address>0x6564</load_address>
         <readonly>true</readonly>
         <executable>true</executable>
         <run_address>0x6564</run_address>
         <size>0x4c</size>
         <alignment>0x4</alignment>
         <input_file_ref idref="fl-18"/>
      </object_component>
      <object_component id="oc-1d1">
         <name>.text.DL_UART_setBaudRateDivisor</name>
         <load_address>0x65b0</load_address>
         <readonly>true</readonly>
         <executable>true</executable>
         <run_address>0x65b0</run_address>
         <size>0x4c</size>
         <alignment>0x4</alignment>
         <input_file_ref idref="fl-2"/>
      </object_component>
      <object_component id="oc-1dd">
         <name>.text.DL_ADC12_configConversionMem</name>
         <load_address>0x65fc</load_address>
         <readonly>true</readonly>
         <executable>true</executable>
         <run_address>0x65fc</run_address>
         <size>0x4a</size>
         <alignment>0x2</alignment>
         <input_file_ref idref="fl-2"/>
      </object_component>
      <object_component id="oc-175">
         <name>.text.__fixdfsi</name>
         <load_address>0x6648</load_address>
         <readonly>true</readonly>
         <executable>true</executable>
         <run_address>0x6648</run_address>
         <size>0x4a</size>
         <alignment>0x4</alignment>
         <input_file_ref idref="fl-118"/>
      </object_component>
      <object_component id="oc-1cf">
         <name>.text.DL_UART_init</name>
         <load_address>0x6694</load_address>
         <readonly>true</readonly>
         <executable>true</executable>
         <run_address>0x6694</run_address>
         <size>0x48</size>
         <alignment>0x4</alignment>
         <input_file_ref idref="fl-1a"/>
      </object_component>
      <object_component id="oc-102">
         <name>.text.SYSCFG_DL_UART_0_init</name>
         <load_address>0x66dc</load_address>
         <readonly>true</readonly>
         <executable>true</executable>
         <run_address>0x66dc</run_address>
         <size>0x48</size>
         <alignment>0x4</alignment>
         <input_file_ref idref="fl-2"/>
      </object_component>
      <object_component id="oc-23d">
         <name>.text.arm_cos_q15</name>
         <load_address>0x6724</load_address>
         <readonly>true</readonly>
         <executable>true</executable>
         <run_address>0x6724</run_address>
         <size>0x48</size>
         <alignment>0x4</alignment>
         <input_file_ref idref="fl-55"/>
      </object_component>
      <object_component id="oc-ab">
         <name>.text.Output_1to2V_Sin</name>
         <load_address>0x676c</load_address>
         <readonly>true</readonly>
         <executable>true</executable>
         <run_address>0x676c</run_address>
         <size>0x46</size>
         <alignment>0x2</alignment>
         <input_file_ref idref="fl-1"/>
      </object_component>
      <object_component id="oc-295">
         <name>.text.arm_max_q15</name>
         <load_address>0x67b2</load_address>
         <readonly>true</readonly>
         <executable>true</executable>
         <run_address>0x67b2</run_address>
         <size>0x46</size>
         <alignment>0x2</alignment>
         <input_file_ref idref="fl-58"/>
      </object_component>
      <object_component id="oc-9d">
         <name>.text.DDS_Convert_With_Outside</name>
         <load_address>0x67f8</load_address>
         <readonly>true</readonly>
         <executable>true</executable>
         <run_address>0x67f8</run_address>
         <size>0x44</size>
         <alignment>0x4</alignment>
         <input_file_ref idref="fl-1"/>
      </object_component>
      <object_component id="oc-11f">
         <name>.text.__fixunsdfsi</name>
         <load_address>0x683c</load_address>
         <readonly>true</readonly>
         <executable>true</executable>
         <run_address>0x683c</run_address>
         <size>0x42</size>
         <alignment>0x4</alignment>
         <input_file_ref idref="fl-11a"/>
      </object_component>
      <object_component id="oc-2e5">
         <name>.text.arm_bitreversal_16</name>
         <load_address>0x687e</load_address>
         <readonly>true</readonly>
         <executable>true</executable>
         <run_address>0x687e</run_address>
         <size>0x42</size>
         <alignment>0x2</alignment>
         <input_file_ref idref="fl-5f"/>
      </object_component>
      <object_component id="oc-1d6">
         <name>.text.DL_ADC12_setClockConfig</name>
         <load_address>0x68c0</load_address>
         <readonly>true</readonly>
         <executable>true</executable>
         <run_address>0x68c0</run_address>
         <size>0x40</size>
         <alignment>0x4</alignment>
         <input_file_ref idref="fl-15"/>
      </object_component>
      <object_component id="oc-110">
         <name>.text.__aeabi_uidivmod</name>
         <load_address>0x6900</load_address>
         <readonly>true</readonly>
         <executable>true</executable>
         <run_address>0x6900</run_address>
         <size>0x40</size>
         <alignment>0x4</alignment>
         <input_file_ref idref="fl-12a"/>
      </object_component>
      <object_component id="oc-bb">
         <name>.text.__extendsfdf2</name>
         <load_address>0x6940</load_address>
         <readonly>true</readonly>
         <executable>true</executable>
         <run_address>0x6940</run_address>
         <size>0x40</size>
         <alignment>0x4</alignment>
         <input_file_ref idref="fl-117"/>
      </object_component>
      <object_component id="oc-274">
         <name>.text.atoi</name>
         <load_address>0x6980</load_address>
         <readonly>true</readonly>
         <executable>true</executable>
         <run_address>0x6980</run_address>
         <size>0x40</size>
         <alignment>0x4</alignment>
         <input_file_ref idref="fl-4b"/>
      </object_component>
      <object_component id="oc-22e">
         <name>.text.__divmoddi4</name>
         <load_address>0x69c0</load_address>
         <readonly>true</readonly>
         <executable>true</executable>
         <run_address>0x69c0</run_address>
         <size>0x3e</size>
         <alignment>0x2</alignment>
         <input_file_ref idref="fl-130"/>
      </object_component>
      <object_component id="oc-1c2">
         <name>.text.DL_Timer_setCounterControl</name>
         <load_address>0x6a00</load_address>
         <readonly>true</readonly>
         <executable>true</executable>
         <run_address>0x6a00</run_address>
         <size>0x3c</size>
         <alignment>0x4</alignment>
         <input_file_ref idref="fl-2"/>
      </object_component>
      <object_component id="oc-125">
         <name>.text.Write_Phi</name>
         <load_address>0x6a3c</load_address>
         <readonly>true</readonly>
         <executable>true</executable>
         <run_address>0x6a3c</run_address>
         <size>0x3c</size>
         <alignment>0x4</alignment>
         <input_file_ref idref="fl-6"/>
      </object_component>
      <object_component id="oc-128">
         <name>.text.__floatsisf</name>
         <load_address>0x6a78</load_address>
         <readonly>true</readonly>
         <executable>true</executable>
         <run_address>0x6a78</run_address>
         <size>0x3c</size>
         <alignment>0x4</alignment>
         <input_file_ref idref="fl-11e"/>
      </object_component>
      <object_component id="oc-223">
         <name>.text.__gtsf2</name>
         <load_address>0x6ab4</load_address>
         <readonly>true</readonly>
         <executable>true</executable>
         <run_address>0x6ab4</run_address>
         <size>0x3c</size>
         <alignment>0x4</alignment>
         <input_file_ref idref="fl-12c"/>
      </object_component>
      <object_component id="oc-13f">
         <name>.text.initStr_New</name>
         <load_address>0x6af0</load_address>
         <readonly>true</readonly>
         <executable>true</executable>
         <run_address>0x6af0</run_address>
         <size>0x3c</size>
         <alignment>0x4</alignment>
         <input_file_ref idref="fl-5"/>
      </object_component>
      <object_component id="oc-e4">
         <name>.text:__TI_auto_init_nobinit_nopinit</name>
         <load_address>0x6b2c</load_address>
         <readonly>true</readonly>
         <executable>true</executable>
         <run_address>0x6b2c</run_address>
         <size>0x3c</size>
         <alignment>0x4</alignment>
         <input_file_ref idref="fl-39"/>
      </object_component>
      <object_component id="oc-21e">
         <name>.text.__eqsf2</name>
         <load_address>0x6b68</load_address>
         <readonly>true</readonly>
         <executable>true</executable>
         <run_address>0x6b68</run_address>
         <size>0x3a</size>
         <alignment>0x4</alignment>
         <input_file_ref idref="fl-12c"/>
      </object_component>
      <object_component id="oc-20a">
         <name>.text.__muldsi3</name>
         <load_address>0x6ba4</load_address>
         <readonly>true</readonly>
         <executable>true</executable>
         <run_address>0x6ba4</run_address>
         <size>0x3a</size>
         <alignment>0x4</alignment>
         <input_file_ref idref="fl-113"/>
      </object_component>
      <object_component id="oc-92">
         <name>.text.DAC_Set</name>
         <load_address>0x6be0</load_address>
         <readonly>true</readonly>
         <executable>true</executable>
         <run_address>0x6be0</run_address>
         <size>0x38</size>
         <alignment>0x4</alignment>
         <input_file_ref idref="fl-1"/>
      </object_component>
      <object_component id="oc-151">
         <name>.text.DL_Timer_setPublisherChanID</name>
         <load_address>0x6c18</load_address>
         <readonly>true</readonly>
         <executable>true</executable>
         <run_address>0x6c18</run_address>
         <size>0x38</size>
         <alignment>0x4</alignment>
         <input_file_ref idref="fl-1"/>
      </object_component>
      <object_component id="oc-1cb">
         <name>.text.DL_Timer_setPublisherChanID</name>
         <load_address>0x6c50</load_address>
         <readonly>true</readonly>
         <executable>true</executable>
         <run_address>0x6c50</run_address>
         <size>0x38</size>
         <alignment>0x4</alignment>
         <input_file_ref idref="fl-2"/>
      </object_component>
      <object_component id="oc-88">
         <name>.text.SYSCFG_DL_init</name>
         <load_address>0x6c88</load_address>
         <readonly>true</readonly>
         <executable>true</executable>
         <run_address>0x6c88</run_address>
         <size>0x38</size>
         <alignment>0x4</alignment>
         <input_file_ref idref="fl-2"/>
      </object_component>
      <object_component id="oc-134">
         <name>.text.__fixsfsi</name>
         <load_address>0x6cc0</load_address>
         <readonly>true</readonly>
         <executable>true</executable>
         <run_address>0x6cc0</run_address>
         <size>0x38</size>
         <alignment>0x4</alignment>
         <input_file_ref idref="fl-119"/>
      </object_component>
      <object_component id="oc-9f">
         <name>.text.sprintf</name>
         <load_address>0x6cf8</load_address>
         <readonly>true</readonly>
         <executable>true</executable>
         <run_address>0x6cf8</run_address>
         <size>0x38</size>
         <alignment>0x4</alignment>
         <input_file_ref idref="fl-31"/>
      </object_component>
      <object_component id="oc-ff">
         <name>.text.SYSCFG_DL_SYSCTL_init</name>
         <load_address>0x6d30</load_address>
         <readonly>true</readonly>
         <executable>true</executable>
         <run_address>0x6d30</run_address>
         <size>0x34</size>
         <alignment>0x2</alignment>
         <input_file_ref idref="fl-2"/>
      </object_component>
      <object_component id="oc-241">
         <name>.text.arm_sin_q15</name>
         <load_address>0x6d64</load_address>
         <readonly>true</readonly>
         <executable>true</executable>
         <run_address>0x6d64</run_address>
         <size>0x34</size>
         <alignment>0x4</alignment>
         <input_file_ref idref="fl-56"/>
      </object_component>
      <object_component id="oc-152">
         <name>.text.__fixunssfsi</name>
         <load_address>0x6d98</load_address>
         <readonly>true</readonly>
         <executable>true</executable>
         <run_address>0x6d98</run_address>
         <size>0x32</size>
         <alignment>0x4</alignment>
         <input_file_ref idref="fl-11b"/>
      </object_component>
      <object_component id="oc-207">
         <name>.text.DL_DMA_setTransferSize</name>
         <load_address>0x6dcc</load_address>
         <readonly>true</readonly>
         <executable>true</executable>
         <run_address>0x6dcc</run_address>
         <size>0x30</size>
         <alignment>0x4</alignment>
         <input_file_ref idref="fl-1"/>
      </object_component>
      <object_component id="oc-259">
         <name>.text.DL_DMA_setTransferSize</name>
         <load_address>0x6dfc</load_address>
         <readonly>true</readonly>
         <executable>true</executable>
         <run_address>0x6dfc</run_address>
         <size>0x30</size>
         <alignment>0x4</alignment>
         <input_file_ref idref="fl-2"/>
      </object_component>
      <object_component id="oc-2cd">
         <name>.text._fcpy</name>
         <load_address>0x6e2c</load_address>
         <readonly>true</readonly>
         <executable>true</executable>
         <run_address>0x6e2c</run_address>
         <size>0x30</size>
         <alignment>0x2</alignment>
         <input_file_ref idref="fl-3f"/>
      </object_component>
      <object_component id="oc-1e1">
         <name>.text.DL_ADC12_setDMASamplesCnt</name>
         <load_address>0x6e5c</load_address>
         <readonly>true</readonly>
         <executable>true</executable>
         <run_address>0x6e5c</run_address>
         <size>0x2c</size>
         <alignment>0x4</alignment>
         <input_file_ref idref="fl-2"/>
      </object_component>
      <object_component id="oc-1ea">
         <name>.text.SYSCFG_DL_DMA_CH1_init</name>
         <load_address>0x6e88</load_address>
         <readonly>true</readonly>
         <executable>true</executable>
         <run_address>0x6e88</run_address>
         <size>0x2c</size>
         <alignment>0x4</alignment>
         <input_file_ref idref="fl-2"/>
      </object_component>
      <object_component id="oc-96">
         <name>.text.__NVIC_ClearPendingIRQ</name>
         <load_address>0x6eb4</load_address>
         <readonly>true</readonly>
         <executable>true</executable>
         <run_address>0x6eb4</run_address>
         <size>0x2c</size>
         <alignment>0x4</alignment>
         <input_file_ref idref="fl-1"/>
      </object_component>
      <object_component id="oc-94">
         <name>.text.__NVIC_EnableIRQ</name>
         <load_address>0x6ee0</load_address>
         <readonly>true</readonly>
         <executable>true</executable>
         <run_address>0x6ee0</run_address>
         <size>0x2c</size>
         <alignment>0x4</alignment>
         <input_file_ref idref="fl-1"/>
      </object_component>
      <object_component id="oc-16d">
         <name>.text.__floatsidf</name>
         <load_address>0x6f0c</load_address>
         <readonly>true</readonly>
         <executable>true</executable>
         <run_address>0x6f0c</run_address>
         <size>0x2c</size>
         <alignment>0x4</alignment>
         <input_file_ref idref="fl-11d"/>
      </object_component>
      <object_component id="oc-256">
         <name>.text.DL_Common_updateReg</name>
         <load_address>0x6f38</load_address>
         <readonly>true</readonly>
         <executable>true</executable>
         <run_address>0x6f38</run_address>
         <size>0x28</size>
         <alignment>0x2</alignment>
         <input_file_ref idref="fl-2"/>
      </object_component>
      <object_component id="oc-206">
         <name>.text.DL_DMA_setDestAddr</name>
         <load_address>0x6f60</load_address>
         <readonly>true</readonly>
         <executable>true</executable>
         <run_address>0x6f60</run_address>
         <size>0x28</size>
         <alignment>0x4</alignment>
         <input_file_ref idref="fl-1"/>
      </object_component>
      <object_component id="oc-93">
         <name>.text.DL_DMA_setSrcAddr</name>
         <load_address>0x6f88</load_address>
         <readonly>true</readonly>
         <executable>true</executable>
         <run_address>0x6f88</run_address>
         <size>0x28</size>
         <alignment>0x4</alignment>
         <input_file_ref idref="fl-1"/>
      </object_component>
      <object_component id="oc-150">
         <name>.text.DL_Timer_enableEvent</name>
         <load_address>0x6fb0</load_address>
         <readonly>true</readonly>
         <executable>true</executable>
         <run_address>0x6fb0</run_address>
         <size>0x28</size>
         <alignment>0x4</alignment>
         <input_file_ref idref="fl-1"/>
      </object_component>
      <object_component id="oc-1ca">
         <name>.text.DL_Timer_enableEvent</name>
         <load_address>0x6fd8</load_address>
         <readonly>true</readonly>
         <executable>true</executable>
         <run_address>0x6fd8</run_address>
         <size>0x28</size>
         <alignment>0x4</alignment>
         <input_file_ref idref="fl-2"/>
      </object_component>
      <object_component id="oc-1e9">
         <name>.text.SYSCFG_DL_DMA_CH0_init</name>
         <load_address>0x7000</load_address>
         <readonly>true</readonly>
         <executable>true</executable>
         <run_address>0x7000</run_address>
         <size>0x28</size>
         <alignment>0x4</alignment>
         <input_file_ref idref="fl-2"/>
      </object_component>
      <object_component id="oc-99">
         <name>.text.__floatunsisf</name>
         <load_address>0x7028</load_address>
         <readonly>true</readonly>
         <executable>true</executable>
         <run_address>0x7028</run_address>
         <size>0x28</size>
         <alignment>0x4</alignment>
         <input_file_ref idref="fl-120"/>
      </object_component>
      <object_component id="oc-58">
         <name>.text:_c_int00_noargs</name>
         <load_address>0x7050</load_address>
         <readonly>true</readonly>
         <executable>true</executable>
         <run_address>0x7050</run_address>
         <size>0x28</size>
         <alignment>0x4</alignment>
         <input_file_ref idref="fl-37"/>
      </object_component>
      <object_component id="oc-208">
         <name>.text.DL_DMA_enableChannel</name>
[...]
         <name>__TI_zero_init</name>
         <value>0x7771</value>
         <object_component_ref idref="oc-55"/>
      </symbol>
      <symbol id="sm-366">
         <name>__TI_decompress_none</name>
         <value>0x771d</value>
         <object_component_ref idref="oc-22"/>
      </symbol>
      <symbol id="sm-371">
         <name>__TI_decompress_lzss</name>
         <value>0x5cdd</value>
         <object_component_ref idref="oc-1e"/>
      </symbol>
      <symbol id="sm-3ba">
         <name>__TI_printfi</name>
         <value>0xbc9</value>
         <object_component_ref idref="oc-218"/>
      </symbol>
      <symbol id="sm-3c8">
         <name>frexp</name>
         <value>0x620d</value>
         <object_component_ref idref="oc-2be"/>
      </symbol>
      <symbol id="sm-3c9">
         <name>frexpl</name>
         <value>0x620d</value>
         <object_component_ref idref="oc-2be"/>
      </symbol>
      <symbol id="sm-3d3">
         <name>scalbn</name>
         <value>0x4dad</value>
         <object_component_ref idref="oc-2c2"/>
      </symbol>
      <symbol id="sm-3d4">
         <name>ldexp</name>
         <value>0x4dad</value>
         <object_component_ref idref="oc-2c2"/>
      </symbol>
      <symbol id="sm-3d5">
         <name>scalbnl</name>
         <value>0x4dad</value>
         <object_component_ref idref="oc-2c2"/>
      </symbol>
      <symbol id="sm-3d6">
         <name>ldexpl</name>
         <value>0x4dad</value>
         <object_component_ref idref="oc-2c2"/>
      </symbol>
      <symbol id="sm-3df">
         <name>wcslen</name>
         <value>0x7761</value>
         <object_component_ref idref="oc-278"/>
      </symbol>
      <symbol id="sm-3e9">
         <name>abort</name>
         <value>0x780d</value>
         <object_component_ref idref="oc-dd"/>
      </symbol>
      <symbol id="sm-3f3">
         <name>__TI_ltoa</name>
         <value>0x6319</value>
         <object_component_ref idref="oc-2c6"/>
      </symbol>
      <symbol id="sm-3fe">
         <name>atoi</name>
         <value>0x6981</value>
         <object_component_ref idref="oc-274"/>
      </symbol>
      <symbol id="sm-407">
         <name>memccpy</name>
         <value>0x7131</value>
         <object_component_ref idref="oc-26d"/>
      </symbol>
      <symbol id="sm-40a">
         <name>__aeabi_ctype_table_</name>
         <value>0x97f0</value>
         <object_component_ref idref="oc-2b7"/>
      </symbol>
      <symbol id="sm-40b">
         <name>__aeabi_ctype_table_C</name>
         <value>0x97f0</value>
         <object_component_ref idref="oc-2b7"/>
      </symbol>
      <symbol id="sm-411">
         <name>arm_cfft_sR_q15_len1024</name>
         <value>0x997c</value>
         <object_component_ref idref="oc-299"/>
      </symbol>
      <symbol id="sm-41b">
         <name>arm_cmplx_mag_q31</name>
         <value>0x3e79</value>
         <object_component_ref idref="oc-291"/>
      </symbol>
      <symbol id="sm-425">
         <name>arm_cos_f32</name>
         <value>0x56a1</value>
         <object_component_ref idref="oc-286"/>
      </symbol>
      <symbol id="sm-42f">
         <name>arm_cos_q15</name>
         <value>0x6725</value>
         <object_component_ref idref="oc-23d"/>
      </symbol>
      <symbol id="sm-439">
         <name>arm_sin_q15</name>
         <value>0x6d65</value>
         <object_component_ref idref="oc-241"/>
      </symbol>
      <symbol id="sm-443">
         <name>arm_sqrt_q31</name>
         <value>0x3d1d</value>
         <object_component_ref idref="oc-2ee"/>
      </symbol>
      <symbol id="sm-44c">
         <name>arm_max_q15</name>
         <value>0x67b3</value>
         <object_component_ref idref="oc-295"/>
      </symbol>
      <symbol id="sm-45c">
         <name>arm_cfft_q15</name>
         <value>0x4cc9</value>
         <object_component_ref idref="oc-28b"/>
      </symbol>
      <symbol id="sm-45d">
         <name>arm_cfft_radix4by2_inverse_q15</name>
         <value>0x22d5</value>
         <object_component_ref idref="oc-2dd"/>
      </symbol>
      <symbol id="sm-45e">
         <name>arm_cfft_radix4by2_q15</name>
         <value>0x2615</value>
         <object_component_ref idref="oc-2e4"/>
      </symbol>
      <symbol id="sm-46c">
         <name>arm_radix4_butterfly_inverse_q15</name>
         <value>0x1599</value>
         <object_component_ref idref="oc-2de"/>
      </symbol>
      <symbol id="sm-46d">
         <name>arm_radix4_butterfly_q15</name>
         <value>0x1a8d</value>
         <object_component_ref idref="oc-2eb"/>
      </symbol>
      <symbol id="sm-473">
         <name>twiddleCoef_1024_q15</name>
         <value>0x7820</value>
         <object_component_ref idref="oc-2f8"/>
      </symbol>
      <symbol id="sm-474">
         <name>armBitRevIndexTable_fixed_1024</name>
         <value>0x8c24</value>
         <object_component_ref idref="oc-2f9"/>
      </symbol>
      <symbol id="sm-475">
         <name>sinTable_f32</name>
         <value>0x8420</value>
         <object_component_ref idref="oc-2d9"/>
      </symbol>
      <symbol id="sm-476">
         <name>sinTable_q15</name>
         <value>0x93e4</value>
         <object_component_ref idref="oc-2a2"/>
      </symbol>
      <symbol id="sm-481">
         <name>arm_bitreversal_16</name>
         <value>0x687f</value>
         <object_component_ref idref="oc-2e5"/>
      </symbol>
      <symbol id="sm-48a">
         <name>HOSTexit</name>
         <value>0x7813</value>
         <object_component_ref idref="oc-198"/>
      </symbol>
      <symbol id="sm-48b">
         <name>C$$EXIT</name>
         <value>0x7812</value>
         <object_component_ref idref="oc-198"/>
      </symbol>
      <symbol id="sm-4a0">
         <name>__aeabi_fadd</name>
         <value>0x4e8f</value>
         <object_component_ref idref="oc-18d"/>
      </symbol>
      <symbol id="sm-4a1">
         <name>__addsf3</name>
         <value>0x4e8f</value>
         <object_component_ref idref="oc-18d"/>
      </symbol>
      <symbol id="sm-4a2">
         <name>__aeabi_fsub</name>
         <value>0x4e85</value>
         <object_component_ref idref="oc-18d"/>
      </symbol>
      <symbol id="sm-4a3">
         <name>__subsf3</name>
         <value>0x4e85</value>
         <object_component_ref idref="oc-18d"/>
      </symbol>
      <symbol id="sm-4a9">
         <name>__aeabi_dadd</name>
         <value>0x38a3</value>
         <object_component_ref idref="oc-bf"/>
      </symbol>
      <symbol id="sm-4aa">
         <name>__adddf3</name>
         <value>0x38a3</value>
         <object_component_ref idref="oc-bf"/>
      </symbol>
      <symbol id="sm-4ab">
         <name>__aeabi_dsub</name>
         <value>0x3899</value>
         <object_component_ref idref="oc-bf"/>
      </symbol>
      <symbol id="sm-4ac">
         <name>__subdf3</name>
         <value>0x3899</value>
         <object_component_ref idref="oc-bf"/>
      </symbol>
      <symbol id="sm-4b5">
         <name>__aeabi_dmul</name>
         <value>0x4be5</value>
         <object_component_ref idref="oc-184"/>
      </symbol>
      <symbol id="sm-4b6">
         <name>__muldf3</name>
         <value>0x4be5</value>
         <object_component_ref idref="oc-184"/>
      </symbol>
      <symbol id="sm-4bc">
         <name>__muldsi3</name>
         <value>0x6ba5</value>
         <object_component_ref idref="oc-20a"/>
      </symbol>
      <symbol id="sm-4c2">
         <name>__aeabi_fmul</name>
         <value>0x59b9</value>
         <object_component_ref idref="oc-12c"/>
      </symbol>
      <symbol id="sm-4c3">
         <name>__mulsf3</name>
         <value>0x59b9</value>
         <object_component_ref idref="oc-12c"/>
      </symbol>
      <symbol id="sm-4c9">
         <name>__aeabi_fdiv</name>
         <value>0x5bd9</value>
         <object_component_ref idref="oc-130"/>
      </symbol>
      <symbol id="sm-4ca">
         <name>__divsf3</name>
         <value>0x5bd9</value>
         <object_component_ref idref="oc-130"/>
      </symbol>
      <symbol id="sm-4d0">
         <name>__aeabi_ddiv</name>
         <value>0x47f1</value>
         <object_component_ref idref="oc-11b"/>
      </symbol>
      <symbol id="sm-4d1">
         <name>__divdf3</name>
         <value>0x47f1</value>
         <object_component_ref idref="oc-11b"/>
      </symbol>
      <symbol id="sm-4d7">
         <name>__aeabi_f2d</name>
         <value>0x6941</value>
         <object_component_ref idref="oc-bb"/>
      </symbol>
      <symbol id="sm-4d8">
         <name>__extendsfdf2</name>
         <value>0x6941</value>
         <object_component_ref idref="oc-bb"/>
      </symbol>
      <symbol id="sm-4de">
         <name>__aeabi_d2iz</name>
         <value>0x6649</value>
         <object_component_ref idref="oc-175"/>
      </symbol>
      <symbol id="sm-4df">
         <name>__fixdfsi</name>
         <value>0x6649</value>
         <object_component_ref idref="oc-175"/>
      </symbol>
      <symbol id="sm-4e5">
         <name>__aeabi_f2iz</name>
         <value>0x6cc1</value>
         <object_component_ref idref="oc-134"/>
      </symbol>
      <symbol id="sm-4e6">
         <name>__fixsfsi</name>
         <value>0x6cc1</value>
         <object_component_ref idref="oc-134"/>
      </symbol>
      <symbol id="sm-4ec">
         <name>__aeabi_d2uiz</name>
         <value>0x683d</value>
         <object_component_ref idref="oc-11f"/>
      </symbol>
      <symbol id="sm-4ed">
         <name>__fixunsdfsi</name>
         <value>0x683d</value>
         <object_component_ref idref="oc-11f"/>
      </symbol>
      <symbol id="sm-4f3">
         <name>__aeabi_f2uiz</name>
         <value>0x6d99</value>
         <object_component_ref idref="oc-152"/>
      </symbol>
      <symbol id="sm-4f4">
         <name>__fixunssfsi</name>
         <value>0x6d99</value>
         <object_component_ref idref="oc-152"/>
      </symbol>
      <symbol id="sm-4fa">
         <name>__aeabi_l2f</name>
         <value>0x64c9</value>
         <object_component_ref idref="oc-180"/>
      </symbol>
      <symbol id="sm-4fb">
         <name>__floatdisf</name>
         <value>0x64c9</value>
         <object_component_ref idref="oc-180"/>
      </symbol>
      <symbol id="sm-501">
         <name>__aeabi_i2d</name>
         <value>0x6f0d</value>
         <object_component_ref idref="oc-16d"/>
      </symbol>
      <symbol id="sm-502">
         <name>__floatsidf</name>
         <value>0x6f0d</value>
         <object_component_ref idref="oc-16d"/>
      </symbol>
      <symbol id="sm-508">
         <name>__aeabi_i2f</name>
         <value>0x6a79</value>
         <object_component_ref idref="oc-128"/>
      </symbol>
      <symbol id="sm-509">
         <name>__floatsisf</name>
         <value>0x6a79</value>
         <object_component_ref idref="oc-128"/>
      </symbol>
      <symbol id="sm-50f">
         <name>__aeabi_ui2d</name>
         <value>0x70e9</value>
         <object_component_ref idref="oc-117"/>
      </symbol>
      <symbol id="sm-510">
         <name>__floatunsidf</name>
         <value>0x70e9</value>
         <object_component_ref idref="oc-117"/>
      </symbol>
      <symbol id="sm-516">
         <name>__aeabi_ui2f</name>
         <value>0x7029</value>
         <object_component_ref idref="oc-99"/>
      </symbol>
      <symbol id="sm-517">
         <name>__floatunsisf</name>
         <value>0x7029</value>
         <object_component_ref idref="oc-99"/>
      </symbol>
      <symbol id="sm-51d">
         <name>__aeabi_lmul</name>
         <value>0x710d</value>
         <object_component_ref idref="oc-165"/>
      </symbol>
      <symbol id="sm-51e">
         <name>__muldi3</name>
         <value>0x710d</value>
         <object_component_ref idref="oc-165"/>
      </symbol>
      <symbol id="sm-525">
         <name>__aeabi_d2f</name>
         <value>0x5f31</value>
         <object_component_ref idref="oc-c3"/>
      </symbol>
      <symbol id="sm-526">
         <name>__truncdfsf2</name>
         <value>0x5f31</value>
         <object_component_ref idref="oc-c3"/>
      </symbol>
      <symbol id="sm-52f">
         <name>__clzsi2</name>
         <value>0x6371</value>
         <object_component_ref idref="oc-314"/>
      </symbol>
      <symbol id="sm-535">
         <name>__aeabi_dcmpeq</name>
         <value>0x6145</value>
         <object_component_ref idref="oc-27e"/>
      </symbol>
      <symbol id="sm-536">
         <name>__aeabi_dcmplt</name>
         <value>0x6159</value>
         <object_component_ref idref="oc-27e"/>
      </symbol>
      <symbol id="sm-537">
         <name>__aeabi_dcmple</name>
         <value>0x616d</value>
         <object_component_ref idref="oc-27e"/>
      </symbol>
      <symbol id="sm-538">
         <name>__aeabi_dcmpge</name>
         <value>0x6181</value>
         <object_component_ref idref="oc-27e"/>
      </symbol>
      <symbol id="sm-539">
         <name>__aeabi_dcmpgt</name>
         <value>0x6195</value>
         <object_component_ref idref="oc-27e"/>
      </symbol>
      <symbol id="sm-53f">
         <name>__aeabi_fcmpeq</name>
         <value>0x61a9</value>
         <object_component_ref idref="oc-158"/>
      </symbol>
      <symbol id="sm-540">
         <name>__aeabi_fcmplt</name>
         <value>0x61bd</value>
         <object_component_ref idref="oc-158"/>
      </symbol>
      <symbol id="sm-541">
         <name>__aeabi_fcmple</name>
         <value>0x61d1</value>
         <object_component_ref idref="oc-158"/>
      </symbol>
      <symbol id="sm-542">
         <name>__aeabi_fcmpge</name>
         <value>0x61e5</value>
         <object_component_ref idref="oc-158"/>
      </symbol>
      <symbol id="sm-543">
         <name>__aeabi_fcmpgt</name>
         <value>0x61f9</value>
         <object_component_ref idref="oc-158"/>
      </symbol>
      <symbol id="sm-549">
         <name>__aeabi_idiv</name>
         <value>0x6421</value>
         <object_component_ref idref="oc-307"/>
      </symbol>
      <symbol id="sm-54a">
         <name>__aeabi_idivmod</name>
         <value>0x6421</value>
         <object_component_ref idref="oc-307"/>
      </symbol>
      <symbol id="sm-550">
         <name>__aeabi_ldivmod</name>
         <value>0x7699</value>
         <object_component_ref idref="oc-169"/>
      </symbol>
      <symbol id="sm-556">
         <name>__aeabi_memcpy</name>
         <value>0x7805</value>
         <object_component_ref idref="oc-48"/>
      </symbol>
      <symbol id="sm-557">
         <name>__aeabi_memcpy4</name>
         <value>0x7805</value>
         <object_component_ref idref="oc-48"/>
      </symbol>
      <symbol id="sm-558">
         <name>__aeabi_memcpy8</name>
         <value>0x7805</value>
         <object_component_ref idref="oc-48"/>
      </symbol>
      <symbol id="sm-561">
         <name>__aeabi_memset</name>
         <value>0x7781</value>
         <object_component_ref idref="oc-26c"/>
      </symbol>
      <symbol id="sm-562">
         <name>__aeabi_memset4</name>
         <value>0x7781</value>
         <object_component_ref idref="oc-26c"/>
      </symbol>
      <symbol id="sm-563">
         <name>__aeabi_memset8</name>
         <value>0x7781</value>
         <object_component_ref idref="oc-26c"/>
      </symbol>
      <symbol id="sm-564">
         <name>__aeabi_memclr</name>
         <value>0x77b9</value>
         <object_component_ref idref="oc-6a"/>
      </symbol>
      <symbol id="sm-565">
         <name>__aeabi_memclr4</name>
         <value>0x77b9</value>
         <object_component_ref idref="oc-6a"/>
      </symbol>
      <symbol id="sm-566">
         <name>__aeabi_memclr8</name>
         <value>0x77b9</value>
         <object_component_ref idref="oc-6a"/>
      </symbol>
      <symbol id="sm-56c">
         <name>__aeabi_uidiv</name>
         <value>0x6901</value>
         <object_component_ref idref="oc-110"/>
      </symbol>
      <symbol id="sm-56d">
         <name>__aeabi_uidivmod</name>
         <value>0x6901</value>
         <object_component_ref idref="oc-110"/>
      </symbol>
      <symbol id="sm-573">
         <name>__aeabi_uldivmod</name>
         <value>0x76ad</value>
         <object_component_ref idref="oc-202"/>
      </symbol>
      <symbol id="sm-57c">
         <name>__eqsf2</name>
         <value>0x6b69</value>
         <object_component_ref idref="oc-21e"/>
      </symbol>
      <symbol id="sm-57d">
         <name>__lesf2</name>
         <value>0x6b69</value>
         <object_component_ref idref="oc-21e"/>
      </symbol>
      <symbol id="sm-57e">
         <name>__ltsf2</name>
         <value>0x6b69</value>
         <object_component_ref idref="oc-21e"/>
      </symbol>
      <symbol id="sm-57f">
         <name>__nesf2</name>
         <value>0x6b69</value>
         <object_component_ref idref="oc-21e"/>
      </symbol>
      <symbol id="sm-580">
         <name>__cmpsf2</name>
         <value>0x6b69</value>
         <object_component_ref idref="oc-21e"/>
      </symbol>
      <symbol id="sm-581">
         <name>__gtsf2</name>
         <value>0x6ab5</value>
         <object_component_ref idref="oc-223"/>
      </symbol>
      <symbol id="sm-582">
         <name>__gesf2</name>
         <value>0x6ab5</value>
         <object_component_ref idref="oc-223"/>
      </symbol>
      <symbol id="sm-588">
         <name>__udivmoddi4</name>
         <value>0x5751</value>
         <object_component_ref idref="oc-265"/>
      </symbol>
      <symbol id="sm-58e">
         <name>__aeabi_llsl</name>
         <value>0x7231</value>
         <object_component_ref idref="oc-2af"/>
      </symbol>
      <symbol id="sm-58f">
         <name>__ashldi3</name>
         <value>0x7231</value>
         <object_component_ref idref="oc-2af"/>
      </symbol>
      <symbol id="sm-59d">
         <name>__ledf2</name>
         <value>0x6075</value>
         <object_component_ref idref="oc-2cf"/>
      </symbol>
      <symbol id="sm-59e">
         <name>__gedf2</name>
         <value>0x5eb9</value>
         <object_component_ref idref="oc-2d5"/>
      </symbol>
      <symbol id="sm-59f">
         <name>__cmpdf2</name>
         <value>0x6075</value>
         <object_component_ref idref="oc-2cf"/>
      </symbol>
      <symbol id="sm-5a0">
         <name>__eqdf2</name>
         <value>0x6075</value>
         <object_component_ref idref="oc-2cf"/>
      </symbol>
      <symbol id="sm-5a1">
         <name>__ltdf2</name>
         <value>0x6075</value>
         <object_component_ref idref="oc-2cf"/>
      </symbol>
      <symbol id="sm-5a2">
         <name>__nedf2</name>
         <value>0x6075</value>
         <object_component_ref idref="oc-2cf"/>
      </symbol>
      <symbol id="sm-5a3">
         <name>__gtdf2</name>
         <value>0x5eb9</value>
         <object_component_ref idref="oc-2d5"/>
      </symbol>
      <symbol id="sm-5ac">
         <name>__divmoddi4</name>
         <value>0x69c1</value>
         <object_component_ref idref="oc-22e"/>
      </symbol>
      <symbol id="sm-5b8">
         <name>__aeabi_idiv0</name>
         <value>0x3897</value>
         <object_component_ref idref="oc-1f7"/>
      </symbol>
      <symbol id="sm-5b9">
         <name>__aeabi_ldiv0</name>
         <value>0x3a2b</value>
         <object_component_ref idref="oc-2ae"/>
      </symbol>
      <symbol id="sm-5c3">
         <name>TI_memcpy_small</name>
         <value>0x770b</value>
         <object_component_ref idref="oc-7e"/>
      </symbol>
      <symbol id="sm-5cc">
         <name>TI_memset_small</name>
         <value>0x779d</value>
         <object_component_ref idref="oc-f7"/>
      </symbol>
      <symbol id="sm-5cd">
         <name>__TI_static_base__</name>
         <value>0x0</value>
      </symbol>
      <symbol id="sm-5d1">
         <name>__mpu_init</name>
         <value>0x0</value>
      </symbol>
      <symbol id="sm-5d2">
         <name>_system_post_cinit</name>
         <value>0x0</value>
      </symbol>
   </symbol_table>
   <title>Link successful</title>
</link_info>
