<?xml version="1.0" encoding="ISO-8859-1" ?>
<link_info>
   <banner>TI ARM Clang Linker PC v4.0.3.LTS</banner>
   <copyright>Copyright (c) 1996-2018 Texas Instruments Incorporated</copyright>
   <command_line>D:\APPS\CCS\ccs\tools\compiler\ti-cgt-armllvm_4.0.3.LTS\bin\tiarmlnk -ID:\APPS\CCS\ccs\tools\compiler\ti-cgt-armllvm_4.0.3.LTS\lib -o G3519_Template_Project.out -mG3519_Template_Project.map -iD:/APPS/TIM0/mspm0_sdk_2_05_01_00/source -iC:/Users/elpam/workspace_ccstheia/G3519_Template_Project -iC:/Users/elpam/workspace_ccstheia/G3519_Template_Project/Debug/syscfg -iD:/APPS/CCS/ccs/tools/compiler/ti-cgt-armllvm_4.0.3.LTS/lib --diag_wrap=off --display_error_number --warn_sections --xml_link_info=G3519_Template_Project_linkInfo.xml --rom_model ./adc12_simultaneous_trigger_event.o ./ti_msp_dl_config.o ./startup_mspm0g351x_ticlang.o ./FFT/CFFT.o ./LCD_Driver/LCD.o ./dsp_9910/dsp_9910.o -l./device_linker.cmd -ldevice.cmd.genlibs -llibc.a -lD:/APPS/TIM0/mspm0_sdk_2_05_01_00/source/third_party/CMSIS/DSP/lib/ticlang/m0p/arm_cortexM0l_math.a --start-group -llibc++.a -llibc++abi.a -llibc.a -llibsys.a -llibsysbm.a -llibclang_rt.builtins.a -llibclang_rt.profile.a --end-group --cg_opt_level=0</command_line>
   <link_time>0x68871aa0</link_time>
   <link_errors>0x0</link_errors>
   <output_file>C:\Users\elpam\workspace_ccstheia\G3519_Template_Project\Debug\G3519_Template_Project.out</output_file>
   <entry_point>
      <name>_c_int00_noargs</name>
      <address>0x3465</address>
   </entry_point>
   <input_file_list>
      <input_file id="fl-1">
         <path>C:\Users\elpam\workspace_ccstheia\G3519_Template_Project\Debug\.\</path>
         <kind>object</kind>
         <file>adc12_simultaneous_trigger_event.o</file>
         <name>adc12_simultaneous_trigger_event.o</name>
      </input_file>
      <input_file id="fl-2">
         <path>C:\Users\elpam\workspace_ccstheia\G3519_Template_Project\Debug\.\</path>
         <kind>object</kind>
         <file>ti_msp_dl_config.o</file>
         <name>ti_msp_dl_config.o</name>
      </input_file>
      <input_file id="fl-3">
         <path>C:\Users\elpam\workspace_ccstheia\G3519_Template_Project\Debug\.\</path>
         <kind>object</kind>
         <file>startup_mspm0g351x_ticlang.o</file>
         <name>startup_mspm0g351x_ticlang.o</name>
      </input_file>
      <input_file id="fl-4">
         <path>C:\Users\elpam\workspace_ccstheia\G3519_Template_Project\Debug\.\FFT\</path>
         <kind>object</kind>
         <file>CFFT.o</file>
         <name>CFFT.o</name>
      </input_file>
      <input_file id="fl-5">
         <path>C:\Users\elpam\workspace_ccstheia\G3519_Template_Project\Debug\.\LCD_Driver\</path>
         <kind>object</kind>
         <file>LCD.o</file>
         <name>LCD.o</name>
      </input_file>
      <input_file id="fl-6">
         <path>C:\Users\elpam\workspace_ccstheia\G3519_Template_Project\Debug\.\dsp_9910\</path>
         <kind>object</kind>
         <file>dsp_9910.o</file>
         <name>dsp_9910.o</name>
      </input_file>
      <input_file id="fl-14">
         <path>C:\Users\elpam\workspace_ccstheia\G3519_Template_Project\Debug\</path>
         <kind>object</kind>
         <file>&lt;internal&gt;</file>
         <name>&lt;internal&gt;</name>
      </input_file>
      <input_file id="fl-15">
         <path>D:\APPS\TIM0\mspm0_sdk_2_05_01_00\source\ti\driverlib\lib\ticlang\m0p\mspm0gx51x\</path>
         <kind>archive</kind>
         <file>driverlib.a</file>
         <name>dl_adc12.o</name>
      </input_file>
      <input_file id="fl-16">
         <path>D:\APPS\TIM0\mspm0_sdk_2_05_01_00\source\ti\driverlib\lib\ticlang\m0p\mspm0gx51x\</path>
         <kind>archive</kind>
         <file>driverlib.a</file>
         <name>dl_common.o</name>
      </input_file>
      <input_file id="fl-17">
         <path>D:\APPS\TIM0\mspm0_sdk_2_05_01_00\source\ti\driverlib\lib\ticlang\m0p\mspm0gx51x\</path>
         <kind>archive</kind>
         <file>driverlib.a</file>
         <name>dl_dac12.o</name>
      </input_file>
      <input_file id="fl-18">
         <path>D:\APPS\TIM0\mspm0_sdk_2_05_01_00\source\ti\driverlib\lib\ticlang\m0p\mspm0gx51x\</path>
         <kind>archive</kind>
         <file>driverlib.a</file>
         <name>dl_dma.o</name>
      </input_file>
      <input_file id="fl-19">
         <path>D:\APPS\TIM0\mspm0_sdk_2_05_01_00\source\ti\driverlib\lib\ticlang\m0p\mspm0gx51x\</path>
         <kind>archive</kind>
         <file>driverlib.a</file>
         <name>dl_timer.o</name>
      </input_file>
      <input_file id="fl-1a">
         <path>D:\APPS\TIM0\mspm0_sdk_2_05_01_00\source\ti\driverlib\lib\ticlang\m0p\mspm0gx51x\</path>
         <kind>archive</kind>
         <file>driverlib.a</file>
         <name>dl_uart.o</name>
      </input_file>
      <input_file id="fl-31">
         <path>D:\APPS\CCS\ccs\tools\compiler\ti-cgt-armllvm_4.0.3.LTS\lib\armv6m-ti-none-eabi\c\</path>
         <kind>archive</kind>
         <file>libc.a</file>
         <name>boot_cortex_m.c.obj</name>
      </input_file>
      <input_file id="fl-32">
         <path>D:\APPS\CCS\ccs\tools\compiler\ti-cgt-armllvm_4.0.3.LTS\lib\armv6m-ti-none-eabi\c\</path>
         <kind>archive</kind>
         <file>libc.a</file>
         <name>mathacl_init.c.obj</name>
      </input_file>
      <input_file id="fl-33">
         <path>D:\APPS\CCS\ccs\tools\compiler\ti-cgt-armllvm_4.0.3.LTS\lib\armv6m-ti-none-eabi\c\</path>
         <kind>archive</kind>
         <file>libc.a</file>
         <name>autoinit.c.obj</name>
      </input_file>
      <input_file id="fl-34">
         <path>D:\APPS\CCS\ccs\tools\compiler\ti-cgt-armllvm_4.0.3.LTS\lib\armv6m-ti-none-eabi\c\</path>
         <kind>archive</kind>
         <file>libc.a</file>
         <name>pre_init.c.obj</name>
      </input_file>
      <input_file id="fl-35">
         <path>D:\APPS\CCS\ccs\tools\compiler\ti-cgt-armllvm_4.0.3.LTS\lib\armv6m-ti-none-eabi\c\</path>
         <kind>archive</kind>
         <file>libc.a</file>
         <name>cpy_tbl.c.obj</name>
      </input_file>
      <input_file id="fl-36">
         <path>D:\APPS\CCS\ccs\tools\compiler\ti-cgt-armllvm_4.0.3.LTS\lib\armv6m-ti-none-eabi\c\</path>
         <kind>archive</kind>
         <file>libc.a</file>
         <name>copy_zero_init.c.obj</name>
      </input_file>
      <input_file id="fl-37">
         <path>D:\APPS\CCS\ccs\tools\compiler\ti-cgt-armllvm_4.0.3.LTS\lib\armv6m-ti-none-eabi\c\</path>
         <kind>archive</kind>
         <file>libc.a</file>
         <name>copy_decompress_none.c.obj</name>
      </input_file>
      <input_file id="fl-38">
         <path>D:\APPS\CCS\ccs\tools\compiler\ti-cgt-armllvm_4.0.3.LTS\lib\armv6m-ti-none-eabi\c\</path>
         <kind>archive</kind>
         <file>libc.a</file>
         <name>copy_decompress_lzss.c.obj</name>
      </input_file>
      <input_file id="fl-39">
         <path>D:\APPS\CCS\ccs\tools\compiler\ti-cgt-armllvm_4.0.3.LTS\lib\armv6m-ti-none-eabi\c\</path>
         <kind>archive</kind>
         <file>libc.a</file>
         <name>exit.c.obj</name>
      </input_file>
      <input_file id="fl-3a">
         <path>D:\APPS\CCS\ccs\tools\compiler\ti-cgt-armllvm_4.0.3.LTS\lib\armv6m-ti-none-eabi\c\</path>
         <kind>archive</kind>
         <file>libc.a</file>
         <name>_lock.c.obj</name>
      </input_file>
      <input_file id="fl-3b">
         <path>D:\APPS\CCS\ccs\tools\compiler\ti-cgt-armllvm_4.0.3.LTS\lib\armv6m-ti-none-eabi\c\</path>
         <kind>archive</kind>
         <file>libc.a</file>
         <name>args_main.c.obj</name>
      </input_file>
      <input_file id="fl-3c">
         <path>D:\APPS\TIM0\mspm0_sdk_2_05_01_00\source\third_party\CMSIS\DSP\lib\ticlang\m0p\</path>
         <kind>archive</kind>
         <file>arm_cortexM0l_math.a</file>
         <name>arm_const_structs.o</name>
      </input_file>
      <input_file id="fl-3d">
         <path>D:\APPS\TIM0\mspm0_sdk_2_05_01_00\source\third_party\CMSIS\DSP\lib\ticlang\m0p\</path>
         <kind>archive</kind>
         <file>arm_cortexM0l_math.a</file>
         <name>arm_cmplx_mag_q31.o</name>
      </input_file>
      <input_file id="fl-3e">
         <path>D:\APPS\TIM0\mspm0_sdk_2_05_01_00\source\third_party\CMSIS\DSP\lib\ticlang\m0p\</path>
         <kind>archive</kind>
         <file>arm_cortexM0l_math.a</file>
         <name>arm_cos_f32.o</name>
      </input_file>
      <input_file id="fl-3f">
         <path>D:\APPS\TIM0\mspm0_sdk_2_05_01_00\source\third_party\CMSIS\DSP\lib\ticlang\m0p\</path>
         <kind>archive</kind>
         <file>arm_cortexM0l_math.a</file>
         <name>arm_sqrt_q31.o</name>
      </input_file>
      <input_file id="fl-40">
         <path>D:\APPS\TIM0\mspm0_sdk_2_05_01_00\source\third_party\CMSIS\DSP\lib\ticlang\m0p\</path>
         <kind>archive</kind>
         <file>arm_cortexM0l_math.a</file>
         <name>arm_max_q15.o</name>
      </input_file>
      <input_file id="fl-41">
         <path>D:\APPS\TIM0\mspm0_sdk_2_05_01_00\source\third_party\CMSIS\DSP\lib\ticlang\m0p\</path>
         <kind>archive</kind>
         <file>arm_cortexM0l_math.a</file>
         <name>arm_cfft_q15.o</name>
      </input_file>
      <input_file id="fl-42">
         <path>D:\APPS\TIM0\mspm0_sdk_2_05_01_00\source\third_party\CMSIS\DSP\lib\ticlang\m0p\</path>
         <kind>archive</kind>
         <file>arm_cortexM0l_math.a</file>
         <name>arm_cfft_radix4_q15.o</name>
      </input_file>
      <input_file id="fl-43">
         <path>D:\APPS\TIM0\mspm0_sdk_2_05_01_00\source\third_party\CMSIS\DSP\lib\ticlang\m0p\</path>
         <kind>archive</kind>
         <file>arm_cortexM0l_math.a</file>
         <name>arm_common_tables.o</name>
      </input_file>
      <input_file id="fl-44">
         <path>D:\APPS\TIM0\mspm0_sdk_2_05_01_00\source\third_party\CMSIS\DSP\lib\ticlang\m0p\</path>
         <kind>archive</kind>
         <file>arm_cortexM0l_math.a</file>
         <name>arm_bitreversal.o</name>
      </input_file>
      <input_file id="fl-45">
         <path>D:\APPS\TIM0\mspm0_sdk_2_05_01_00\source\third_party\CMSIS\DSP\lib\ticlang\m0p\</path>
         <kind>archive</kind>
         <file>arm_cortexM0l_math.a</file>
         <name>arm_bitreversal2.o</name>
      </input_file>
      <input_file id="fl-e5">
         <path>D:\APPS\CCS\ccs\tools\compiler\ti-cgt-armllvm_4.0.3.LTS\lib\armv6m-ti-none-eabi\c\</path>
         <kind>archive</kind>
         <file>libsysbm.a</file>
         <name>hostexit.c.obj</name>
      </input_file>
      <input_file id="fl-e6">
         <path>D:\APPS\CCS\ccs\tools\compiler\ti-cgt-armllvm_4.0.3.LTS\lib\armv6m-ti-none-eabi\</path>
         <kind>archive</kind>
         <file>libclang_rt.builtins.a</file>
         <name>addsf3.S.obj</name>
      </input_file>
      <input_file id="fl-e7">
         <path>D:\APPS\CCS\ccs\tools\compiler\ti-cgt-armllvm_4.0.3.LTS\lib\armv6m-ti-none-eabi\</path>
         <kind>archive</kind>
         <file>libclang_rt.builtins.a</file>
         <name>adddf3.S.obj</name>
      </input_file>
      <input_file id="fl-e8">
         <path>D:\APPS\CCS\ccs\tools\compiler\ti-cgt-armllvm_4.0.3.LTS\lib\armv6m-ti-none-eabi\</path>
         <kind>archive</kind>
         <file>libclang_rt.builtins.a</file>
         <name>muldf3.S.obj</name>
      </input_file>
      <input_file id="fl-e9">
         <path>D:\APPS\CCS\ccs\tools\compiler\ti-cgt-armllvm_4.0.3.LTS\lib\armv6m-ti-none-eabi\</path>
         <kind>archive</kind>
         <file>libclang_rt.builtins.a</file>
         <name>muldsi3.S.obj</name>
      </input_file>
      <input_file id="fl-ea">
         <path>D:\APPS\CCS\ccs\tools\compiler\ti-cgt-armllvm_4.0.3.LTS\lib\armv6m-ti-none-eabi\</path>
         <kind>archive</kind>
         <file>libclang_rt.builtins.a</file>
         <name>mulsf3.S.obj</name>
      </input_file>
      <input_file id="fl-eb">
         <path>D:\APPS\CCS\ccs\tools\compiler\ti-cgt-armllvm_4.0.3.LTS\lib\armv6m-ti-none-eabi\</path>
         <kind>archive</kind>
         <file>libclang_rt.builtins.a</file>
         <name>divsf3.S.obj</name>
      </input_file>
      <input_file id="fl-ec">
         <path>D:\APPS\CCS\ccs\tools\compiler\ti-cgt-armllvm_4.0.3.LTS\lib\armv6m-ti-none-eabi\</path>
         <kind>archive</kind>
         <file>libclang_rt.builtins.a</file>
         <name>divdf3.S.obj</name>
      </input_file>
      <input_file id="fl-ed">
         <path>D:\APPS\CCS\ccs\tools\compiler\ti-cgt-armllvm_4.0.3.LTS\lib\armv6m-ti-none-eabi\</path>
         <kind>archive</kind>
         <file>libclang_rt.builtins.a</file>
         <name>extendsfdf2.S.obj</name>
      </input_file>
      <input_file id="fl-ee">
         <path>D:\APPS\CCS\ccs\tools\compiler\ti-cgt-armllvm_4.0.3.LTS\lib\armv6m-ti-none-eabi\</path>
         <kind>archive</kind>
         <file>libclang_rt.builtins.a</file>
         <name>fixsfsi.S.obj</name>
      </input_file>
      <input_file id="fl-ef">
         <path>D:\APPS\CCS\ccs\tools\compiler\ti-cgt-armllvm_4.0.3.LTS\lib\armv6m-ti-none-eabi\</path>
         <kind>archive</kind>
         <file>libclang_rt.builtins.a</file>
         <name>fixunsdfsi.S.obj</name>
      </input_file>
      <input_file id="fl-f0">
         <path>D:\APPS\CCS\ccs\tools\compiler\ti-cgt-armllvm_4.0.3.LTS\lib\armv6m-ti-none-eabi\</path>
         <kind>archive</kind>
         <file>libclang_rt.builtins.a</file>
         <name>fixunssfsi.S.obj</name>
      </input_file>
      <input_file id="fl-f1">
         <path>D:\APPS\CCS\ccs\tools\compiler\ti-cgt-armllvm_4.0.3.LTS\lib\armv6m-ti-none-eabi\</path>
         <kind>archive</kind>
         <file>libclang_rt.builtins.a</file>
         <name>floatsidf.S.obj</name>
      </input_file>
      <input_file id="fl-f2">
         <path>D:\APPS\CCS\ccs\tools\compiler\ti-cgt-armllvm_4.0.3.LTS\lib\armv6m-ti-none-eabi\</path>
         <kind>archive</kind>
         <file>libclang_rt.builtins.a</file>
         <name>floatsisf.S.obj</name>
      </input_file>
      <input_file id="fl-f3">
         <path>D:\APPS\CCS\ccs\tools\compiler\ti-cgt-armllvm_4.0.3.LTS\lib\armv6m-ti-none-eabi\</path>
         <kind>archive</kind>
         <file>libclang_rt.builtins.a</file>
         <name>floatunsidf.S.obj</name>
      </input_file>
      <input_file id="fl-f4">
         <path>D:\APPS\CCS\ccs\tools\compiler\ti-cgt-armllvm_4.0.3.LTS\lib\armv6m-ti-none-eabi\</path>
         <kind>archive</kind>
         <file>libclang_rt.builtins.a</file>
         <name>floatunsisf.S.obj</name>
      </input_file>
      <input_file id="fl-f5">
         <path>D:\APPS\CCS\ccs\tools\compiler\ti-cgt-armllvm_4.0.3.LTS\lib\armv6m-ti-none-eabi\</path>
         <kind>archive</kind>
         <file>libclang_rt.builtins.a</file>
         <name>muldi3.S.obj</name>
      </input_file>
      <input_file id="fl-f6">
         <path>D:\APPS\CCS\ccs\tools\compiler\ti-cgt-armllvm_4.0.3.LTS\lib\armv6m-ti-none-eabi\</path>
         <kind>archive</kind>
         <file>libclang_rt.builtins.a</file>
         <name>truncdfsf2.S.obj</name>
      </input_file>
      <input_file id="fl-f7">
         <path>D:\APPS\CCS\ccs\tools\compiler\ti-cgt-armllvm_4.0.3.LTS\lib\armv6m-ti-none-eabi\</path>
         <kind>archive</kind>
         <file>libclang_rt.builtins.a</file>
         <name>clzsi2.c.obj</name>
      </input_file>
      <input_file id="fl-f8">
         <path>D:\APPS\CCS\ccs\tools\compiler\ti-cgt-armllvm_4.0.3.LTS\lib\armv6m-ti-none-eabi\</path>
         <kind>archive</kind>
         <file>libclang_rt.builtins.a</file>
         <name>aeabi_fcmp.S.obj</name>
      </input_file>
      <input_file id="fl-f9">
         <path>D:\APPS\CCS\ccs\tools\compiler\ti-cgt-armllvm_4.0.3.LTS\lib\armv6m-ti-none-eabi\</path>
         <kind>archive</kind>
         <file>libclang_rt.builtins.a</file>
         <name>aeabi_idivmod.S.obj</name>
      </input_file>
      <input_file id="fl-fa">
         <path>D:\APPS\CCS\ccs\tools\compiler\ti-cgt-armllvm_4.0.3.LTS\lib\armv6m-ti-none-eabi\</path>
         <kind>archive</kind>
         <file>libclang_rt.builtins.a</file>
         <name>aeabi_memcpy.S.obj</name>
      </input_file>
      <input_file id="fl-fb">
         <path>D:\APPS\CCS\ccs\tools\compiler\ti-cgt-armllvm_4.0.3.LTS\lib\armv6m-ti-none-eabi\</path>
         <kind>archive</kind>
         <file>libclang_rt.builtins.a</file>
         <name>aeabi_memset.S.obj</name>
      </input_file>
      <input_file id="fl-fc">
         <path>D:\APPS\CCS\ccs\tools\compiler\ti-cgt-armllvm_4.0.3.LTS\lib\armv6m-ti-none-eabi\</path>
         <kind>archive</kind>
         <file>libclang_rt.builtins.a</file>
         <name>aeabi_uidivmod.S.obj</name>
      </input_file>
      <input_file id="fl-fd">
         <path>D:\APPS\CCS\ccs\tools\compiler\ti-cgt-armllvm_4.0.3.LTS\lib\armv6m-ti-none-eabi\</path>
         <kind>archive</kind>
         <file>libclang_rt.builtins.a</file>
         <name>aeabi_uldivmod.S.obj</name>
      </input_file>
      <input_file id="fl-fe">
         <path>D:\APPS\CCS\ccs\tools\compiler\ti-cgt-armllvm_4.0.3.LTS\lib\armv6m-ti-none-eabi\</path>
         <kind>archive</kind>
         <file>libclang_rt.builtins.a</file>
         <name>comparesf2.S.obj</name>
      </input_file>
      <input_file id="fl-ff">
         <path>D:\APPS\CCS\ccs\tools\compiler\ti-cgt-armllvm_4.0.3.LTS\lib\armv6m-ti-none-eabi\</path>
         <kind>archive</kind>
         <file>libclang_rt.builtins.a</file>
         <name>udivmoddi4.S.obj</name>
      </input_file>
      <input_file id="fl-100">
         <path>D:\APPS\CCS\ccs\tools\compiler\ti-cgt-armllvm_4.0.3.LTS\lib\armv6m-ti-none-eabi\</path>
         <kind>archive</kind>
         <file>libclang_rt.builtins.a</file>
         <name>ashldi3.S.obj</name>
      </input_file>
      <input_file id="fl-101">
         <path>D:\APPS\CCS\ccs\tools\compiler\ti-cgt-armllvm_4.0.3.LTS\lib\armv6m-ti-none-eabi\</path>
         <kind>archive</kind>
         <file>libclang_rt.builtins.a</file>
         <name>aeabi_div0.c.obj</name>
      </input_file>
      <input_file id="fl-102">
         <path>D:\APPS\CCS\ccs\tools\compiler\ti-cgt-armllvm_4.0.3.LTS\lib\armv6m-ti-none-eabi\c\</path>
         <kind>archive</kind>
         <file>libc.a</file>
         <name>memcpy16.S.obj</name>
      </input_file>
      <input_file id="fl-103">
         <path>D:\APPS\CCS\ccs\tools\compiler\ti-cgt-armllvm_4.0.3.LTS\lib\armv6m-ti-none-eabi\c\</path>
         <kind>archive</kind>
         <file>libc.a</file>
         <name>memset16.S.obj</name>
      </input_file>
   </input_file_list>
   <object_component_list>
      <object_component id="oc-1a">
         <name>.intvecs</name>
         <load_address>0x0</load_address>
         <readonly>true</readonly>
         <run_address>0x0</run_address>
         <size>0xc0</size>
         <alignment>0x4</alignment>
         <input_file_ref idref="fl-3"/>
      </object_component>
      <object_component id="oc-1e9">
         <name>.text.arm_radix4_butterfly_inverse_q15</name>
         <load_address>0xc0</load_address>
         <readonly>true</readonly>
         <executable>true</executable>
         <run_address>0xc0</run_address>
         <size>0x4f4</size>
         <alignment>0x4</alignment>
         <input_file_ref idref="fl-42"/>
      </object_component>
      <object_component id="oc-1f6">
         <name>.text.arm_radix4_butterfly_q15</name>
         <load_address>0x5b4</load_address>
         <readonly>true</readonly>
         <executable>true</executable>
         <run_address>0x5b4</run_address>
         <size>0x4ec</size>
         <alignment>0x4</alignment>
         <input_file_ref idref="fl-42"/>
      </object_component>
      <object_component id="oc-1e8">
         <name>.text.arm_cfft_radix4by2_inverse_q15</name>
         <load_address>0xaa0</load_address>
         <readonly>true</readonly>
         <executable>true</executable>
         <run_address>0xaa0</run_address>
         <size>0x340</size>
         <alignment>0x2</alignment>
         <input_file_ref idref="fl-41"/>
      </object_component>
      <object_component id="oc-1ef">
         <name>.text.arm_cfft_radix4by2_q15</name>
         <load_address>0xde0</load_address>
         <readonly>true</readonly>
         <executable>true</executable>
         <run_address>0xde0</run_address>
         <size>0x340</size>
         <alignment>0x2</alignment>
         <input_file_ref idref="fl-41"/>
      </object_component>
      <object_component id="oc-f6">
         <name>.text.adddf3_subdf3</name>
         <load_address>0x1120</load_address>
         <readonly>true</readonly>
         <executable>true</executable>
         <run_address>0x1120</run_address>
         <size>0x192</size>
         <alignment>0x4</alignment>
         <input_file_ref idref="fl-e7"/>
      </object_component>
      <object_component id="oc-16a">
         <name>.text.__aeabi_idiv0</name>
         <load_address>0x12b2</load_address>
         <readonly>true</readonly>
         <executable>true</executable>
         <run_address>0x12b2</run_address>
         <size>0x2</size>
         <alignment>0x2</alignment>
         <input_file_ref idref="fl-101"/>
      </object_component>
      <object_component id="oc-1b3">
         <name>.text.Txcfr</name>
         <load_address>0x12b4</load_address>
         <readonly>true</readonly>
         <executable>true</executable>
         <run_address>0x12b4</run_address>
         <size>0x180</size>
         <alignment>0x4</alignment>
         <input_file_ref idref="fl-6"/>
      </object_component>
      <object_component id="oc-1fd">
         <name>.text.arm_sqrt_q31</name>
         <load_address>0x1434</load_address>
         <readonly>true</readonly>
         <executable>true</executable>
         <run_address>0x1434</run_address>
         <size>0x15c</size>
         <alignment>0x4</alignment>
         <input_file_ref idref="fl-3f"/>
      </object_component>
      <object_component id="oc-9a">
         <name>.text.RealTime_Frequency_Sync</name>
         <load_address>0x1590</load_address>
         <readonly>true</readonly>
         <executable>true</executable>
         <run_address>0x1590</run_address>
         <size>0x148</size>
         <alignment>0x4</alignment>
         <input_file_ref idref="fl-1"/>
      </object_component>
      <object_component id="oc-186">
         <name>.text.arm_cmplx_mag_q31</name>
         <load_address>0x16d8</load_address>
         <readonly>true</readonly>
         <executable>true</executable>
         <run_address>0x16d8</run_address>
         <size>0x142</size>
         <alignment>0x2</alignment>
         <input_file_ref idref="fl-3d"/>
      </object_component>
      <object_component id="oc-73">
         <name>.text.main</name>
         <load_address>0x181c</load_address>
         <readonly>true</readonly>
         <executable>true</executable>
         <run_address>0x181c</run_address>
         <size>0x12c</size>
         <alignment>0x4</alignment>
         <input_file_ref idref="fl-1"/>
      </object_component>
      <object_component id="oc-95">
         <name>.text.CFFT_ProcessADCData</name>
         <load_address>0x1948</load_address>
         <readonly>true</readonly>
         <executable>true</executable>
         <run_address>0x1948</run_address>
         <size>0x110</size>
         <alignment>0x4</alignment>
         <input_file_ref idref="fl-4"/>
      </object_component>
      <object_component id="oc-194">
         <name>.text.__divdf3</name>
         <load_address>0x1a58</load_address>
         <readonly>true</readonly>
         <executable>true</executable>
         <run_address>0x1a58</run_address>
         <size>0x10c</size>
         <alignment>0x4</alignment>
         <input_file_ref idref="fl-ec"/>
      </object_component>
      <object_component id="oc-132">
         <name>.text.DL_Timer_initFourCCPWMMode</name>
         <load_address>0x1b64</load_address>
         <readonly>true</readonly>
         <executable>true</executable>
         <run_address>0x1b64</run_address>
         <size>0x104</size>
         <alignment>0x4</alignment>
         <input_file_ref idref="fl-19"/>
      </object_component>
      <object_component id="oc-dc">
         <name>.text.calculate_period_in_samples</name>
         <load_address>0x1c68</load_address>
         <readonly>true</readonly>
         <executable>true</executable>
         <run_address>0x1c68</run_address>
         <size>0xfc</size>
         <alignment>0x4</alignment>
         <input_file_ref idref="fl-1"/>
      </object_component>
      <object_component id="oc-13b">
         <name>.text.DL_Timer_initTimerMode</name>
         <load_address>0x1d64</load_address>
         <readonly>true</readonly>
         <executable>true</executable>
         <run_address>0x1d64</run_address>
         <size>0xe8</size>
         <alignment>0x4</alignment>
         <input_file_ref idref="fl-19"/>
      </object_component>
      <object_component id="oc-1aa">
         <name>.text.__muldf3</name>
         <load_address>0x1e4c</load_address>
         <readonly>true</readonly>
         <executable>true</executable>
         <run_address>0x1e4c</run_address>
         <size>0xe4</size>
         <alignment>0x4</alignment>
         <input_file_ref idref="fl-e8"/>
      </object_component>
      <object_component id="oc-180">
         <name>.text.arm_cfft_q15</name>
         <load_address>0x1f30</load_address>
         <readonly>true</readonly>
         <executable>true</executable>
         <run_address>0x1f30</run_address>
         <size>0xe4</size>
         <alignment>0x4</alignment>
         <input_file_ref idref="fl-41"/>
      </object_component>
      <object_component id="oc-e5">
         <name>.text</name>
         <load_address>0x2014</load_address>
         <readonly>true</readonly>
         <executable>true</executable>
         <run_address>0x2014</run_address>
         <size>0xd8</size>
         <alignment>0x4</alignment>
         <input_file_ref idref="fl-e6"/>
      </object_component>
      <object_component id="oc-d5">
         <name>.text.CFFT_Compute</name>
         <load_address>0x20ec</load_address>
         <readonly>true</readonly>
         <executable>true</executable>
         <run_address>0x20ec</run_address>
         <size>0xc8</size>
         <alignment>0x4</alignment>
         <input_file_ref idref="fl-4"/>
      </object_component>
      <object_component id="oc-c2">
         <name>.text.SYSCFG_DL_GPIO_init</name>
         <load_address>0x21b4</load_address>
         <readonly>true</readonly>
         <executable>true</executable>
         <run_address>0x21b4</run_address>
         <size>0xc8</size>
         <alignment>0x4</alignment>
         <input_file_ref idref="fl-2"/>
      </object_component>
      <object_component id="oc-c1">
         <name>.text.SYSCFG_DL_initPower</name>
         <load_address>0x227c</load_address>
         <readonly>true</readonly>
         <executable>true</executable>
         <run_address>0x227c</run_address>
         <size>0xb0</size>
         <alignment>0x4</alignment>
         <input_file_ref idref="fl-2"/>
      </object_component>
      <object_component id="oc-1b2">
         <name>.text.Txfrc</name>
         <load_address>0x232c</load_address>
         <readonly>true</readonly>
         <executable>true</executable>
         <run_address>0x232c</run_address>
         <size>0xb0</size>
         <alignment>0x4</alignment>
         <input_file_ref idref="fl-6"/>
      </object_component>
      <object_component id="oc-178">
         <name>.text.arm_cos_f32</name>
         <load_address>0x23dc</load_address>
         <readonly>true</readonly>
         <executable>true</executable>
         <run_address>0x23dc</run_address>
         <size>0xb0</size>
         <alignment>0x4</alignment>
         <input_file_ref idref="fl-3e"/>
      </object_component>
      <object_component id="oc-c8">
         <name>.text.SYSCFG_DL_ADC12_1_init</name>
         <load_address>0x248c</load_address>
         <readonly>true</readonly>
         <executable>true</executable>
         <run_address>0x248c</run_address>
         <size>0x94</size>
         <alignment>0x4</alignment>
         <input_file_ref idref="fl-2"/>
      </object_component>
      <object_component id="oc-db">
         <name>.text.Find_DC_OffSet_x</name>
         <load_address>0x2520</load_address>
         <readonly>true</readonly>
         <executable>true</executable>
         <run_address>0x2520</run_address>
         <size>0x8c</size>
         <alignment>0x4</alignment>
         <input_file_ref idref="fl-1"/>
      </object_component>
      <object_component id="oc-da">
         <name>.text.Find_DC_OffSet_y</name>
         <load_address>0x25ac</load_address>
         <readonly>true</readonly>
         <executable>true</executable>
         <run_address>0x25ac</run_address>
         <size>0x8c</size>
         <alignment>0x4</alignment>
         <input_file_ref idref="fl-1"/>
      </object_component>
      <object_component id="oc-174">
         <name>.text.__mulsf3</name>
         <load_address>0x2638</load_address>
         <readonly>true</readonly>
         <executable>true</executable>
         <run_address>0x2638</run_address>
         <size>0x8c</size>
         <alignment>0x4</alignment>
         <input_file_ref idref="fl-ea"/>
      </object_component>
      <object_component id="oc-162">
         <name>.text.DL_DAC12_init</name>
         <load_address>0x26c4</load_address>
         <readonly>true</readonly>
         <executable>true</executable>
         <run_address>0x26c4</run_address>
         <size>0x88</size>
         <alignment>0x4</alignment>
         <input_file_ref idref="fl-17"/>
      </object_component>
      <object_component id="oc-c7">
         <name>.text.SYSCFG_DL_ADC12_0_init</name>
         <load_address>0x274c</load_address>
         <readonly>true</readonly>
         <executable>true</executable>
         <run_address>0x274c</run_address>
         <size>0x88</size>
         <alignment>0x4</alignment>
         <input_file_ref idref="fl-2"/>
      </object_component>
      <object_component id="oc-214">
         <name>.text.txd_8bit</name>
         <load_address>0x27d4</load_address>
         <readonly>true</readonly>
         <executable>true</executable>
         <run_address>0x27d4</run_address>
         <size>0x88</size>
         <alignment>0x4</alignment>
         <input_file_ref idref="fl-6"/>
      </object_component>
      <object_component id="oc-e1">
         <name>.text.__divsf3</name>
         <load_address>0x285c</load_address>
         <readonly>true</readonly>
         <executable>true</executable>
         <run_address>0x285c</run_address>
         <size>0x82</size>
         <alignment>0x4</alignment>
         <input_file_ref idref="fl-eb"/>
      </object_component>
      <object_component id="oc-1e">
         <name>.text:decompress:lzss</name>
         <load_address>0x28e0</load_address>
         <readonly>true</readonly>
         <executable>true</executable>
         <run_address>0x28e0</run_address>
         <size>0x7c</size>
         <alignment>0x4</alignment>
         <input_file_ref idref="fl-38"/>
      </object_component>
      <object_component id="oc-d4">
         <name>.text.CFFT_InitHammingWindow</name>
         <load_address>0x295c</load_address>
         <readonly>true</readonly>
         <executable>true</executable>
         <run_address>0x295c</run_address>
         <size>0x78</size>
         <alignment>0x4</alignment>
         <input_file_ref idref="fl-4"/>
      </object_component>
      <object_component id="oc-c9">
         <name>.text.SYSCFG_DL_DMA_init</name>
         <load_address>0x29d4</load_address>
         <readonly>true</readonly>
         <executable>true</executable>
         <run_address>0x29d4</run_address>
         <size>0xc</size>
         <alignment>0x2</alignment>
         <input_file_ref idref="fl-2"/>
      </object_component>
      <object_component id="oc-fa">
         <name>.text.__truncdfsf2</name>
         <load_address>0x29e0</load_address>
         <readonly>true</readonly>
         <executable>true</executable>
         <run_address>0x29e0</run_address>
         <size>0x74</size>
         <alignment>0x10</alignment>
         <input_file_ref idref="fl-f6"/>
      </object_component>
      <object_component id="oc-ed">
         <name>.text.Freq_convert</name>
         <load_address>0x2a54</load_address>
         <readonly>true</readonly>
         <executable>true</executable>
         <run_address>0x2a54</run_address>
         <size>0x6c</size>
         <alignment>0x4</alignment>
         <input_file_ref idref="fl-6"/>
      </object_component>
      <object_component id="oc-c4">
         <name>.text.SYSCFG_DL_PWM_0_init</name>
         <load_address>0x2ac0</load_address>
         <readonly>true</readonly>
         <executable>true</executable>
         <run_address>0x2ac0</run_address>
         <size>0x68</size>
         <alignment>0x4</alignment>
         <input_file_ref idref="fl-2"/>
      </object_component>
      <object_component id="oc-dd">
         <name>.text.__aeabi_fcmp</name>
         <load_address>0x2b28</load_address>
         <readonly>true</readonly>
         <executable>true</executable>
         <run_address>0x2b28</run_address>
         <size>0x62</size>
         <alignment>0x4</alignment>
         <input_file_ref idref="fl-f8"/>
      </object_component>
      <object_component id="oc-c5">
         <name>.text.SYSCFG_DL_TIMER_0_init</name>
         <load_address>0x2b8c</load_address>
         <readonly>true</readonly>
         <executable>true</executable>
         <run_address>0x2b8c</run_address>
         <size>0x58</size>
         <alignment>0x4</alignment>
         <input_file_ref idref="fl-2"/>
      </object_component>
      <object_component id="oc-225">
         <name>.text.__clzsi2</name>
         <load_address>0x2be4</load_address>
         <readonly>true</readonly>
         <executable>true</executable>
         <run_address>0x2be4</run_address>
         <size>0x58</size>
         <alignment>0x2</alignment>
         <input_file_ref idref="fl-f7"/>
      </object_component>
      <object_component id="oc-153">
         <name>.text.DL_ADC12_initSingleSample</name>
         <load_address>0x2c3c</load_address>
         <readonly>true</readonly>
         <executable>true</executable>
         <run_address>0x2c3c</run_address>
         <size>0x4c</size>
         <alignment>0x4</alignment>
         <input_file_ref idref="fl-2"/>
      </object_component>
      <object_component id="oc-1d1">
         <name>.text.DL_DMA_initChannel</name>
         <load_address>0x2c88</load_address>
         <readonly>true</readonly>
         <executable>true</executable>
         <run_address>0x2c88</run_address>
         <size>0x4c</size>
         <alignment>0x4</alignment>
         <input_file_ref idref="fl-18"/>
      </object_component>
      <object_component id="oc-148">
         <name>.text.DL_UART_setBaudRateDivisor</name>
         <load_address>0x2cd4</load_address>
         <readonly>true</readonly>
         <executable>true</executable>
         <run_address>0x2cd4</run_address>
         <size>0x4c</size>
         <alignment>0x4</alignment>
         <input_file_ref idref="fl-2"/>
      </object_component>
      <object_component id="oc-154">
         <name>.text.DL_ADC12_configConversionMem</name>
         <load_address>0x2d20</load_address>
         <readonly>true</readonly>
         <executable>true</executable>
         <run_address>0x2d20</run_address>
         <size>0x4a</size>
         <alignment>0x2</alignment>
         <input_file_ref idref="fl-2"/>
      </object_component>
      <object_component id="oc-146">
         <name>.text.DL_UART_init</name>
         <load_address>0x2d6c</load_address>
         <readonly>true</readonly>
         <executable>true</executable>
         <run_address>0x2d6c</run_address>
         <size>0x48</size>
         <alignment>0x4</alignment>
         <input_file_ref idref="fl-1a"/>
      </object_component>
      <object_component id="oc-c6">
         <name>.text.SYSCFG_DL_UART_0_init</name>
         <load_address>0x2db4</load_address>
         <readonly>true</readonly>
         <executable>true</executable>
         <run_address>0x2db4</run_address>
         <size>0x48</size>
         <alignment>0x4</alignment>
         <input_file_ref idref="fl-2"/>
      </object_component>
      <object_component id="oc-18a">
         <name>.text.arm_max_q15</name>
         <load_address>0x2dfc</load_address>
         <readonly>true</readonly>
         <executable>true</executable>
         <run_address>0x2dfc</run_address>
         <size>0x46</size>
         <alignment>0x2</alignment>
         <input_file_ref idref="fl-40"/>
      </object_component>
      <object_component id="oc-1ae">
         <name>.text.__fixunsdfsi</name>
         <load_address>0x2e44</load_address>
         <readonly>true</readonly>
         <executable>true</executable>
         <run_address>0x2e44</run_address>
         <size>0x42</size>
         <alignment>0x4</alignment>
         <input_file_ref idref="fl-ef"/>
      </object_component>
      <object_component id="oc-1f0">
         <name>.text.arm_bitreversal_16</name>
         <load_address>0x2e86</load_address>
         <readonly>true</readonly>
         <executable>true</executable>
         <run_address>0x2e86</run_address>
         <size>0x42</size>
         <alignment>0x2</alignment>
         <input_file_ref idref="fl-45"/>
      </object_component>
      <object_component id="oc-14d">
         <name>.text.DL_ADC12_setClockConfig</name>
         <load_address>0x2ec8</load_address>
         <readonly>true</readonly>
         <executable>true</executable>
         <run_address>0x2ec8</run_address>
         <size>0x40</size>
         <alignment>0x4</alignment>
         <input_file_ref idref="fl-15"/>
      </object_component>
      <object_component id="oc-ce">
         <name>.text.__aeabi_uidivmod</name>
         <load_address>0x2f08</load_address>
         <readonly>true</readonly>
         <executable>true</executable>
         <run_address>0x2f08</run_address>
         <size>0x40</size>
         <alignment>0x4</alignment>
         <input_file_ref idref="fl-fc"/>
      </object_component>
      <object_component id="oc-f2">
         <name>.text.__extendsfdf2</name>
         <load_address>0x2f48</load_address>
         <readonly>true</readonly>
         <executable>true</executable>
         <run_address>0x2f48</run_address>
         <size>0x40</size>
         <alignment>0x4</alignment>
         <input_file_ref idref="fl-ed"/>
      </object_component>
      <object_component id="oc-133">
         <name>.text.DL_Timer_setCounterControl</name>
         <load_address>0x2f88</load_address>
         <readonly>true</readonly>
         <executable>true</executable>
         <run_address>0x2f88</run_address>
         <size>0x3c</size>
         <alignment>0x4</alignment>
         <input_file_ref idref="fl-2"/>
      </object_component>
      <object_component id="oc-170">
         <name>.text.__floatsisf</name>
         <load_address>0x2fc4</load_address>
         <readonly>true</readonly>
         <executable>true</executable>
         <run_address>0x2fc4</run_address>
         <size>0x3c</size>
         <alignment>0x4</alignment>
         <input_file_ref idref="fl-f2"/>
      </object_component>
      <object_component id="oc-1a1">
         <name>.text.__gtsf2</name>
         <load_address>0x3000</load_address>
         <readonly>true</readonly>
         <executable>true</executable>
         <run_address>0x3000</run_address>
         <size>0x3c</size>
         <alignment>0x4</alignment>
         <input_file_ref idref="fl-fe"/>
      </object_component>
      <object_component id="oc-a8">
         <name>.text:__TI_auto_init_nobinit_nopinit</name>
         <load_address>0x303c</load_address>
         <readonly>true</readonly>
         <executable>true</executable>
         <run_address>0x303c</run_address>
         <size>0x3c</size>
         <alignment>0x4</alignment>
         <input_file_ref idref="fl-33"/>
      </object_component>
      <object_component id="oc-19c">
         <name>.text.__eqsf2</name>
         <load_address>0x3078</load_address>
         <readonly>true</readonly>
         <executable>true</executable>
         <run_address>0x3078</run_address>
         <size>0x3a</size>
         <alignment>0x4</alignment>
         <input_file_ref idref="fl-fe"/>
      </object_component>
      <object_component id="oc-1dd">
         <name>.text.__muldsi3</name>
         <load_address>0x30b4</load_address>
         <readonly>true</readonly>
         <executable>true</executable>
         <run_address>0x30b4</run_address>
         <size>0x3a</size>
         <alignment>0x4</alignment>
         <input_file_ref idref="fl-e9"/>
      </object_component>
      <object_component id="oc-8d">
         <name>.text.DAC_Set</name>
         <load_address>0x30f0</load_address>
         <readonly>true</readonly>
         <executable>true</executable>
         <run_address>0x30f0</run_address>
         <size>0x38</size>
         <alignment>0x4</alignment>
         <input_file_ref idref="fl-1"/>
      </object_component>
      <object_component id="oc-13d">
         <name>.text.DL_Timer_setPublisherChanID</name>
         <load_address>0x3128</load_address>
         <readonly>true</readonly>
         <executable>true</executable>
         <run_address>0x3128</run_address>
         <size>0x38</size>
         <alignment>0x4</alignment>
         <input_file_ref idref="fl-2"/>
      </object_component>
      <object_component id="oc-88">
         <name>.text.SYSCFG_DL_init</name>
         <load_address>0x3160</load_address>
         <readonly>true</readonly>
         <executable>true</executable>
         <run_address>0x3160</run_address>
         <size>0x38</size>
         <alignment>0x4</alignment>
         <input_file_ref idref="fl-2"/>
      </object_component>
      <object_component id="oc-17c">
         <name>.text.__fixsfsi</name>
         <load_address>0x3198</load_address>
         <readonly>true</readonly>
         <executable>true</executable>
         <run_address>0x3198</run_address>
         <size>0x38</size>
         <alignment>0x4</alignment>
         <input_file_ref idref="fl-ee"/>
      </object_component>
      <object_component id="oc-c3">
         <name>.text.SYSCFG_DL_SYSCTL_init</name>
         <load_address>0x31d0</load_address>
         <readonly>true</readonly>
         <executable>true</executable>
         <run_address>0x31d0</run_address>
         <size>0x34</size>
         <alignment>0x2</alignment>
         <input_file_ref idref="fl-2"/>
      </object_component>
      <object_component id="oc-e9">
         <name>.text.__fixunssfsi</name>
         <load_address>0x3204</load_address>
         <readonly>true</readonly>
         <executable>true</executable>
         <run_address>0x3204</run_address>
         <size>0x32</size>
         <alignment>0x4</alignment>
         <input_file_ref idref="fl-f0"/>
      </object_component>
      <object_component id="oc-93">
         <name>.text.DL_DMA_setTransferSize</name>
         <load_address>0x3238</load_address>
         <readonly>true</readonly>
         <executable>true</executable>
         <run_address>0x3238</run_address>
         <size>0x30</size>
         <alignment>0x4</alignment>
         <input_file_ref idref="fl-1"/>
      </object_component>
      <object_component id="oc-1d0">
         <name>.text.DL_DMA_setTransferSize</name>
         <load_address>0x3268</load_address>
         <readonly>true</readonly>
         <executable>true</executable>
         <run_address>0x3268</run_address>
         <size>0x30</size>
         <alignment>0x4</alignment>
         <input_file_ref idref="fl-2"/>
      </object_component>
      <object_component id="oc-157">
         <name>.text.DL_ADC12_setDMASamplesCnt</name>
         <load_address>0x3298</load_address>
         <readonly>true</readonly>
         <executable>true</executable>
         <run_address>0x3298</run_address>
         <size>0x2c</size>
         <alignment>0x4</alignment>
         <input_file_ref idref="fl-2"/>
      </object_component>
      <object_component id="oc-161">
         <name>.text.SYSCFG_DL_DMA_CH1_init</name>
         <load_address>0x32c4</load_address>
         <readonly>true</readonly>
         <executable>true</executable>
         <run_address>0x32c4</run_address>
         <size>0x2c</size>
         <alignment>0x4</alignment>
         <input_file_ref idref="fl-2"/>
      </object_component>
      <object_component id="oc-91">
         <name>.text.__NVIC_ClearPendingIRQ</name>
         <load_address>0x32f0</load_address>
         <readonly>true</readonly>
         <executable>true</executable>
         <run_address>0x32f0</run_address>
         <size>0x2c</size>
         <alignment>0x4</alignment>
         <input_file_ref idref="fl-1"/>
      </object_component>
      <object_component id="oc-8f">
         <name>.text.__NVIC_EnableIRQ</name>
         <load_address>0x331c</load_address>
         <readonly>true</readonly>
         <executable>true</executable>
         <run_address>0x331c</run_address>
         <size>0x2c</size>
         <alignment>0x4</alignment>
         <input_file_ref idref="fl-1"/>
      </object_component>
      <object_component id="oc-190">
         <name>.text.__floatsidf</name>
         <load_address>0x3348</load_address>
         <readonly>true</readonly>
         <executable>true</executable>
         <run_address>0x3348</run_address>
         <size>0x2c</size>
         <alignment>0x4</alignment>
         <input_file_ref idref="fl-f1"/>
      </object_component>
      <object_component id="oc-1c9">
         <name>.text.DL_Common_updateReg</name>
         <load_address>0x3374</load_address>
         <readonly>true</readonly>
         <executable>true</executable>
         <run_address>0x3374</run_address>
         <size>0x28</size>
         <alignment>0x2</alignment>
         <input_file_ref idref="fl-2"/>
      </object_component>
      <object_component id="oc-92">
         <name>.text.DL_DMA_setDestAddr</name>
         <load_address>0x339c</load_address>
         <readonly>true</readonly>
         <executable>true</executable>
         <run_address>0x339c</run_address>
         <size>0x28</size>
         <alignment>0x4</alignment>
         <input_file_ref idref="fl-1"/>
      </object_component>
      <object_component id="oc-8e">
         <name>.text.DL_DMA_setSrcAddr</name>
         <load_address>0x33c4</load_address>
         <readonly>true</readonly>
         <executable>true</executable>
         <run_address>0x33c4</run_address>
         <size>0x28</size>
         <alignment>0x4</alignment>
         <input_file_ref idref="fl-1"/>
      </object_component>
      <object_component id="oc-13c">
         <name>.text.DL_Timer_enableEvent</name>
         <load_address>0x33ec</load_address>
         <readonly>true</readonly>
         <executable>true</executable>
         <run_address>0x33ec</run_address>
         <size>0x28</size>
         <alignment>0x4</alignment>
         <input_file_ref idref="fl-2"/>
      </object_component>
      <object_component id="oc-160">
         <name>.text.SYSCFG_DL_DMA_CH0_init</name>
         <load_address>0x3414</load_address>
         <readonly>true</readonly>
         <executable>true</executable>
         <run_address>0x3414</run_address>
         <size>0x28</size>
         <alignment>0x4</alignment>
         <input_file_ref idref="fl-2"/>
      </object_component>
      <object_component id="oc-198">
         <name>.text.__floatunsisf</name>
         <load_address>0x343c</load_address>
         <readonly>true</readonly>
         <executable>true</executable>
         <run_address>0x343c</run_address>
         <size>0x28</size>
         <alignment>0x4</alignment>
         <input_file_ref idref="fl-f4"/>
      </object_component>
      <object_component id="oc-58">
         <name>.text:_c_int00_noargs</name>
         <load_address>0x3464</load_address>
         <readonly>true</readonly>
         <executable>true</executable>
         <run_address>0x3464</run_address>
         <size>0x28</size>
         <alignment>0x4</alignment>
         <input_file_ref idref="fl-31"/>
      </object_component>
      <object_component id="oc-94">
         <name>.text.DL_DMA_enableChannel</name>
         <load_address>0x348c</load_address>
         <readonly>true</readonly>
         <executable>true</executable>
         <run_address>0x348c</run_address>
         <size>0x26</size>
         <alignment>0x2</alignment>
         <input_file_ref idref="fl-1"/>
      </object_component>
      <object_component id="oc-3b">
         <name>.text.ADC1_IRQHandler</name>
         <load_address>0x34b4</load_address>
         <readonly>true</readonly>
         <executable>true</executable>
         <run_address>0x34b4</run_address>
         <size>0x24</size>
         <alignment>0x4</alignment>
         <input_file_ref idref="fl-1"/>
      </object_component>
      <object_component id="oc-3c">
         <name>.text.UART1_IRQHandler</name>
         <load_address>0x34d8</load_address>
         <readonly>true</readonly>
         <executable>true</executable>
         <run_address>0x34d8</run_address>
         <size>0x24</size>
         <alignment>0x4</alignment>
         <input_file_ref idref="fl-1"/>
      </object_component>
      <object_component id="oc-1a6">
         <name>.text.__floatunsidf</name>
         <load_address>0x34fc</load_address>
         <readonly>true</readonly>
         <executable>true</executable>
         <run_address>0x34fc</run_address>
         <size>0x24</size>
         <alignment>0x4</alignment>
         <input_file_ref idref="fl-f3"/>
      </object_component>
      <object_component id="oc-1f9">
         <name>.text.__muldi3</name>
         <load_address>0x3520</load_address>
         <readonly>true</readonly>
         <executable>true</executable>
         <run_address>0x3520</run_address>
         <size>0x24</size>
         <alignment>0x4</alignment>
         <input_file_ref idref="fl-f5"/>
      </object_component>
      <object_component id="oc-36">
         <name>.text.ADC0_IRQHandler</name>
         <load_address>0x3544</load_address>
         <readonly>true</readonly>
         <executable>true</executable>
         <run_address>0x3544</run_address>
         <size>0x20</size>
         <alignment>0x4</alignment>
         <input_file_ref idref="fl-1"/>
      </object_component>
      <object_component id="oc-121">
         <name>.text.DL_GPIO_initPeripheralInputFunction</name>
         <load_address>0x3564</load_address>
         <readonly>true</readonly>
         <executable>true</executable>
         <run_address>0x3564</run_address>
         <size>0x20</size>
         <alignment>0x4</alignment>
         <input_file_ref idref="fl-2"/>
      </object_component>
      <object_component id="oc-12a">
         <name>.text.DL_SYSCTL_setMFPCLKSource</name>
         <load_address>0x3584</load_address>
         <readonly>true</readonly>
         <executable>true</executable>
         <run_address>0x3584</run_address>
         <size>0x20</size>
         <alignment>0x4</alignment>
         <input_file_ref idref="fl-2"/>
      </object_component>
      <object_component id="oc-ca">
         <name>.text.SYSCFG_DL_DAC12_init</name>
         <load_address>0x35a4</load_address>
         <readonly>true</readonly>
         <executable>true</executable>
         <run_address>0x35a4</run_address>
         <size>0x20</size>
         <alignment>0x4</alignment>
         <input_file_ref idref="fl-2"/>
      </object_component>
      <object_component id="oc-15e">
         <name>.text.DL_ADC12_setPowerDownMode</name>
         <load_address>0x35c4</load_address>
         <readonly>true</readonly>
         <executable>true</executable>
         <run_address>0x35c4</run_address>
         <size>0x1e</size>
         <alignment>0x2</alignment>
         <input_file_ref idref="fl-2"/>
      </object_component>
      <object_component id="oc-147">
         <name>.text.DL_UART_setOversampling</name>
         <load_address>0x35e2</load_address>
         <readonly>true</readonly>
         <executable>true</executable>
         <run_address>0x35e2</run_address>
         <size>0x1e</size>
         <alignment>0x2</alignment>
         <input_file_ref idref="fl-2"/>
      </object_component>
      <object_component id="oc-15a">
         <name>.text.DL_ADC12_clearInterruptStatus</name>
         <load_address>0x3600</load_address>
         <readonly>true</readonly>
         <executable>true</executable>
         <run_address>0x3600</run_address>
         <size>0x1c</size>
         <alignment>0x4</alignment>
         <input_file_ref idref="fl-2"/>
      </object_component>
      <object_component id="oc-156">
         <name>.text.DL_ADC12_enableDMA</name>
         <load_address>0x361c</load_address>
         <readonly>true</readonly>
         <executable>true</executable>
         <run_address>0x361c</run_address>
         <size>0x1c</size>
         <alignment>0x4</alignment>
         <input_file_ref idref="fl-2"/>
      </object_component>
      <object_component id="oc-158">
         <name>.text.DL_ADC12_enableDMATrigger</name>
         <load_address>0x3638</load_address>
         <readonly>true</readonly>
         <executable>true</executable>
         <run_address>0x3638</run_address>
         <size>0x1c</size>
         <alignment>0x4</alignment>
         <input_file_ref idref="fl-2"/>
      </object_component>
      <object_component id="oc-15b">
         <name>.text.DL_ADC12_enableInterrupt</name>
         <load_address>0x3654</load_address>
         <readonly>true</readonly>
         <executable>true</executable>
         <run_address>0x3654</run_address>
         <size>0x1c</size>
         <alignment>0x4</alignment>
         <input_file_ref idref="fl-2"/>
      </object_component>
      <object_component id="oc-d2">
         <name>.text.DL_DAC12_output12</name>
         <load_address>0x3670</load_address>
         <readonly>true</readonly>
         <executable>true</executable>
         <run_address>0x3670</run_address>
         <size>0x1c</size>
         <alignment>0x4</alignment>
         <input_file_ref idref="fl-1"/>
      </object_component>
      <object_component id="oc-11f">
         <name>.text.DL_GPIO_initPeripheralOutputFunction</name>
         <load_address>0x368c</load_address>
         <readonly>true</readonly>
         <executable>true</executable>
         <run_address>0x368c</run_address>
         <size>0x1c</size>
         <alignment>0x4</alignment>
         <input_file_ref idref="fl-2"/>
      </object_component>
      <object_component id="oc-129">
         <name>.text.DL_SYSCTL_setMCLKDivider</name>
         <load_address>0x36a8</load_address>
         <readonly>true</readonly>
         <executable>true</executable>
         <run_address>0x36a8</run_address>
         <size>0x1c</size>
         <alignment>0x4</alignment>
         <input_file_ref idref="fl-2"/>
      </object_component>
      <object_component id="oc-125">
         <name>.text.DL_SYSCTL_setSYSOSCFreq</name>
         <load_address>0x36c4</load_address>
         <readonly>true</readonly>
         <executable>true</executable>
         <run_address>0x36c4</run_address>
         <size>0x1c</size>
         <alignment>0x4</alignment>
         <input_file_ref idref="fl-2"/>
      </object_component>
      <object_component id="oc-128">
         <name>.text.DL_SYSCTL_setULPCLKDivider</name>
         <load_address>0x36e0</load_address>
         <readonly>true</readonly>
         <executable>true</executable>
         <run_address>0x36e0</run_address>
         <size>0x1c</size>
         <alignment>0x4</alignment>
         <input_file_ref idref="fl-2"/>
      </object_component>
      <object_component id="oc-135">
         <name>.text.DL_Timer_setCaptCompUpdateMethod</name>
         <load_address>0x36fc</load_address>
         <readonly>true</readonly>
         <executable>true</executable>
         <run_address>0x36fc</run_address>
         <size>0x1c</size>
         <alignment>0x4</alignment>
         <input_file_ref idref="fl-19"/>
      </object_component>
      <object_component id="oc-12c">
         <name>.text.DL_Timer_setClockConfig</name>
         <load_address>0x3718</load_address>
         <readonly>true</readonly>
         <executable>true</executable>
         <run_address>0x3718</run_address>
         <size>0x1c</size>
         <alignment>0x4</alignment>
         <input_file_ref idref="fl-19"/>
      </object_component>
      <object_component id="oc-149">
         <name>.text.DL_UART_enableInterrupt</name>
         <load_address>0x3734</load_address>
         <readonly>true</readonly>
         <executable>true</executable>
         <run_address>0x3734</run_address>
         <size>0x1c</size>
         <alignment>0x4</alignment>
         <input_file_ref idref="fl-2"/>
      </object_component>
      <object_component id="oc-159">
         <name>.text.DL_ADC12_setSubscriberChanID</name>
         <load_address>0x3750</load_address>
         <readonly>true</readonly>
         <executable>true</executable>
         <run_address>0x3750</run_address>
         <size>0x1a</size>
         <alignment>0x2</alignment>
         <input_file_ref idref="fl-2"/>
      </object_component>
      <object_component id="oc-216">
         <name>.text.__delay_cycles</name>
         <load_address>0x376a</load_address>
         <readonly>true</readonly>
         <executable>true</executable>
         <run_address>0x376a</run_address>
         <size>0x1a</size>
         <alignment>0x2</alignment>
         <input_file_ref idref="fl-6"/>
      </object_component>
      <object_component id="oc-119">
         <name>.text.DL_ADC12_enablePower</name>
         <load_address>0x3784</load_address>
         <readonly>true</readonly>
         <executable>true</executable>
         <run_address>0x3784</run_address>
         <size>0x18</size>
         <alignment>0x4</alignment>
         <input_file_ref idref="fl-2"/>
      </object_component>
      <object_component id="oc-114">
         <name>.text.DL_ADC12_reset</name>
         <load_address>0x379c</load_address>
         <readonly>true</readonly>
         <executable>true</executable>
         <run_address>0x379c</run_address>
         <size>0x18</size>
         <alignment>0x4</alignment>
         <input_file_ref idref="fl-2"/>
      </object_component>
      <object_component id="oc-155">
         <name>.text.DL_ADC12_setSampleTime0</name>
         <load_address>0x37b4</load_address>
         <readonly>true</readonly>
         <executable>true</executable>
         <run_address>0x37b4</run_address>
         <size>0x18</size>
         <alignment>0x4</alignment>
         <input_file_ref idref="fl-2"/>
      </object_component>
      <object_component id="oc-11a">
         <name>.text.DL_DAC12_enablePower</name>
         <load_address>0x37cc</load_address>
         <readonly>true</readonly>
         <executable>true</executable>
         <run_address>0x37cc</run_address>
         <size>0x18</size>
         <alignment>0x4</alignment>
         <input_file_ref idref="fl-2"/>
      </object_component>
      <object_component id="oc-115">
         <name>.text.DL_DAC12_reset</name>
         <load_address>0x37e4</load_address>
         <readonly>true</readonly>
         <executable>true</executable>
         <run_address>0x37e4</run_address>
         <size>0x18</size>
         <alignment>0x4</alignment>
         <input_file_ref idref="fl-2"/>
      </object_component>
      <object_component id="oc-120">
         <name>.text.DL_GPIO_enableOutput</name>
         <load_address>0x37fc</load_address>
         <readonly>true</readonly>
         <executable>true</executable>
         <run_address>0x37fc</run_address>
         <size>0x18</size>
         <alignment>0x4</alignment>
         <input_file_ref idref="fl-2"/>
      </object_component>
      <object_component id="oc-116">
         <name>.text.DL_GPIO_enablePower</name>
         <load_address>0x3814</load_address>
         <readonly>true</readonly>
         <executable>true</executable>
         <run_address>0x3814</run_address>
         <size>0x18</size>
         <alignment>0x4</alignment>
         <input_file_ref idref="fl-2"/>
      </object_component>
      <object_component id="oc-122">
         <name>.text.DL_GPIO_initDigitalOutput</name>
         <load_address>0x382c</load_address>
         <readonly>true</readonly>
         <executable>true</executable>
         <run_address>0x382c</run_address>
         <size>0x18</size>
         <alignment>0x4</alignment>
         <input_file_ref idref="fl-2"/>
      </object_component>
      <object_component id="oc-111">
         <name>.text.DL_GPIO_reset</name>
         <load_address>0x3844</load_address>
         <readonly>true</readonly>
         <executable>true</executable>
         <run_address>0x3844</run_address>
         <size>0x18</size>
         <alignment>0x4</alignment>
         <input_file_ref idref="fl-2"/>
      </object_component>
      <object_component id="oc-215">
         <name>.text.DL_GPIO_setPins</name>
         <load_address>0x385c</load_address>
         <readonly>true</readonly>
         <executable>true</executable>
         <run_address>0x385c</run_address>
         <size>0x18</size>
         <alignment>0x4</alignment>
         <input_file_ref idref="fl-6"/>
      </object_component>
      <object_component id="oc-124">
         <name>.text.DL_SYSCTL_setBORThreshold</name>
         <load_address>0x3874</load_address>
         <readonly>true</readonly>
         <executable>true</executable>
         <run_address>0x3874</run_address>
         <size>0x18</size>
         <alignment>0x4</alignment>
         <input_file_ref idref="fl-2"/>
      </object_component>
      <object_component id="oc-117">
         <name>.text.DL_Timer_enablePower</name>
         <load_address>0x388c</load_address>
         <readonly>true</readonly>
         <executable>true</executable>
         <run_address>0x388c</run_address>
         <size>0x18</size>
         <alignment>0x4</alignment>
         <input_file_ref idref="fl-2"/>
      </object_component>
      <object_component id="oc-112">
         <name>.text.DL_Timer_reset</name>
         <load_address>0x38a4</load_address>
         <readonly>true</readonly>
         <executable>true</executable>
         <run_address>0x38a4</run_address>
         <size>0x18</size>
         <alignment>0x4</alignment>
         <input_file_ref idref="fl-2"/>
      </object_component>
      <object_component id="oc-134">
         <name>.text.DL_Timer_setCaptureCompareOutCtl</name>
         <load_address>0x38bc</load_address>
         <readonly>true</readonly>
         <executable>true</executable>
         <run_address>0x38bc</run_address>
         <size>0x18</size>
         <alignment>0x4</alignment>
         <input_file_ref idref="fl-19"/>
      </object_component>
      <object_component id="oc-90">
         <name>.text.DL_Timer_startCounter</name>
         <load_address>0x38d4</load_address>
         <readonly>true</readonly>
         <executable>true</executable>
         <run_address>0x38d4</run_address>
         <size>0x18</size>
         <alignment>0x4</alignment>
         <input_file_ref idref="fl-1"/>
      </object_component>
      <object_component id="oc-118">
         <name>.text.DL_UART_enablePower</name>
         <load_address>0x38ec</load_address>
         <readonly>true</readonly>
         <executable>true</executable>
         <run_address>0x38ec</run_address>
         <size>0x18</size>
         <alignment>0x4</alignment>
         <input_file_ref idref="fl-2"/>
      </object_component>
      <object_component id="oc-113">
         <name>.text.DL_UART_reset</name>
         <load_address>0x3904</load_address>
         <readonly>true</readonly>
         <executable>true</executable>
         <run_address>0x3904</run_address>
         <size>0x18</size>
         <alignment>0x4</alignment>
         <input_file_ref idref="fl-2"/>
      </object_component>
      <object_component id="oc-15c">
         <name>.text.DL_ADC12_enableConversions</name>
         <load_address>0x391c</load_address>
         <readonly>true</readonly>
         <executable>true</executable>
         <run_address>0x391c</run_address>
         <size>0x16</size>
         <alignment>0x2</alignment>
         <input_file_ref idref="fl-2"/>
      </object_component>
      <object_component id="oc-d3">
         <name>.text.DL_DAC12_enable</name>
         <load_address>0x3932</load_address>
         <readonly>true</readonly>
         <executable>true</executable>
         <run_address>0x3932</run_address>
         <size>0x16</size>
         <alignment>0x2</alignment>
         <input_file_ref idref="fl-1"/>
      </object_component>
      <object_component id="oc-168">
         <name>.text.DL_DAC12_enable</name>
         <load_address>0x3948</load_address>
         <readonly>true</readonly>
         <executable>true</executable>
         <run_address>0x3948</run_address>
         <size>0x16</size>
         <alignment>0x2</alignment>
         <input_file_ref idref="fl-2"/>
      </object_component>
      <object_component id="oc-14a">
         <name>.text.DL_UART_enable</name>
         <load_address>0x395e</load_address>
         <readonly>true</readonly>
         <executable>true</executable>
         <run_address>0x395e</run_address>
         <size>0x16</size>
         <alignment>0x2</alignment>
         <input_file_ref idref="fl-2"/>
      </object_component>
      <object_component id="oc-213">
         <name>.text.DL_GPIO_clearPins</name>
         <load_address>0x3974</load_address>
         <readonly>true</readonly>
         <executable>true</executable>
         <run_address>0x3974</run_address>
         <size>0x14</size>
         <alignment>0x2</alignment>
         <input_file_ref idref="fl-6"/>
      </object_component>
      <object_component id="oc-123">
         <name>.text.DL_GPIO_clearPins</name>
         <load_address>0x3988</load_address>
         <readonly>true</readonly>
         <executable>true</executable>
         <run_address>0x3988</run_address>
         <size>0x14</size>
         <alignment>0x2</alignment>
         <input_file_ref idref="fl-2"/>
      </object_component>
      <object_component id="oc-127">
         <name>.text.DL_SYSCTL_disableSYSPLL</name>
         <load_address>0x399c</load_address>
         <readonly>true</readonly>
         <executable>true</executable>
         <run_address>0x399c</run_address>
         <size>0x14</size>
         <alignment>0x4</alignment>
         <input_file_ref idref="fl-2"/>
      </object_component>
      <object_component id="oc-137">
         <name>.text.DL_Timer_enableClock</name>
         <load_address>0x39b0</load_address>
         <readonly>true</readonly>
         <executable>true</executable>
         <run_address>0x39b0</run_address>
         <size>0x14</size>
         <alignment>0x4</alignment>
         <input_file_ref idref="fl-2"/>
      </object_component>
      <object_component id="oc-138">
         <name>.text.DL_Timer_setCCPDirection</name>
         <load_address>0x39c4</load_address>
         <readonly>true</readonly>
         <executable>true</executable>
         <run_address>0x39c4</run_address>
         <size>0x14</size>
         <alignment>0x2</alignment>
         <input_file_ref idref="fl-2"/>
      </object_component>
      <object_component id="oc-5f">
         <name>.text.DL_ADC12_getPendingInterrupt</name>
         <load_address>0x39d8</load_address>
         <readonly>true</readonly>
         <executable>true</executable>
         <run_address>0x39d8</run_address>
         <size>0x12</size>
         <alignment>0x2</alignment>
         <input_file_ref idref="fl-1"/>
      </object_component>
      <object_component id="oc-64">
         <name>.text.DL_UART_getPendingInterrupt</name>
         <load_address>0x39ea</load_address>
         <readonly>true</readonly>
         <executable>true</executable>
         <run_address>0x39ea</run_address>
         <size>0x12</size>
         <alignment>0x2</alignment>
         <input_file_ref idref="fl-1"/>
      </object_component>
      <object_component id="oc-140">
         <name>.text.DL_UART_setClockConfig</name>
         <load_address>0x39fc</load_address>
         <readonly>true</readonly>
         <executable>true</executable>
         <run_address>0x39fc</run_address>
         <size>0x12</size>
         <alignment>0x2</alignment>
         <input_file_ref idref="fl-1a"/>
      </object_component>
      <object_component id="oc-7e">
         <name>.text:TI_memcpy_small</name>
         <load_address>0x3a0e</load_address>
         <readonly>true</readonly>
         <executable>true</executable>
         <run_address>0x3a0e</run_address>
         <size>0x12</size>
         <alignment>0x1</alignment>
         <input_file_ref idref="fl-102"/>
      </object_component>
      <object_component id="oc-22">
         <name>.text:decompress:none</name>
         <load_address>0x3a20</load_address>
         <readonly>true</readonly>
         <executable>true</executable>
         <run_address>0x3a20</run_address>
         <size>0x12</size>
         <alignment>0x2</alignment>
         <input_file_ref idref="fl-37"/>
      </object_component>
      <object_component id="oc-126">
         <name>.text.DL_SYSCTL_disableHFXT</name>
         <load_address>0x3a34</load_address>
         <readonly>true</readonly>
         <executable>true</executable>
         <run_address>0x3a34</run_address>
         <size>0x10</size>
         <alignment>0x4</alignment>
         <input_file_ref idref="fl-2"/>
      </object_component>
      <object_component id="oc-12b">
         <name>.text.DL_SYSCTL_enableMFPCLK</name>
         <load_address>0x3a44</load_address>
         <readonly>true</readonly>
         <executable>true</executable>
         <run_address>0x3a44</run_address>
         <size>0x10</size>
         <alignment>0x4</alignment>
         <input_file_ref idref="fl-2"/>
      </object_component>
      <object_component id="oc-136">
         <name>.text.DL_Timer_setCaptureCompareValue</name>
         <load_address>0x3a54</load_address>
         <readonly>true</readonly>
         <executable>true</executable>
         <run_address>0x3a54</run_address>
         <size>0x10</size>
         <alignment>0x4</alignment>
         <input_file_ref idref="fl-19"/>
      </object_component>
      <object_component id="oc-55">
         <name>.text:decompress:ZI</name>
         <load_address>0x3a64</load_address>
         <readonly>true</readonly>
         <executable>true</executable>
         <run_address>0x3a64</run_address>
         <size>0x10</size>
         <alignment>0x2</alignment>
         <input_file_ref idref="fl-36"/>
      </object_component>
      <object_component id="oc-bb">
         <name>.text:TI_memset_small</name>
         <load_address>0x3a74</load_address>
         <readonly>true</readonly>
         <executable>true</executable>
         <run_address>0x3a74</run_address>
         <size>0xe</size>
         <alignment>0x1</alignment>
         <input_file_ref idref="fl-103"/>
      </object_component>
      <object_component id="oc-6a">
         <name>.text.__aeabi_memclr</name>
         <load_address>0x3a84</load_address>
         <readonly>true</readonly>
         <executable>true</executable>
         <run_address>0x3a84</run_address>
         <size>0xc</size>
         <alignment>0x4</alignment>
         <input_file_ref idref="fl-fb"/>
      </object_component>
      <object_component id="oc-11b">
         <name>.text.DL_Common_delayCycles</name>
         <load_address>0x3a90</load_address>
         <readonly>true</readonly>
         <executable>true</executable>
         <run_address>0x3a90</run_address>
         <size>0xa</size>
         <alignment>0x2</alignment>
         <input_file_ref idref="fl-16"/>
      </object_component>
      <object_component id="oc-48">
         <name>.text.__aeabi_memcpy</name>
         <load_address>0x3a9c</load_address>
         <readonly>true</readonly>
         <executable>true</executable>
         <run_address>0x3a9c</run_address>
         <size>0x8</size>
         <alignment>0x4</alignment>
         <input_file_ref idref="fl-fa"/>
      </object_component>
      <object_component id="oc-a1">
         <name>.text:abort</name>
         <load_address>0x3aa4</load_address>
         <readonly>true</readonly>
         <executable>true</executable>
         <run_address>0x3aa4</run_address>
         <size>0x6</size>
         <alignment>0x2</alignment>
         <input_file_ref idref="fl-39"/>
      </object_component>
      <object_component id="oc-35">
         <name>.text.Default_Handler</name>
         <load_address>0x3aaa</load_address>
         <readonly>true</readonly>
         <executable>true</executable>
         <run_address>0x3aaa</run_address>
         <size>0x4</size>
         <alignment>0x2</alignment>
         <input_file_ref idref="fl-3"/>
      </object_component>
      <object_component id="oc-100">
         <name>.text.HOSTexit</name>
         <load_address>0x3aae</load_address>
         <readonly>true</readonly>
         <executable>true</executable>
         <run_address>0x3aae</run_address>
         <size>0x4</size>
         <alignment>0x2</alignment>
         <input_file_ref idref="fl-e5"/>
      </object_component>
      <object_component id="oc-31">
         <name>.text.Reset_Handler</name>
         <load_address>0x3ab2</load_address>
         <readonly>true</readonly>
         <executable>true</executable>
         <run_address>0x3ab2</run_address>
         <size>0x4</size>
         <alignment>0x2</alignment>
         <input_file_ref idref="fl-3"/>
      </object_component>
      <object_component id="oc-6f">
         <name>.text._system_pre_init</name>
         <load_address>0x3ab6</load_address>
         <readonly>true</readonly>
         <executable>true</executable>
         <run_address>0x3ab6</run_address>
         <size>0x4</size>
         <alignment>0x2</alignment>
         <input_file_ref idref="fl-34"/>
      </object_component>
      <object_component id="oc-272">
         <name>.cinit..data.load</name>
         <load_address>0x6ae8</load_address>
         <readonly>true</readonly>
         <run_address>0x6ae8</run_address>
         <size>0x17</size>
         <alignment>0x1</alignment>
      </object_component>
      <object_component id="oc-270">
         <name>__TI_handler_table</name>
         <load_address>0x6b00</load_address>
         <readonly>true</readonly>
         <run_address>0x6b00</run_address>
         <size>0xc</size>
         <alignment>0x4</alignment>
      </object_component>
      <object_component id="oc-273">
         <name>.cinit..bss.load</name>
         <load_address>0x6b0c</load_address>
         <readonly>true</readonly>
         <run_address>0x6b0c</run_address>
         <size>0x8</size>
         <alignment>0x4</alignment>
      </object_component>
      <object_component id="oc-271">
         <name>__TI_cinit_table</name>
         <load_address>0x6b14</load_address>
         <readonly>true</readonly>
         <run_address>0x6b14</run_address>
         <size>0x10</size>
         <alignment>0x4</alignment>
      </object_component>
      <object_component id="oc-207">
         <name>.rodata.twiddleCoef_2048_q15</name>
         <load_address>0x3ac0</load_address>
         <readonly>true</readonly>
         <run_address>0x3ac0</run_address>
         <size>0x1800</size>
         <alignment>0x2</alignment>
         <input_file_ref idref="fl-43"/>
      </object_component>
      <object_component id="oc-208">
         <name>.rodata.armBitRevIndexTable_fixed_2048</name>
         <load_address>0x52c0</load_address>
         <readonly>true</readonly>
         <run_address>0x52c0</run_address>
         <size>0xf80</size>
         <alignment>0x2</alignment>
         <input_file_ref idref="fl-43"/>
      </object_component>
      <object_component id="oc-1e2">
         <name>.rodata.sinTable_f32</name>
         <load_address>0x6240</load_address>
         <readonly>true</readonly>
         <run_address>0x6240</run_address>
         <size>0x804</size>
         <alignment>0x4</alignment>
         <input_file_ref idref="fl-43"/>
      </object_component>
      <object_component id="oc-169">
         <name>.rodata.gDAC12Config</name>
         <load_address>0x6a44</load_address>
         <readonly>true</readonly>
         <run_address>0x6a44</run_address>
         <size>0x20</size>
         <alignment>0x4</alignment>
         <input_file_ref idref="fl-2"/>
      </object_component>
      <object_component id="oc-1d5">
         <name>.rodata.gDMA_CH0Config</name>
         <load_address>0x6a64</load_address>
         <readonly>true</readonly>
         <run_address>0x6a64</run_address>
         <size>0x18</size>
         <alignment>0x4</alignment>
         <input_file_ref idref="fl-2"/>
      </object_component>
      <object_component id="oc-1d6">
         <name>.rodata.gDMA_CH1Config</name>
         <load_address>0x6a7c</load_address>
         <readonly>true</readonly>
         <run_address>0x6a7c</run_address>
         <size>0x18</size>
         <alignment>0x4</alignment>
         <input_file_ref idref="fl-2"/>
      </object_component>
      <object_component id="oc-13f">
         <name>.rodata.gTIMER_0TimerConfig</name>
         <load_address>0x6a94</load_address>
         <readonly>true</readonly>
         <run_address>0x6a94</run_address>
         <size>0x14</size>
         <alignment>0x4</alignment>
         <input_file_ref idref="fl-2"/>
      </object_component>
      <object_component id="oc-18e">
         <name>.rodata.arm_cfft_sR_q15_len2048</name>
         <load_address>0x6aa8</load_address>
         <readonly>true</readonly>
         <run_address>0x6aa8</run_address>
         <size>0x10</size>
         <alignment>0x4</alignment>
         <input_file_ref idref="fl-3c"/>
      </object_component>
      <object_component id="oc-14c">
         <name>.rodata.gUART_0Config</name>
         <load_address>0x6ab8</load_address>
         <readonly>true</readonly>
         <run_address>0x6ab8</run_address>
         <size>0xa</size>
         <alignment>0x2</alignment>
         <input_file_ref idref="fl-2"/>
      </object_component>
      <object_component id="oc-14b">
         <name>.rodata.gUART_0ClockConfig</name>
         <load_address>0x6ac2</load_address>
         <readonly>true</readonly>
         <run_address>0x6ac2</run_address>
         <size>0x2</size>
         <alignment>0x1</alignment>
         <input_file_ref idref="fl-2"/>
      </object_component>
      <object_component id="oc-15d">
         <name>.rodata.gADC12_0ClockConfig</name>
         <load_address>0x6ac4</load_address>
         <readonly>true</readonly>
         <run_address>0x6ac4</run_address>
         <size>0x8</size>
         <alignment>0x4</alignment>
         <input_file_ref idref="fl-2"/>
      </object_component>
      <object_component id="oc-15f">
         <name>.rodata.gADC12_1ClockConfig</name>
         <load_address>0x6acc</load_address>
         <readonly>true</readonly>
         <run_address>0x6acc</run_address>
         <size>0x8</size>
         <alignment>0x4</alignment>
         <input_file_ref idref="fl-2"/>
      </object_component>
      <object_component id="oc-13a">
         <name>.rodata.gPWM_0Config</name>
         <load_address>0x6ad4</load_address>
         <readonly>true</readonly>
         <run_address>0x6ad4</run_address>
         <size>0x8</size>
         <alignment>0x4</alignment>
         <input_file_ref idref="fl-2"/>
      </object_component>
      <object_component id="oc-217">
         <name>.rodata.cfr3</name>
         <load_address>0x6adc</load_address>
         <readonly>true</readonly>
[...]
      <symbol id="sm-1b9">
         <name>I2C0_IRQHandler</name>
         <value>0x3aab</value>
         <object_component_ref idref="oc-35"/>
      </symbol>
      <symbol id="sm-1ba">
         <name>I2C1_IRQHandler</name>
         <value>0x3aab</value>
         <object_component_ref idref="oc-35"/>
      </symbol>
      <symbol id="sm-1bb">
         <name>I2C2_IRQHandler</name>
         <value>0x3aab</value>
         <object_component_ref idref="oc-35"/>
      </symbol>
      <symbol id="sm-1bc">
         <name>UART7_IRQHandler</name>
         <value>0x3aab</value>
         <object_component_ref idref="oc-35"/>
      </symbol>
      <symbol id="sm-1bd">
         <name>AESADV_IRQHandler</name>
         <value>0x3aab</value>
         <object_component_ref idref="oc-35"/>
      </symbol>
      <symbol id="sm-1be">
         <name>UART6_IRQHandler</name>
         <value>0x3aab</value>
         <object_component_ref idref="oc-35"/>
      </symbol>
      <symbol id="sm-1bf">
         <name>LFSS_IRQHandler</name>
         <value>0x3aab</value>
         <object_component_ref idref="oc-35"/>
      </symbol>
      <symbol id="sm-1c0">
         <name>DMA_IRQHandler</name>
         <value>0x3aab</value>
         <object_component_ref idref="oc-35"/>
      </symbol>
      <symbol id="sm-1d4">
         <name>CFFT_InitHammingWindow</name>
         <value>0x295d</value>
         <object_component_ref idref="oc-d4"/>
      </symbol>
      <symbol id="sm-1d5">
         <name>CFFT_Compute</name>
         <value>0x20ed</value>
         <object_component_ref idref="oc-d5"/>
      </symbol>
      <symbol id="sm-1d6">
         <name>CFFT_ProcessADCData</name>
         <value>0x1949</value>
         <object_component_ref idref="oc-95"/>
      </symbol>
      <symbol id="sm-1f3">
         <name>__delay_cycles</name>
         <value>0x376b</value>
         <object_component_ref idref="oc-216"/>
      </symbol>
      <symbol id="sm-1f4">
         <name>txd_8bit</name>
         <value>0x27d5</value>
         <object_component_ref idref="oc-214"/>
      </symbol>
      <symbol id="sm-1f5">
         <name>Txcfr</name>
         <value>0x12b5</value>
         <object_component_ref idref="oc-1b3"/>
      </symbol>
      <symbol id="sm-1f6">
         <name>cfr3</name>
         <value>0x6adc</value>
         <object_component_ref idref="oc-217"/>
      </symbol>
      <symbol id="sm-1f7">
         <name>cfr2</name>
         <value>0x202070e0</value>
         <object_component_ref idref="oc-218"/>
      </symbol>
      <symbol id="sm-1f8">
         <name>cfr1</name>
         <value>0x202070dc</value>
         <object_component_ref idref="oc-1b5"/>
      </symbol>
      <symbol id="sm-1f9">
         <name>Txfrc</name>
         <value>0x232d</value>
         <object_component_ref idref="oc-1b2"/>
      </symbol>
      <symbol id="sm-1fa">
         <name>profile11</name>
         <value>0x202070d4</value>
         <object_component_ref idref="oc-1b4"/>
      </symbol>
      <symbol id="sm-1fb">
         <name>Freq_convert</name>
         <value>0x2a55</value>
         <object_component_ref idref="oc-ed"/>
      </symbol>
      <symbol id="sm-1fc">
         <name>__TI_ATRegion0_src_addr</name>
         <value>0x0</value>
      </symbol>
      <symbol id="sm-1fd">
         <name>__TI_ATRegion0_trg_addr</name>
         <value>0x0</value>
      </symbol>
      <symbol id="sm-1fe">
         <name>__TI_ATRegion0_region_sz</name>
         <value>0x0</value>
      </symbol>
      <symbol id="sm-1ff">
         <name>__TI_ATRegion1_src_addr</name>
         <value>0x0</value>
      </symbol>
      <symbol id="sm-200">
         <name>__TI_ATRegion1_trg_addr</name>
         <value>0x0</value>
      </symbol>
      <symbol id="sm-201">
         <name>__TI_ATRegion1_region_sz</name>
         <value>0x0</value>
      </symbol>
      <symbol id="sm-202">
         <name>__TI_ATRegion2_src_addr</name>
         <value>0x0</value>
      </symbol>
      <symbol id="sm-203">
         <name>__TI_ATRegion2_trg_addr</name>
         <value>0x0</value>
      </symbol>
      <symbol id="sm-204">
         <name>__TI_ATRegion2_region_sz</name>
         <value>0x0</value>
      </symbol>
      <symbol id="sm-20f">
         <name>DL_ADC12_setClockConfig</name>
         <value>0x2ec9</value>
         <object_component_ref idref="oc-14d"/>
      </symbol>
      <symbol id="sm-218">
         <name>DL_Common_delayCycles</name>
         <value>0x3a91</value>
         <object_component_ref idref="oc-11b"/>
      </symbol>
      <symbol id="sm-223">
         <name>DL_DAC12_init</name>
         <value>0x26c5</value>
         <object_component_ref idref="oc-162"/>
      </symbol>
      <symbol id="sm-22d">
         <name>DL_DMA_initChannel</name>
         <value>0x2c89</value>
         <object_component_ref idref="oc-1d1"/>
      </symbol>
      <symbol id="sm-249">
         <name>DL_Timer_setClockConfig</name>
         <value>0x3719</value>
         <object_component_ref idref="oc-12c"/>
      </symbol>
      <symbol id="sm-24a">
         <name>DL_Timer_initTimerMode</name>
         <value>0x1d65</value>
         <object_component_ref idref="oc-13b"/>
      </symbol>
      <symbol id="sm-24b">
         <name>DL_Timer_setCaptureCompareValue</name>
         <value>0x3a55</value>
         <object_component_ref idref="oc-136"/>
      </symbol>
      <symbol id="sm-24c">
         <name>DL_Timer_setCaptCompUpdateMethod</name>
         <value>0x36fd</value>
         <object_component_ref idref="oc-135"/>
      </symbol>
      <symbol id="sm-24d">
         <name>DL_Timer_setCaptureCompareOutCtl</name>
         <value>0x38bd</value>
         <object_component_ref idref="oc-134"/>
      </symbol>
      <symbol id="sm-24e">
         <name>DL_Timer_initFourCCPWMMode</name>
         <value>0x1b65</value>
         <object_component_ref idref="oc-132"/>
      </symbol>
      <symbol id="sm-25b">
         <name>DL_UART_init</name>
         <value>0x2d6d</value>
         <object_component_ref idref="oc-146"/>
      </symbol>
      <symbol id="sm-25c">
         <name>DL_UART_setClockConfig</name>
         <value>0x39fd</value>
         <object_component_ref idref="oc-140"/>
      </symbol>
      <symbol id="sm-267">
         <name>_c_int00_noargs</name>
         <value>0x3465</value>
         <object_component_ref idref="oc-58"/>
      </symbol>
      <symbol id="sm-268">
         <name>__stack</name>
         <value>0x2020ff00</value>
         <object_component_ref idref="oc-1c"/>
      </symbol>
      <symbol id="sm-274">
         <name>__TI_auto_init_nobinit_nopinit</name>
         <value>0x303d</value>
         <object_component_ref idref="oc-a8"/>
      </symbol>
      <symbol id="sm-27c">
         <name>_system_pre_init</name>
         <value>0x3ab7</value>
         <object_component_ref idref="oc-6f"/>
      </symbol>
      <symbol id="sm-287">
         <name>__TI_zero_init</name>
         <value>0x3a65</value>
         <object_component_ref idref="oc-55"/>
      </symbol>
      <symbol id="sm-290">
         <name>__TI_decompress_none</name>
         <value>0x3a21</value>
         <object_component_ref idref="oc-22"/>
      </symbol>
      <symbol id="sm-29b">
         <name>__TI_decompress_lzss</name>
         <value>0x28e1</value>
         <object_component_ref idref="oc-1e"/>
      </symbol>
      <symbol id="sm-2a5">
         <name>abort</name>
         <value>0x3aa5</value>
         <object_component_ref idref="oc-a1"/>
      </symbol>
      <symbol id="sm-2ac">
         <name>arm_cfft_sR_q15_len2048</name>
         <value>0x6aa8</value>
         <object_component_ref idref="oc-18e"/>
      </symbol>
      <symbol id="sm-2b5">
         <name>arm_cmplx_mag_q31</name>
         <value>0x16d9</value>
         <object_component_ref idref="oc-186"/>
      </symbol>
      <symbol id="sm-2bf">
         <name>arm_cos_f32</name>
         <value>0x23dd</value>
         <object_component_ref idref="oc-178"/>
      </symbol>
      <symbol id="sm-2c9">
         <name>arm_sqrt_q31</name>
         <value>0x1435</value>
         <object_component_ref idref="oc-1fd"/>
      </symbol>
      <symbol id="sm-2d2">
         <name>arm_max_q15</name>
         <value>0x2dfd</value>
         <object_component_ref idref="oc-18a"/>
      </symbol>
      <symbol id="sm-2e1">
         <name>arm_cfft_q15</name>
         <value>0x1f31</value>
         <object_component_ref idref="oc-180"/>
      </symbol>
      <symbol id="sm-2e2">
         <name>arm_cfft_radix4by2_inverse_q15</name>
         <value>0xaa1</value>
         <object_component_ref idref="oc-1e8"/>
      </symbol>
      <symbol id="sm-2e3">
         <name>arm_cfft_radix4by2_q15</name>
         <value>0xde1</value>
         <object_component_ref idref="oc-1ef"/>
      </symbol>
      <symbol id="sm-2f1">
         <name>arm_radix4_butterfly_inverse_q15</name>
         <value>0xc1</value>
         <object_component_ref idref="oc-1e9"/>
      </symbol>
      <symbol id="sm-2f2">
         <name>arm_radix4_butterfly_q15</name>
         <value>0x5b5</value>
         <object_component_ref idref="oc-1f6"/>
      </symbol>
      <symbol id="sm-2f7">
         <name>twiddleCoef_2048_q15</name>
         <value>0x3ac0</value>
         <object_component_ref idref="oc-207"/>
      </symbol>
      <symbol id="sm-2f8">
         <name>armBitRevIndexTable_fixed_2048</name>
         <value>0x52c0</value>
         <object_component_ref idref="oc-208"/>
      </symbol>
      <symbol id="sm-2f9">
         <name>sinTable_f32</name>
         <value>0x6240</value>
         <object_component_ref idref="oc-1e2"/>
      </symbol>
      <symbol id="sm-304">
         <name>arm_bitreversal_16</name>
         <value>0x2e87</value>
         <object_component_ref idref="oc-1f0"/>
      </symbol>
      <symbol id="sm-30c">
         <name>HOSTexit</name>
         <value>0x3aaf</value>
         <object_component_ref idref="oc-100"/>
      </symbol>
      <symbol id="sm-30d">
         <name>C$$EXIT</name>
         <value>0x3aae</value>
         <object_component_ref idref="oc-100"/>
      </symbol>
      <symbol id="sm-313">
         <name>__aeabi_fadd</name>
         <value>0x201f</value>
         <object_component_ref idref="oc-e5"/>
      </symbol>
      <symbol id="sm-314">
         <name>__addsf3</name>
         <value>0x201f</value>
         <object_component_ref idref="oc-e5"/>
      </symbol>
      <symbol id="sm-315">
         <name>__aeabi_fsub</name>
         <value>0x2015</value>
         <object_component_ref idref="oc-e5"/>
      </symbol>
      <symbol id="sm-316">
         <name>__subsf3</name>
         <value>0x2015</value>
         <object_component_ref idref="oc-e5"/>
      </symbol>
      <symbol id="sm-31c">
         <name>__aeabi_dadd</name>
         <value>0x112b</value>
         <object_component_ref idref="oc-f6"/>
      </symbol>
      <symbol id="sm-31d">
         <name>__adddf3</name>
         <value>0x112b</value>
         <object_component_ref idref="oc-f6"/>
      </symbol>
      <symbol id="sm-31e">
         <name>__aeabi_dsub</name>
         <value>0x1121</value>
         <object_component_ref idref="oc-f6"/>
      </symbol>
      <symbol id="sm-31f">
         <name>__subdf3</name>
         <value>0x1121</value>
         <object_component_ref idref="oc-f6"/>
      </symbol>
      <symbol id="sm-325">
         <name>__aeabi_dmul</name>
         <value>0x1e4d</value>
         <object_component_ref idref="oc-1aa"/>
      </symbol>
      <symbol id="sm-326">
         <name>__muldf3</name>
         <value>0x1e4d</value>
         <object_component_ref idref="oc-1aa"/>
      </symbol>
      <symbol id="sm-32c">
         <name>__muldsi3</name>
         <value>0x30b5</value>
         <object_component_ref idref="oc-1dd"/>
      </symbol>
      <symbol id="sm-332">
         <name>__aeabi_fmul</name>
         <value>0x2639</value>
         <object_component_ref idref="oc-174"/>
      </symbol>
      <symbol id="sm-333">
         <name>__mulsf3</name>
         <value>0x2639</value>
         <object_component_ref idref="oc-174"/>
      </symbol>
      <symbol id="sm-339">
         <name>__aeabi_fdiv</name>
         <value>0x285d</value>
         <object_component_ref idref="oc-e1"/>
      </symbol>
      <symbol id="sm-33a">
         <name>__divsf3</name>
         <value>0x285d</value>
         <object_component_ref idref="oc-e1"/>
      </symbol>
      <symbol id="sm-340">
         <name>__aeabi_ddiv</name>
         <value>0x1a59</value>
         <object_component_ref idref="oc-194"/>
      </symbol>
      <symbol id="sm-341">
         <name>__divdf3</name>
         <value>0x1a59</value>
         <object_component_ref idref="oc-194"/>
      </symbol>
      <symbol id="sm-347">
         <name>__aeabi_f2d</name>
         <value>0x2f49</value>
         <object_component_ref idref="oc-f2"/>
      </symbol>
      <symbol id="sm-348">
         <name>__extendsfdf2</name>
         <value>0x2f49</value>
         <object_component_ref idref="oc-f2"/>
      </symbol>
      <symbol id="sm-34e">
         <name>__aeabi_f2iz</name>
         <value>0x3199</value>
         <object_component_ref idref="oc-17c"/>
      </symbol>
      <symbol id="sm-34f">
         <name>__fixsfsi</name>
         <value>0x3199</value>
         <object_component_ref idref="oc-17c"/>
      </symbol>
      <symbol id="sm-355">
         <name>__aeabi_d2uiz</name>
         <value>0x2e45</value>
         <object_component_ref idref="oc-1ae"/>
      </symbol>
      <symbol id="sm-356">
         <name>__fixunsdfsi</name>
         <value>0x2e45</value>
         <object_component_ref idref="oc-1ae"/>
      </symbol>
      <symbol id="sm-35c">
         <name>__aeabi_f2uiz</name>
         <value>0x3205</value>
         <object_component_ref idref="oc-e9"/>
      </symbol>
      <symbol id="sm-35d">
         <name>__fixunssfsi</name>
         <value>0x3205</value>
         <object_component_ref idref="oc-e9"/>
      </symbol>
      <symbol id="sm-363">
         <name>__aeabi_i2d</name>
         <value>0x3349</value>
         <object_component_ref idref="oc-190"/>
      </symbol>
      <symbol id="sm-364">
         <name>__floatsidf</name>
         <value>0x3349</value>
         <object_component_ref idref="oc-190"/>
      </symbol>
      <symbol id="sm-36a">
         <name>__aeabi_i2f</name>
         <value>0x2fc5</value>
         <object_component_ref idref="oc-170"/>
      </symbol>
      <symbol id="sm-36b">
         <name>__floatsisf</name>
         <value>0x2fc5</value>
         <object_component_ref idref="oc-170"/>
      </symbol>
      <symbol id="sm-371">
         <name>__aeabi_ui2d</name>
         <value>0x34fd</value>
         <object_component_ref idref="oc-1a6"/>
      </symbol>
      <symbol id="sm-372">
         <name>__floatunsidf</name>
         <value>0x34fd</value>
         <object_component_ref idref="oc-1a6"/>
      </symbol>
      <symbol id="sm-378">
         <name>__aeabi_ui2f</name>
         <value>0x343d</value>
         <object_component_ref idref="oc-198"/>
      </symbol>
      <symbol id="sm-379">
         <name>__floatunsisf</name>
         <value>0x343d</value>
         <object_component_ref idref="oc-198"/>
      </symbol>
      <symbol id="sm-37f">
         <name>__aeabi_lmul</name>
         <value>0x3521</value>
         <object_component_ref idref="oc-1f9"/>
      </symbol>
      <symbol id="sm-380">
         <name>__muldi3</name>
         <value>0x3521</value>
         <object_component_ref idref="oc-1f9"/>
      </symbol>
      <symbol id="sm-387">
         <name>__aeabi_d2f</name>
         <value>0x29e1</value>
         <object_component_ref idref="oc-fa"/>
      </symbol>
      <symbol id="sm-388">
         <name>__truncdfsf2</name>
         <value>0x29e1</value>
         <object_component_ref idref="oc-fa"/>
      </symbol>
      <symbol id="sm-391">
         <name>__clzsi2</name>
         <value>0x2be5</value>
         <object_component_ref idref="oc-225"/>
      </symbol>
      <symbol id="sm-397">
         <name>__aeabi_fcmpeq</name>
         <value>0x2b29</value>
         <object_component_ref idref="oc-dd"/>
      </symbol>
      <symbol id="sm-398">
         <name>__aeabi_fcmplt</name>
         <value>0x2b3d</value>
         <object_component_ref idref="oc-dd"/>
      </symbol>
      <symbol id="sm-399">
         <name>__aeabi_fcmple</name>
         <value>0x2b51</value>
         <object_component_ref idref="oc-dd"/>
      </symbol>
      <symbol id="sm-39a">
         <name>__aeabi_fcmpge</name>
         <value>0x2b65</value>
         <object_component_ref idref="oc-dd"/>
      </symbol>
      <symbol id="sm-39b">
         <name>__aeabi_fcmpgt</name>
         <value>0x2b79</value>
         <object_component_ref idref="oc-dd"/>
      </symbol>
      <symbol id="sm-3a1">
         <name>__aeabi_memcpy</name>
         <value>0x3a9d</value>
         <object_component_ref idref="oc-48"/>
      </symbol>
      <symbol id="sm-3a2">
         <name>__aeabi_memcpy4</name>
         <value>0x3a9d</value>
         <object_component_ref idref="oc-48"/>
      </symbol>
      <symbol id="sm-3a3">
         <name>__aeabi_memcpy8</name>
         <value>0x3a9d</value>
         <object_component_ref idref="oc-48"/>
      </symbol>
      <symbol id="sm-3aa">
         <name>__aeabi_memclr</name>
         <value>0x3a85</value>
         <object_component_ref idref="oc-6a"/>
      </symbol>
      <symbol id="sm-3ab">
         <name>__aeabi_memclr4</name>
         <value>0x3a85</value>
         <object_component_ref idref="oc-6a"/>
      </symbol>
      <symbol id="sm-3ac">
         <name>__aeabi_memclr8</name>
         <value>0x3a85</value>
         <object_component_ref idref="oc-6a"/>
      </symbol>
      <symbol id="sm-3b2">
         <name>__aeabi_uidiv</name>
         <value>0x2f09</value>
         <object_component_ref idref="oc-ce"/>
      </symbol>
      <symbol id="sm-3b3">
         <name>__aeabi_uidivmod</name>
         <value>0x2f09</value>
         <object_component_ref idref="oc-ce"/>
      </symbol>
      <symbol id="sm-3bc">
         <name>__eqsf2</name>
         <value>0x3079</value>
         <object_component_ref idref="oc-19c"/>
      </symbol>
      <symbol id="sm-3bd">
         <name>__lesf2</name>
         <value>0x3079</value>
         <object_component_ref idref="oc-19c"/>
      </symbol>
      <symbol id="sm-3be">
         <name>__ltsf2</name>
         <value>0x3079</value>
         <object_component_ref idref="oc-19c"/>
      </symbol>
      <symbol id="sm-3bf">
         <name>__nesf2</name>
         <value>0x3079</value>
         <object_component_ref idref="oc-19c"/>
      </symbol>
      <symbol id="sm-3c0">
         <name>__cmpsf2</name>
         <value>0x3079</value>
         <object_component_ref idref="oc-19c"/>
      </symbol>
      <symbol id="sm-3c1">
         <name>__gtsf2</name>
         <value>0x3001</value>
         <object_component_ref idref="oc-1a1"/>
      </symbol>
      <symbol id="sm-3c2">
         <name>__gesf2</name>
         <value>0x3001</value>
         <object_component_ref idref="oc-1a1"/>
      </symbol>
      <symbol id="sm-3cc">
         <name>__aeabi_idiv0</name>
         <value>0x12b3</value>
         <object_component_ref idref="oc-16a"/>
      </symbol>
      <symbol id="sm-3d5">
         <name>TI_memcpy_small</name>
         <value>0x3a0f</value>
         <object_component_ref idref="oc-7e"/>
      </symbol>
      <symbol id="sm-3de">
         <name>TI_memset_small</name>
         <value>0x3a75</value>
         <object_component_ref idref="oc-bb"/>
      </symbol>
      <symbol id="sm-3df">
         <name>__TI_static_base__</name>
         <value>0x0</value>
      </symbol>
      <symbol id="sm-3e2">
         <name>__mpu_init</name>
         <value>0x0</value>
      </symbol>
      <symbol id="sm-3e3">
         <name>_system_post_cinit</name>
         <value>0x0</value>
      </symbol>
   </symbol_table>
   <title>Link successful</title>
</link_info>
